SILEX_TENSOR_NEURAL_VERIFY status=pass uploads=0 hidden_downloads=0
SILEX_TENSOR_NEURAL phase=construction family=cnn backend=cpu batch=1 iterations=5 elapsed_ms=1.317 per_iteration_ms=0.26340002 observation=none uploads=0 downloads=0 compute_passes=0
SILEX_TENSOR_NEURAL phase=forward_cold family=cnn backend=cpu batch=1 iterations=1 elapsed_ms=0.29 per_iteration_ms=0.29 observation=none uploads=0 downloads=0 compute_passes=0
SILEX_TENSOR_NEURAL phase=forward_hot family=cnn backend=cpu batch=1 iterations=3 elapsed_ms=0.734 per_iteration_ms=0.24466668 observation=none uploads=0 downloads=0 compute_passes=0
SILEX_TENSOR_NEURAL phase=backward_cold family=cnn backend=cpu batch=1 iterations=1 elapsed_ms=0.948 per_iteration_ms=0.948 observation=none uploads=0 downloads=0 compute_passes=0
SILEX_TENSOR_NEURAL phase=backward_hot family=cnn backend=cpu batch=1 iterations=3 elapsed_ms=2.804 per_iteration_ms=0.93466663 observation=none uploads=0 downloads=0 compute_passes=0
SILEX_TENSOR_NEURAL phase=step_sgd family=cnn backend=cpu batch=1 iterations=3 elapsed_ms=1.281 per_iteration_ms=0.42700002 observation=none uploads=0 downloads=0 compute_passes=0
SILEX_TENSOR_NEURAL phase=step_adam family=cnn backend=cpu batch=1 iterations=3 elapsed_ms=5.579 per_iteration_ms=1.8596667 observation=none uploads=0 downloads=0 compute_passes=0
SILEX_TENSOR_NEURAL phase=loss_read family=cnn backend=cpu batch=1 iterations=1 elapsed_ms=0.004 per_iteration_ms=0.004 observation=every_step uploads=0 downloads=0 compute_passes=0
SILEX_TENSOR_NEURAL phase=step_resident family=cnn backend=cpu batch=1 iterations=3 elapsed_ms=10.339001 per_iteration_ms=3.4463336 observation=spaced uploads=0 downloads=0 compute_passes=0
SILEX_TENSOR_NEURAL phase=forward_cold family=cnn backend=gpu batch=1 iterations=1 elapsed_ms=4.751 per_iteration_ms=4.751 observation=none uploads=0 downloads=0 compute_passes=6
SILEX_TENSOR_NEURAL phase=forward_hot family=cnn backend=gpu batch=1 iterations=3 elapsed_ms=10.990001 per_iteration_ms=3.6633337 observation=none uploads=0 downloads=0 compute_passes=18
SILEX_TENSOR_NEURAL phase=backward_cold family=cnn backend=gpu batch=1 iterations=1 elapsed_ms=20.145 per_iteration_ms=20.145 observation=none uploads=0 downloads=0 compute_passes=32
SILEX_TENSOR_NEURAL phase=backward_hot family=cnn backend=gpu batch=1 iterations=3 elapsed_ms=59.202 per_iteration_ms=19.734 observation=none uploads=0 downloads=0 compute_passes=96
SILEX_TENSOR_NEURAL phase=step_sgd family=cnn backend=gpu batch=1 iterations=3 elapsed_ms=25.994999 per_iteration_ms=8.665 observation=none uploads=0 downloads=0 compute_passes=40
SILEX_TENSOR_NEURAL phase=step_adam family=cnn backend=gpu batch=1 iterations=3 elapsed_ms=105.297 per_iteration_ms=35.099 observation=none uploads=0 downloads=0 compute_passes=192
SILEX_TENSOR_NEURAL phase=loss_read family=cnn backend=gpu batch=1 iterations=1 elapsed_ms=0.206 per_iteration_ms=0.206 observation=every_step uploads=0 downloads=1 compute_passes=0
SILEX_TENSOR_NEURAL phase=step_resident family=cnn backend=gpu batch=1 iterations=3 elapsed_ms=193.185 per_iteration_ms=64.395 observation=spaced uploads=0 downloads=0 compute_passes=333
SILEX_TENSOR_NEURAL phase=step_end_to_end family=cnn backend=gpu batch=1 iterations=1 elapsed_ms=47.005 per_iteration_ms=47.005 observation=every_step uploads=6 downloads=5 compute_passes=55
SILEX_TENSOR_NEURAL phase=construction family=cnn backend=cpu batch=4 iterations=5 elapsed_ms=2.265 per_iteration_ms=0.453 observation=none uploads=0 downloads=0 compute_passes=0
SILEX_TENSOR_NEURAL phase=forward_cold family=cnn backend=cpu batch=4 iterations=1 elapsed_ms=0.847 per_iteration_ms=0.847 observation=none uploads=0 downloads=0 compute_passes=0
SILEX_TENSOR_NEURAL phase=forward_hot family=cnn backend=cpu batch=4 iterations=3 elapsed_ms=2.4099998 per_iteration_ms=0.8033333 observation=none uploads=0 downloads=0 compute_passes=0
SILEX_TENSOR_NEURAL phase=backward_cold family=cnn backend=cpu batch=4 iterations=1 elapsed_ms=2.346 per_iteration_ms=2.346 observation=none uploads=0 downloads=0 compute_passes=0
SILEX_TENSOR_NEURAL phase=backward_hot family=cnn backend=cpu batch=4 iterations=3 elapsed_ms=6.9389997 per_iteration_ms=2.313 observation=none uploads=0 downloads=0 compute_passes=0
SILEX_TENSOR_NEURAL phase=step_sgd family=cnn backend=cpu batch=4 iterations=3 elapsed_ms=2.1850002 per_iteration_ms=0.7283334 observation=none uploads=0 downloads=0 compute_passes=0
SILEX_TENSOR_NEURAL phase=step_adam family=cnn backend=cpu batch=4 iterations=3 elapsed_ms=9.802001 per_iteration_ms=3.2673337 observation=none uploads=0 downloads=0 compute_passes=0
SILEX_TENSOR_NEURAL phase=loss_read family=cnn backend=cpu batch=4 iterations=1 elapsed_ms=0.007 per_iteration_ms=0.007 observation=every_step uploads=0 downloads=0 compute_passes=0
SILEX_TENSOR_NEURAL phase=step_resident family=cnn backend=cpu batch=4 iterations=3 elapsed_ms=21.185999 per_iteration_ms=7.062 observation=spaced uploads=0 downloads=0 compute_passes=0
SILEX_TENSOR_NEURAL phase=forward_cold family=cnn backend=gpu batch=4 iterations=1 elapsed_ms=4.483 per_iteration_ms=4.483 observation=none uploads=0 downloads=0 compute_passes=6
SILEX_TENSOR_NEURAL phase=forward_hot family=cnn backend=gpu batch=4 iterations=3 elapsed_ms=10.405999 per_iteration_ms=3.4686663 observation=none uploads=0 downloads=0 compute_passes=18
SILEX_TENSOR_NEURAL phase=backward_cold family=cnn backend=gpu batch=4 iterations=1 elapsed_ms=20.048 per_iteration_ms=20.048 observation=none uploads=0 downloads=0 compute_passes=32
SILEX_TENSOR_NEURAL phase=backward_hot family=cnn backend=gpu batch=4 iterations=3 elapsed_ms=55.684002 per_iteration_ms=18.561335 observation=none uploads=0 downloads=0 compute_passes=96
SILEX_TENSOR_NEURAL phase=step_sgd family=cnn backend=gpu batch=4 iterations=3 elapsed_ms=26.203999 per_iteration_ms=8.734666 observation=none uploads=0 downloads=0 compute_passes=40
SILEX_TENSOR_NEURAL phase=step_adam family=cnn backend=gpu batch=4 iterations=3 elapsed_ms=121.01601 per_iteration_ms=40.33867 observation=none uploads=0 downloads=0 compute_passes=192
SILEX_TENSOR_NEURAL phase=loss_read family=cnn backend=gpu batch=4 iterations=1 elapsed_ms=0.23900001 per_iteration_ms=0.23900001 observation=every_step uploads=0 downloads=1 compute_passes=0
SILEX_TENSOR_NEURAL phase=step_resident family=cnn backend=gpu batch=4 iterations=3 elapsed_ms=221.981 per_iteration_ms=73.99367 observation=spaced uploads=0 downloads=0 compute_passes=333
SILEX_TENSOR_NEURAL phase=step_end_to_end family=cnn backend=gpu batch=4 iterations=1 elapsed_ms=50.6 per_iteration_ms=50.6 observation=every_step uploads=6 downloads=5 compute_passes=55
SILEX_TENSOR_NEURAL phase=construction family=cnn backend=cpu batch=16 iterations=5 elapsed_ms=3.4429998 per_iteration_ms=0.68859994 observation=none uploads=0 downloads=0 compute_passes=0
SILEX_TENSOR_NEURAL phase=forward_cold family=cnn backend=cpu batch=16 iterations=1 elapsed_ms=2.698 per_iteration_ms=2.698 observation=none uploads=0 downloads=0 compute_passes=0
SILEX_TENSOR_NEURAL phase=forward_hot family=cnn backend=cpu batch=16 iterations=2 elapsed_ms=5.24 per_iteration_ms=2.62 observation=none uploads=0 downloads=0 compute_passes=0
SILEX_TENSOR_NEURAL phase=backward_cold family=cnn backend=cpu batch=16 iterations=1 elapsed_ms=5.74 per_iteration_ms=5.74 observation=none uploads=0 downloads=0 compute_passes=0
SILEX_TENSOR_NEURAL phase=backward_hot family=cnn backend=cpu batch=16 iterations=2 elapsed_ms=11.404 per_iteration_ms=5.702 observation=none uploads=0 downloads=0 compute_passes=0
SILEX_TENSOR_NEURAL phase=step_sgd family=cnn backend=cpu batch=16 iterations=2 elapsed_ms=1.951 per_iteration_ms=0.9755 observation=none uploads=0 downloads=0 compute_passes=0
SILEX_TENSOR_NEURAL phase=step_adam family=cnn backend=cpu batch=16 iterations=2 elapsed_ms=9.428 per_iteration_ms=4.714 observation=none uploads=0 downloads=0 compute_passes=0
SILEX_TENSOR_NEURAL phase=loss_read family=cnn backend=cpu batch=16 iterations=1 elapsed_ms=0.008 per_iteration_ms=0.008 observation=every_step uploads=0 downloads=0 compute_passes=0
SILEX_TENSOR_NEURAL phase=step_resident family=cnn backend=cpu batch=16 iterations=2 elapsed_ms=28.018 per_iteration_ms=14.009 observation=spaced uploads=0 downloads=0 compute_passes=0
SILEX_TENSOR_NEURAL phase=forward_cold family=cnn backend=gpu batch=16 iterations=1 elapsed_ms=6.1809998 per_iteration_ms=6.1809998 observation=none uploads=0 downloads=0 compute_passes=6
SILEX_TENSOR_NEURAL phase=forward_hot family=cnn backend=gpu batch=16 iterations=2 elapsed_ms=8.918 per_iteration_ms=4.459 observation=none uploads=0 downloads=0 compute_passes=12
SILEX_TENSOR_NEURAL phase=backward_cold family=cnn backend=gpu batch=16 iterations=1 elapsed_ms=22.877 per_iteration_ms=22.877 observation=none uploads=0 downloads=0 compute_passes=32
SILEX_TENSOR_NEURAL phase=backward_hot family=cnn backend=gpu batch=16 iterations=2 elapsed_ms=48.890003 per_iteration_ms=24.445002 observation=none uploads=0 downloads=0 compute_passes=64
SILEX_TENSOR_NEURAL phase=step_sgd family=cnn backend=gpu batch=16 iterations=2 elapsed_ms=18.739 per_iteration_ms=9.3695 observation=none uploads=0 downloads=0 compute_passes=24
SILEX_TENSOR_NEURAL phase=step_adam family=cnn backend=gpu batch=16 iterations=2 elapsed_ms=87.850006 per_iteration_ms=43.925003 observation=none uploads=0 downloads=0 compute_passes=128
SILEX_TENSOR_NEURAL phase=loss_read family=cnn backend=gpu batch=16 iterations=1 elapsed_ms=0.264 per_iteration_ms=0.264 observation=every_step uploads=0 downloads=1 compute_passes=0
SILEX_TENSOR_NEURAL phase=step_resident family=cnn backend=gpu batch=16 iterations=2 elapsed_ms=153.246 per_iteration_ms=76.623 observation=spaced uploads=0 downloads=0 compute_passes=222
SILEX_TENSOR_NEURAL phase=step_end_to_end family=cnn backend=gpu batch=16 iterations=1 elapsed_ms=54.805 per_iteration_ms=54.805 observation=every_step uploads=6 downloads=5 compute_passes=55
