SILEX_TENSOR_NEURAL_VERIFY status=pass uploads=0 hidden_downloads=0
SILEX_TENSOR_NEURAL phase=construction family=cnn backend=cpu batch=1 iterations=5 elapsed_ms=1.3709999 per_iteration_ms=0.2742 observation=none uploads=0 downloads=0 compute_passes=0
SILEX_TENSOR_NEURAL phase=forward_cold family=cnn backend=cpu batch=1 iterations=1 elapsed_ms=0.28800002 per_iteration_ms=0.28800002 observation=none uploads=0 downloads=0 compute_passes=0
SILEX_TENSOR_NEURAL phase=forward_hot family=cnn backend=cpu batch=1 iterations=3 elapsed_ms=0.74300003 per_iteration_ms=0.24766667 observation=none uploads=0 downloads=0 compute_passes=0
SILEX_TENSOR_NEURAL phase=backward_cold family=cnn backend=cpu batch=1 iterations=1 elapsed_ms=0.96 per_iteration_ms=0.96 observation=none uploads=0 downloads=0 compute_passes=0
SILEX_TENSOR_NEURAL phase=backward_hot family=cnn backend=cpu batch=1 iterations=3 elapsed_ms=2.8079998 per_iteration_ms=0.93599993 observation=none uploads=0 downloads=0 compute_passes=0
SILEX_TENSOR_NEURAL phase=step_sgd family=cnn backend=cpu batch=1 iterations=3 elapsed_ms=1.261 per_iteration_ms=0.42033336 observation=none uploads=0 downloads=0 compute_passes=0
SILEX_TENSOR_NEURAL phase=step_adam family=cnn backend=cpu batch=1 iterations=3 elapsed_ms=5.829 per_iteration_ms=1.943 observation=none uploads=0 downloads=0 compute_passes=0
SILEX_TENSOR_NEURAL phase=loss_read family=cnn backend=cpu batch=1 iterations=1 elapsed_ms=0.004 per_iteration_ms=0.004 observation=every_step uploads=0 downloads=0 compute_passes=0
SILEX_TENSOR_NEURAL phase=step_resident family=cnn backend=cpu batch=1 iterations=3 elapsed_ms=10.734 per_iteration_ms=3.578 observation=spaced uploads=0 downloads=0 compute_passes=0
SILEX_TENSOR_NEURAL phase=forward_cold family=cnn backend=gpu batch=1 iterations=1 elapsed_ms=5.2609997 per_iteration_ms=5.2609997 observation=none uploads=0 downloads=0 compute_passes=6
SILEX_TENSOR_NEURAL phase=forward_hot family=cnn backend=gpu batch=1 iterations=3 elapsed_ms=11.581 per_iteration_ms=3.8603334 observation=none uploads=0 downloads=0 compute_passes=18
SILEX_TENSOR_NEURAL phase=backward_cold family=cnn backend=gpu batch=1 iterations=1 elapsed_ms=20.081001 per_iteration_ms=20.081001 observation=none uploads=0 downloads=0 compute_passes=32
SILEX_TENSOR_NEURAL phase=backward_hot family=cnn backend=gpu batch=1 iterations=3 elapsed_ms=55.373 per_iteration_ms=18.457666 observation=none uploads=0 downloads=0 compute_passes=96
SILEX_TENSOR_NEURAL phase=step_sgd family=cnn backend=gpu batch=1 iterations=3 elapsed_ms=21.842 per_iteration_ms=7.2806664 observation=none uploads=0 downloads=0 compute_passes=40
SILEX_TENSOR_NEURAL phase=step_adam family=cnn backend=gpu batch=1 iterations=3 elapsed_ms=103.58199 per_iteration_ms=34.527332 observation=none uploads=0 downloads=0 compute_passes=192
SILEX_TENSOR_NEURAL phase=loss_read family=cnn backend=gpu batch=1 iterations=1 elapsed_ms=0.213 per_iteration_ms=0.213 observation=every_step uploads=0 downloads=1 compute_passes=0
SILEX_TENSOR_NEURAL phase=step_resident family=cnn backend=gpu batch=1 iterations=3 elapsed_ms=185.30899 per_iteration_ms=61.769665 observation=spaced uploads=0 downloads=0 compute_passes=333
SILEX_TENSOR_NEURAL phase=step_end_to_end family=cnn backend=gpu batch=1 iterations=1 elapsed_ms=44.566 per_iteration_ms=44.566 observation=every_step uploads=6 downloads=5 compute_passes=55
SILEX_TENSOR_NEURAL phase=construction family=cnn backend=cpu batch=4 iterations=5 elapsed_ms=2.2450001 per_iteration_ms=0.44900003 observation=none uploads=0 downloads=0 compute_passes=0
SILEX_TENSOR_NEURAL phase=forward_cold family=cnn backend=cpu batch=4 iterations=1 elapsed_ms=0.84499997 per_iteration_ms=0.84499997 observation=none uploads=0 downloads=0 compute_passes=0
SILEX_TENSOR_NEURAL phase=forward_hot family=cnn backend=cpu batch=4 iterations=3 elapsed_ms=2.3439999 per_iteration_ms=0.78133327 observation=none uploads=0 downloads=0 compute_passes=0
SILEX_TENSOR_NEURAL phase=backward_cold family=cnn backend=cpu batch=4 iterations=1 elapsed_ms=2.317 per_iteration_ms=2.317 observation=none uploads=0 downloads=0 compute_passes=0
SILEX_TENSOR_NEURAL phase=backward_hot family=cnn backend=cpu batch=4 iterations=3 elapsed_ms=6.7589993 per_iteration_ms=2.2529998 observation=none uploads=0 downloads=0 compute_passes=0
SILEX_TENSOR_NEURAL phase=step_sgd family=cnn backend=cpu batch=4 iterations=3 elapsed_ms=2.076 per_iteration_ms=0.692 observation=none uploads=0 downloads=0 compute_passes=0
SILEX_TENSOR_NEURAL phase=step_adam family=cnn backend=cpu batch=4 iterations=3 elapsed_ms=9.362 per_iteration_ms=3.1206667 observation=none uploads=0 downloads=0 compute_passes=0
SILEX_TENSOR_NEURAL phase=loss_read family=cnn backend=cpu batch=4 iterations=1 elapsed_ms=0.006 per_iteration_ms=0.006 observation=every_step uploads=0 downloads=0 compute_passes=0
SILEX_TENSOR_NEURAL phase=step_resident family=cnn backend=cpu batch=4 iterations=3 elapsed_ms=20.405 per_iteration_ms=6.8016667 observation=spaced uploads=0 downloads=0 compute_passes=0
SILEX_TENSOR_NEURAL phase=forward_cold family=cnn backend=gpu batch=4 iterations=1 elapsed_ms=4.489 per_iteration_ms=4.489 observation=none uploads=0 downloads=0 compute_passes=6
SILEX_TENSOR_NEURAL phase=forward_hot family=cnn backend=gpu batch=4 iterations=3 elapsed_ms=11.524 per_iteration_ms=3.8413334 observation=none uploads=0 downloads=0 compute_passes=18
SILEX_TENSOR_NEURAL phase=backward_cold family=cnn backend=gpu batch=4 iterations=1 elapsed_ms=20.798 per_iteration_ms=20.798 observation=none uploads=0 downloads=0 compute_passes=32
SILEX_TENSOR_NEURAL phase=backward_hot family=cnn backend=gpu batch=4 iterations=3 elapsed_ms=62.289 per_iteration_ms=20.763 observation=none uploads=0 downloads=0 compute_passes=96
SILEX_TENSOR_NEURAL phase=step_sgd family=cnn backend=gpu batch=4 iterations=3 elapsed_ms=23.916 per_iteration_ms=7.972 observation=none uploads=0 downloads=0 compute_passes=40
SILEX_TENSOR_NEURAL phase=step_adam family=cnn backend=gpu batch=4 iterations=3 elapsed_ms=109.246 per_iteration_ms=36.415333 observation=none uploads=0 downloads=0 compute_passes=192
SILEX_TENSOR_NEURAL phase=loss_read family=cnn backend=gpu batch=4 iterations=1 elapsed_ms=0.21100001 per_iteration_ms=0.21100001 observation=every_step uploads=0 downloads=1 compute_passes=0
SILEX_TENSOR_NEURAL phase=step_resident family=cnn backend=gpu batch=4 iterations=3 elapsed_ms=204.569 per_iteration_ms=68.18967 observation=spaced uploads=0 downloads=0 compute_passes=333
SILEX_TENSOR_NEURAL phase=step_end_to_end family=cnn backend=gpu batch=4 iterations=1 elapsed_ms=48.69 per_iteration_ms=48.69 observation=every_step uploads=6 downloads=5 compute_passes=55
SILEX_TENSOR_NEURAL phase=construction family=cnn backend=cpu batch=16 iterations=5 elapsed_ms=3.394 per_iteration_ms=0.6788 observation=none uploads=0 downloads=0 compute_passes=0
SILEX_TENSOR_NEURAL phase=forward_cold family=cnn backend=cpu batch=16 iterations=1 elapsed_ms=2.598 per_iteration_ms=2.598 observation=none uploads=0 downloads=0 compute_passes=0
SILEX_TENSOR_NEURAL phase=forward_hot family=cnn backend=cpu batch=16 iterations=2 elapsed_ms=5.123 per_iteration_ms=2.5615 observation=none uploads=0 downloads=0 compute_passes=0
SILEX_TENSOR_NEURAL phase=backward_cold family=cnn backend=cpu batch=16 iterations=1 elapsed_ms=5.691 per_iteration_ms=5.691 observation=none uploads=0 downloads=0 compute_passes=0
SILEX_TENSOR_NEURAL phase=backward_hot family=cnn backend=cpu batch=16 iterations=2 elapsed_ms=11.257 per_iteration_ms=5.6285 observation=none uploads=0 downloads=0 compute_passes=0
SILEX_TENSOR_NEURAL phase=step_sgd family=cnn backend=cpu batch=16 iterations=2 elapsed_ms=1.889 per_iteration_ms=0.9445 observation=none uploads=0 downloads=0 compute_passes=0
SILEX_TENSOR_NEURAL phase=step_adam family=cnn backend=cpu batch=16 iterations=2 elapsed_ms=9.115001 per_iteration_ms=4.5575004 observation=none uploads=0 downloads=0 compute_passes=0
SILEX_TENSOR_NEURAL phase=loss_read family=cnn backend=cpu batch=16 iterations=1 elapsed_ms=0.01 per_iteration_ms=0.01 observation=every_step uploads=0 downloads=0 compute_passes=0
SILEX_TENSOR_NEURAL phase=step_resident family=cnn backend=cpu batch=16 iterations=2 elapsed_ms=27.111 per_iteration_ms=13.5555 observation=spaced uploads=0 downloads=0 compute_passes=0
SILEX_TENSOR_NEURAL phase=forward_cold family=cnn backend=gpu batch=16 iterations=1 elapsed_ms=5.578 per_iteration_ms=5.578 observation=none uploads=0 downloads=0 compute_passes=6
SILEX_TENSOR_NEURAL phase=forward_hot family=cnn backend=gpu batch=16 iterations=2 elapsed_ms=8.384 per_iteration_ms=4.192 observation=none uploads=0 downloads=0 compute_passes=12
SILEX_TENSOR_NEURAL phase=backward_cold family=cnn backend=gpu batch=16 iterations=1 elapsed_ms=23.117 per_iteration_ms=23.117 observation=none uploads=0 downloads=0 compute_passes=32
SILEX_TENSOR_NEURAL phase=backward_hot family=cnn backend=gpu batch=16 iterations=2 elapsed_ms=46.621002 per_iteration_ms=23.310501 observation=none uploads=0 downloads=0 compute_passes=64
SILEX_TENSOR_NEURAL phase=step_sgd family=cnn backend=gpu batch=16 iterations=2 elapsed_ms=17.632 per_iteration_ms=8.816 observation=none uploads=0 downloads=0 compute_passes=24
SILEX_TENSOR_NEURAL phase=step_adam family=cnn backend=gpu batch=16 iterations=2 elapsed_ms=84.675995 per_iteration_ms=42.337997 observation=none uploads=0 downloads=0 compute_passes=128
SILEX_TENSOR_NEURAL phase=loss_read family=cnn backend=gpu batch=16 iterations=1 elapsed_ms=0.262 per_iteration_ms=0.262 observation=every_step uploads=0 downloads=1 compute_passes=0
SILEX_TENSOR_NEURAL phase=step_resident family=cnn backend=gpu batch=16 iterations=2 elapsed_ms=158.274 per_iteration_ms=79.137 observation=spaced uploads=0 downloads=0 compute_passes=222
SILEX_TENSOR_NEURAL phase=step_end_to_end family=cnn backend=gpu batch=16 iterations=1 elapsed_ms=55.838 per_iteration_ms=55.838 observation=every_step uploads=6 downloads=5 compute_passes=55
