SILEX_TENSOR_NEURAL_VERIFY status=pass uploads=0 hidden_downloads=0
SILEX_TENSOR_NEURAL phase=construction family=cnn backend=cpu batch=1 iterations=5 elapsed_ms=1.311 per_iteration_ms=0.2622 observation=none uploads=0 downloads=0 compute_passes=0
SILEX_TENSOR_NEURAL phase=forward_cold family=cnn backend=cpu batch=1 iterations=1 elapsed_ms=0.28899997 per_iteration_ms=0.28899997 observation=none uploads=0 downloads=0 compute_passes=0
SILEX_TENSOR_NEURAL phase=forward_hot family=cnn backend=cpu batch=1 iterations=3 elapsed_ms=0.74300003 per_iteration_ms=0.24766667 observation=none uploads=0 downloads=0 compute_passes=0
SILEX_TENSOR_NEURAL phase=backward_cold family=cnn backend=cpu batch=1 iterations=1 elapsed_ms=0.957 per_iteration_ms=0.957 observation=none uploads=0 downloads=0 compute_passes=0
SILEX_TENSOR_NEURAL phase=backward_hot family=cnn backend=cpu batch=1 iterations=3 elapsed_ms=2.759 per_iteration_ms=0.9196667 observation=none uploads=0 downloads=0 compute_passes=0
SILEX_TENSOR_NEURAL phase=step_sgd family=cnn backend=cpu batch=1 iterations=3 elapsed_ms=1.342 per_iteration_ms=0.44733334 observation=none uploads=0 downloads=0 compute_passes=0
SILEX_TENSOR_NEURAL phase=step_adam family=cnn backend=cpu batch=1 iterations=3 elapsed_ms=5.698 per_iteration_ms=1.8993334 observation=none uploads=0 downloads=0 compute_passes=0
SILEX_TENSOR_NEURAL phase=loss_read family=cnn backend=cpu batch=1 iterations=1 elapsed_ms=0.004 per_iteration_ms=0.004 observation=every_step uploads=0 downloads=0 compute_passes=0
SILEX_TENSOR_NEURAL phase=step_resident family=cnn backend=cpu batch=1 iterations=3 elapsed_ms=10.731001 per_iteration_ms=3.5770004 observation=spaced uploads=0 downloads=0 compute_passes=0
SILEX_TENSOR_NEURAL phase=forward_cold family=cnn backend=gpu batch=1 iterations=1 elapsed_ms=4.999 per_iteration_ms=4.999 observation=none uploads=0 downloads=0 compute_passes=6
SILEX_TENSOR_NEURAL phase=forward_hot family=cnn backend=gpu batch=1 iterations=3 elapsed_ms=11.382 per_iteration_ms=3.794 observation=none uploads=0 downloads=0 compute_passes=18
SILEX_TENSOR_NEURAL phase=backward_cold family=cnn backend=gpu batch=1 iterations=1 elapsed_ms=20.226 per_iteration_ms=20.226 observation=none uploads=0 downloads=0 compute_passes=32
SILEX_TENSOR_NEURAL phase=backward_hot family=cnn backend=gpu batch=1 iterations=3 elapsed_ms=58.093002 per_iteration_ms=19.364334 observation=none uploads=0 downloads=0 compute_passes=96
SILEX_TENSOR_NEURAL phase=step_sgd family=cnn backend=gpu batch=1 iterations=3 elapsed_ms=24.208998 per_iteration_ms=8.069666 observation=none uploads=0 downloads=0 compute_passes=40
SILEX_TENSOR_NEURAL phase=step_adam family=cnn backend=gpu batch=1 iterations=3 elapsed_ms=101.98 per_iteration_ms=33.993336 observation=none uploads=0 downloads=0 compute_passes=192
SILEX_TENSOR_NEURAL phase=loss_read family=cnn backend=gpu batch=1 iterations=1 elapsed_ms=0.22600001 per_iteration_ms=0.22600001 observation=every_step uploads=0 downloads=1 compute_passes=0
SILEX_TENSOR_NEURAL phase=step_resident family=cnn backend=gpu batch=1 iterations=3 elapsed_ms=194.666 per_iteration_ms=64.888664 observation=spaced uploads=0 downloads=0 compute_passes=333
SILEX_TENSOR_NEURAL phase=step_end_to_end family=cnn backend=gpu batch=1 iterations=1 elapsed_ms=45.572002 per_iteration_ms=45.572002 observation=every_step uploads=6 downloads=5 compute_passes=55
SILEX_TENSOR_NEURAL phase=construction family=cnn backend=cpu batch=4 iterations=5 elapsed_ms=2.147 per_iteration_ms=0.42940003 observation=none uploads=0 downloads=0 compute_passes=0
SILEX_TENSOR_NEURAL phase=forward_cold family=cnn backend=cpu batch=4 iterations=1 elapsed_ms=0.855 per_iteration_ms=0.855 observation=none uploads=0 downloads=0 compute_passes=0
SILEX_TENSOR_NEURAL phase=forward_hot family=cnn backend=cpu batch=4 iterations=3 elapsed_ms=2.381 per_iteration_ms=0.79366666 observation=none uploads=0 downloads=0 compute_passes=0
SILEX_TENSOR_NEURAL phase=backward_cold family=cnn backend=cpu batch=4 iterations=1 elapsed_ms=2.283 per_iteration_ms=2.283 observation=none uploads=0 downloads=0 compute_passes=0
SILEX_TENSOR_NEURAL phase=backward_hot family=cnn backend=cpu batch=4 iterations=3 elapsed_ms=6.724 per_iteration_ms=2.2413332 observation=none uploads=0 downloads=0 compute_passes=0
SILEX_TENSOR_NEURAL phase=step_sgd family=cnn backend=cpu batch=4 iterations=3 elapsed_ms=2.077 per_iteration_ms=0.6923333 observation=none uploads=0 downloads=0 compute_passes=0
SILEX_TENSOR_NEURAL phase=step_adam family=cnn backend=cpu batch=4 iterations=3 elapsed_ms=9.252001 per_iteration_ms=3.0840003 observation=none uploads=0 downloads=0 compute_passes=0
SILEX_TENSOR_NEURAL phase=loss_read family=cnn backend=cpu batch=4 iterations=1 elapsed_ms=0.006 per_iteration_ms=0.006 observation=every_step uploads=0 downloads=0 compute_passes=0
SILEX_TENSOR_NEURAL phase=step_resident family=cnn backend=cpu batch=4 iterations=3 elapsed_ms=20.182001 per_iteration_ms=6.7273335 observation=spaced uploads=0 downloads=0 compute_passes=0
SILEX_TENSOR_NEURAL phase=forward_cold family=cnn backend=gpu batch=4 iterations=1 elapsed_ms=4.8389997 per_iteration_ms=4.8389997 observation=none uploads=0 downloads=0 compute_passes=6
SILEX_TENSOR_NEURAL phase=forward_hot family=cnn backend=gpu batch=4 iterations=3 elapsed_ms=11.423 per_iteration_ms=3.8076668 observation=none uploads=0 downloads=0 compute_passes=18
SILEX_TENSOR_NEURAL phase=backward_cold family=cnn backend=gpu batch=4 iterations=1 elapsed_ms=21.137 per_iteration_ms=21.137 observation=none uploads=0 downloads=0 compute_passes=32
SILEX_TENSOR_NEURAL phase=backward_hot family=cnn backend=gpu batch=4 iterations=3 elapsed_ms=62.338 per_iteration_ms=20.779333 observation=none uploads=0 downloads=0 compute_passes=96
SILEX_TENSOR_NEURAL phase=step_sgd family=cnn backend=gpu batch=4 iterations=3 elapsed_ms=25.424 per_iteration_ms=8.474667 observation=none uploads=0 downloads=0 compute_passes=40
SILEX_TENSOR_NEURAL phase=step_adam family=cnn backend=gpu batch=4 iterations=3 elapsed_ms=121.009995 per_iteration_ms=40.336666 observation=none uploads=0 downloads=0 compute_passes=192
SILEX_TENSOR_NEURAL phase=loss_read family=cnn backend=gpu batch=4 iterations=1 elapsed_ms=0.23400001 per_iteration_ms=0.23400001 observation=every_step uploads=0 downloads=1 compute_passes=0
SILEX_TENSOR_NEURAL phase=step_resident family=cnn backend=gpu batch=4 iterations=3 elapsed_ms=212.762 per_iteration_ms=70.92066 observation=spaced uploads=0 downloads=0 compute_passes=333
SILEX_TENSOR_NEURAL phase=step_end_to_end family=cnn backend=gpu batch=4 iterations=1 elapsed_ms=49.308 per_iteration_ms=49.308 observation=every_step uploads=6 downloads=5 compute_passes=55
SILEX_TENSOR_NEURAL phase=construction family=cnn backend=cpu batch=16 iterations=5 elapsed_ms=3.326 per_iteration_ms=0.6652 observation=none uploads=0 downloads=0 compute_passes=0
SILEX_TENSOR_NEURAL phase=forward_cold family=cnn backend=cpu batch=16 iterations=1 elapsed_ms=2.622 per_iteration_ms=2.622 observation=none uploads=0 downloads=0 compute_passes=0
SILEX_TENSOR_NEURAL phase=forward_hot family=cnn backend=cpu batch=16 iterations=2 elapsed_ms=5.107 per_iteration_ms=2.5535 observation=none uploads=0 downloads=0 compute_passes=0
SILEX_TENSOR_NEURAL phase=backward_cold family=cnn backend=cpu batch=16 iterations=1 elapsed_ms=5.688 per_iteration_ms=5.688 observation=none uploads=0 downloads=0 compute_passes=0
SILEX_TENSOR_NEURAL phase=backward_hot family=cnn backend=cpu batch=16 iterations=2 elapsed_ms=11.2699995 per_iteration_ms=5.6349998 observation=none uploads=0 downloads=0 compute_passes=0
SILEX_TENSOR_NEURAL phase=step_sgd family=cnn backend=cpu batch=16 iterations=2 elapsed_ms=1.836 per_iteration_ms=0.918 observation=none uploads=0 downloads=0 compute_passes=0
SILEX_TENSOR_NEURAL phase=step_adam family=cnn backend=cpu batch=16 iterations=2 elapsed_ms=9.036001 per_iteration_ms=4.5180006 observation=none uploads=0 downloads=0 compute_passes=0
SILEX_TENSOR_NEURAL phase=loss_read family=cnn backend=cpu batch=16 iterations=1 elapsed_ms=0.009000001 per_iteration_ms=0.009000001 observation=every_step uploads=0 downloads=0 compute_passes=0
SILEX_TENSOR_NEURAL phase=step_resident family=cnn backend=cpu batch=16 iterations=2 elapsed_ms=27.19 per_iteration_ms=13.595 observation=spaced uploads=0 downloads=0 compute_passes=0
SILEX_TENSOR_NEURAL phase=forward_cold family=cnn backend=gpu batch=16 iterations=1 elapsed_ms=5.905 per_iteration_ms=5.905 observation=none uploads=0 downloads=0 compute_passes=6
SILEX_TENSOR_NEURAL phase=forward_hot family=cnn backend=gpu batch=16 iterations=2 elapsed_ms=8.686999 per_iteration_ms=4.3434997 observation=none uploads=0 downloads=0 compute_passes=12
SILEX_TENSOR_NEURAL phase=backward_cold family=cnn backend=gpu batch=16 iterations=1 elapsed_ms=22.789 per_iteration_ms=22.789 observation=none uploads=0 downloads=0 compute_passes=32
SILEX_TENSOR_NEURAL phase=backward_hot family=cnn backend=gpu batch=16 iterations=2 elapsed_ms=46.982 per_iteration_ms=23.491 observation=none uploads=0 downloads=0 compute_passes=64
SILEX_TENSOR_NEURAL phase=step_sgd family=cnn backend=gpu batch=16 iterations=2 elapsed_ms=18.01 per_iteration_ms=9.005 observation=none uploads=0 downloads=0 compute_passes=24
SILEX_TENSOR_NEURAL phase=step_adam family=cnn backend=gpu batch=16 iterations=2 elapsed_ms=87.059 per_iteration_ms=43.5295 observation=none uploads=0 downloads=0 compute_passes=128
SILEX_TENSOR_NEURAL phase=loss_read family=cnn backend=gpu batch=16 iterations=1 elapsed_ms=0.257 per_iteration_ms=0.257 observation=every_step uploads=0 downloads=1 compute_passes=0
SILEX_TENSOR_NEURAL phase=step_resident family=cnn backend=gpu batch=16 iterations=2 elapsed_ms=153.754 per_iteration_ms=76.877 observation=spaced uploads=0 downloads=0 compute_passes=222
SILEX_TENSOR_NEURAL phase=step_end_to_end family=cnn backend=gpu batch=16 iterations=1 elapsed_ms=52.78 per_iteration_ms=52.78 observation=every_step uploads=6 downloads=5 compute_passes=55
