SILEX_TENSOR_NEURAL_VERIFY status=pass uploads=0 hidden_downloads=0
SILEX_TENSOR_NEURAL phase=construction family=mlp backend=cpu batch=4 iterations=5 elapsed_ms=1.615 per_iteration_ms=0.323 observation=none uploads=0 downloads=0 compute_passes=0
SILEX_TENSOR_NEURAL phase=forward_cold family=mlp backend=cpu batch=4 iterations=1 elapsed_ms=1.054 per_iteration_ms=1.054 observation=none uploads=0 downloads=0 compute_passes=0
SILEX_TENSOR_NEURAL phase=forward_hot family=mlp backend=cpu batch=4 iterations=3 elapsed_ms=3.116 per_iteration_ms=1.0386666 observation=none uploads=0 downloads=0 compute_passes=0
SILEX_TENSOR_NEURAL phase=backward_cold family=mlp backend=cpu batch=4 iterations=1 elapsed_ms=2.013 per_iteration_ms=2.013 observation=none uploads=0 downloads=0 compute_passes=0
SILEX_TENSOR_NEURAL phase=backward_hot family=mlp backend=cpu batch=4 iterations=3 elapsed_ms=6.078 per_iteration_ms=2.026 observation=none uploads=0 downloads=0 compute_passes=0
SILEX_TENSOR_NEURAL phase=step_sgd family=mlp backend=cpu batch=4 iterations=3 elapsed_ms=3.709 per_iteration_ms=1.2363334 observation=none uploads=0 downloads=0 compute_passes=0
SILEX_TENSOR_NEURAL phase=step_adam family=mlp backend=cpu batch=4 iterations=3 elapsed_ms=16.457 per_iteration_ms=5.4856668 observation=none uploads=0 downloads=0 compute_passes=0
SILEX_TENSOR_NEURAL phase=loss_read family=mlp backend=cpu batch=4 iterations=1 elapsed_ms=0.004 per_iteration_ms=0.004 observation=every_step uploads=0 downloads=0 compute_passes=0
SILEX_TENSOR_NEURAL phase=step_resident family=mlp backend=cpu batch=4 iterations=3 elapsed_ms=27.333 per_iteration_ms=9.111 observation=spaced uploads=0 downloads=0 compute_passes=0
SILEX_TENSOR_NEURAL phase=forward_cold family=mlp backend=gpu batch=4 iterations=1 elapsed_ms=4.158 per_iteration_ms=4.158 observation=none uploads=0 downloads=0 compute_passes=5
SILEX_TENSOR_NEURAL phase=forward_hot family=mlp backend=gpu batch=4 iterations=3 elapsed_ms=8.873 per_iteration_ms=2.9576666 observation=none uploads=0 downloads=0 compute_passes=15
SILEX_TENSOR_NEURAL phase=backward_cold family=mlp backend=gpu batch=4 iterations=1 elapsed_ms=20.297 per_iteration_ms=20.297 observation=none uploads=0 downloads=0 compute_passes=33
SILEX_TENSOR_NEURAL phase=backward_hot family=mlp backend=gpu batch=4 iterations=3 elapsed_ms=58.619 per_iteration_ms=19.539667 observation=none uploads=0 downloads=0 compute_passes=99
SILEX_TENSOR_NEURAL phase=step_sgd family=mlp backend=gpu batch=4 iterations=3 elapsed_ms=22.72 per_iteration_ms=7.5733333 observation=none uploads=0 downloads=0 compute_passes=40
SILEX_TENSOR_NEURAL phase=step_adam family=mlp backend=gpu batch=4 iterations=3 elapsed_ms=100.840004 per_iteration_ms=33.613335 observation=none uploads=0 downloads=0 compute_passes=192
SILEX_TENSOR_NEURAL phase=loss_read family=mlp backend=gpu batch=4 iterations=1 elapsed_ms=0.196 per_iteration_ms=0.196 observation=every_step uploads=0 downloads=1 compute_passes=0
SILEX_TENSOR_NEURAL phase=step_resident family=mlp backend=gpu batch=4 iterations=3 elapsed_ms=196.13101 per_iteration_ms=65.37701 observation=spaced uploads=0 downloads=0 compute_passes=333
SILEX_TENSOR_NEURAL phase=step_end_to_end family=mlp backend=gpu batch=4 iterations=1 elapsed_ms=46.264 per_iteration_ms=46.264 observation=every_step uploads=6 downloads=5 compute_passes=55
SILEX_TENSOR_NEURAL phase=construction family=mlp backend=cpu batch=16 iterations=5 elapsed_ms=2.532 per_iteration_ms=0.5064 observation=none uploads=0 downloads=0 compute_passes=0
SILEX_TENSOR_NEURAL phase=forward_cold family=mlp backend=cpu batch=16 iterations=1 elapsed_ms=4.303 per_iteration_ms=4.303 observation=none uploads=0 downloads=0 compute_passes=0
SILEX_TENSOR_NEURAL phase=forward_hot family=mlp backend=cpu batch=16 iterations=3 elapsed_ms=12.405 per_iteration_ms=4.1349998 observation=none uploads=0 downloads=0 compute_passes=0
SILEX_TENSOR_NEURAL phase=backward_cold family=mlp backend=cpu batch=16 iterations=1 elapsed_ms=6.7949996 per_iteration_ms=6.7949996 observation=none uploads=0 downloads=0 compute_passes=0
SILEX_TENSOR_NEURAL phase=backward_hot family=mlp backend=cpu batch=16 iterations=3 elapsed_ms=20.647 per_iteration_ms=6.8823333 observation=none uploads=0 downloads=0 compute_passes=0
SILEX_TENSOR_NEURAL phase=step_sgd family=mlp backend=cpu batch=16 iterations=3 elapsed_ms=4.664 per_iteration_ms=1.5546666 observation=none uploads=0 downloads=0 compute_passes=0
SILEX_TENSOR_NEURAL phase=step_adam family=mlp backend=cpu batch=16 iterations=3 elapsed_ms=20.916 per_iteration_ms=6.972 observation=none uploads=0 downloads=0 compute_passes=0
SILEX_TENSOR_NEURAL phase=loss_read family=mlp backend=cpu batch=16 iterations=1 elapsed_ms=0.008 per_iteration_ms=0.008 observation=every_step uploads=0 downloads=0 compute_passes=0
SILEX_TENSOR_NEURAL phase=step_resident family=mlp backend=cpu batch=16 iterations=3 elapsed_ms=56.246998 per_iteration_ms=18.748999 observation=spaced uploads=0 downloads=0 compute_passes=0
SILEX_TENSOR_NEURAL phase=forward_cold family=mlp backend=gpu batch=16 iterations=1 elapsed_ms=4.5230002 per_iteration_ms=4.5230002 observation=none uploads=0 downloads=0 compute_passes=5
SILEX_TENSOR_NEURAL phase=forward_hot family=mlp backend=gpu batch=16 iterations=3 elapsed_ms=9.672 per_iteration_ms=3.224 observation=none uploads=0 downloads=0 compute_passes=15
SILEX_TENSOR_NEURAL phase=backward_cold family=mlp backend=gpu batch=16 iterations=1 elapsed_ms=20.216 per_iteration_ms=20.216 observation=none uploads=0 downloads=0 compute_passes=33
SILEX_TENSOR_NEURAL phase=backward_hot family=mlp backend=gpu batch=16 iterations=3 elapsed_ms=59.273 per_iteration_ms=19.757666 observation=none uploads=0 downloads=0 compute_passes=99
SILEX_TENSOR_NEURAL phase=step_sgd family=mlp backend=gpu batch=16 iterations=3 elapsed_ms=28.047998 per_iteration_ms=9.349333 observation=none uploads=0 downloads=0 compute_passes=40
SILEX_TENSOR_NEURAL phase=step_adam family=mlp backend=gpu batch=16 iterations=3 elapsed_ms=116.155 per_iteration_ms=38.718334 observation=none uploads=0 downloads=0 compute_passes=192
SILEX_TENSOR_NEURAL phase=loss_read family=mlp backend=gpu batch=16 iterations=1 elapsed_ms=0.243 per_iteration_ms=0.243 observation=every_step uploads=0 downloads=1 compute_passes=0
SILEX_TENSOR_NEURAL phase=step_resident family=mlp backend=gpu batch=16 iterations=3 elapsed_ms=218.576 per_iteration_ms=72.858665 observation=spaced uploads=0 downloads=0 compute_passes=333
SILEX_TENSOR_NEURAL phase=step_end_to_end family=mlp backend=gpu batch=16 iterations=1 elapsed_ms=47.954002 per_iteration_ms=47.954002 observation=every_step uploads=6 downloads=5 compute_passes=55
SILEX_TENSOR_NEURAL phase=construction family=mlp backend=cpu batch=64 iterations=5 elapsed_ms=3.8960001 per_iteration_ms=0.7792 observation=none uploads=0 downloads=0 compute_passes=0
SILEX_TENSOR_NEURAL phase=forward_cold family=mlp backend=cpu batch=64 iterations=1 elapsed_ms=16.157999 per_iteration_ms=16.157999 observation=none uploads=0 downloads=0 compute_passes=0
SILEX_TENSOR_NEURAL phase=forward_hot family=mlp backend=cpu batch=64 iterations=3 elapsed_ms=47.986 per_iteration_ms=15.995334 observation=none uploads=0 downloads=0 compute_passes=0
SILEX_TENSOR_NEURAL phase=backward_cold family=mlp backend=cpu batch=64 iterations=1 elapsed_ms=22.678001 per_iteration_ms=22.678001 observation=none uploads=0 downloads=0 compute_passes=0
SILEX_TENSOR_NEURAL phase=backward_hot family=mlp backend=cpu batch=64 iterations=3 elapsed_ms=67.671 per_iteration_ms=22.557 observation=none uploads=0 downloads=0 compute_passes=0
SILEX_TENSOR_NEURAL phase=step_sgd family=mlp backend=cpu batch=64 iterations=3 elapsed_ms=5.756 per_iteration_ms=1.9186667 observation=none uploads=0 downloads=0 compute_passes=0
SILEX_TENSOR_NEURAL phase=step_adam family=mlp backend=cpu batch=64 iterations=3 elapsed_ms=25.630001 per_iteration_ms=8.543334 observation=none uploads=0 downloads=0 compute_passes=0
SILEX_TENSOR_NEURAL phase=loss_read family=mlp backend=cpu batch=64 iterations=1 elapsed_ms=0.01 per_iteration_ms=0.01 observation=every_step uploads=0 downloads=0 compute_passes=0
SILEX_TENSOR_NEURAL phase=step_resident family=mlp backend=cpu batch=64 iterations=3 elapsed_ms=144.29399 per_iteration_ms=48.097996 observation=spaced uploads=0 downloads=0 compute_passes=0
SILEX_TENSOR_NEURAL phase=forward_cold family=mlp backend=gpu batch=64 iterations=1 elapsed_ms=4.631 per_iteration_ms=4.631 observation=none uploads=0 downloads=0 compute_passes=5
SILEX_TENSOR_NEURAL phase=forward_hot family=mlp backend=gpu batch=64 iterations=3 elapsed_ms=10.941 per_iteration_ms=3.647 observation=none uploads=0 downloads=0 compute_passes=15
SILEX_TENSOR_NEURAL phase=backward_cold family=mlp backend=gpu batch=64 iterations=1 elapsed_ms=19.875 per_iteration_ms=19.875 observation=none uploads=0 downloads=0 compute_passes=33
SILEX_TENSOR_NEURAL phase=backward_hot family=mlp backend=gpu batch=64 iterations=3 elapsed_ms=68.342 per_iteration_ms=22.780668 observation=none uploads=0 downloads=0 compute_passes=99
SILEX_TENSOR_NEURAL phase=step_sgd family=mlp backend=gpu batch=64 iterations=3 elapsed_ms=28.747 per_iteration_ms=9.582334 observation=none uploads=0 downloads=0 compute_passes=40
SILEX_TENSOR_NEURAL phase=step_adam family=mlp backend=gpu batch=64 iterations=3 elapsed_ms=130.66399 per_iteration_ms=43.55466 observation=none uploads=0 downloads=0 compute_passes=192
SILEX_TENSOR_NEURAL phase=loss_read family=mlp backend=gpu batch=64 iterations=1 elapsed_ms=0.266 per_iteration_ms=0.266 observation=every_step uploads=0 downloads=1 compute_passes=0
SILEX_TENSOR_NEURAL phase=step_resident family=mlp backend=gpu batch=64 iterations=3 elapsed_ms=237.90701 per_iteration_ms=79.30234 observation=spaced uploads=0 downloads=0 compute_passes=333
SILEX_TENSOR_NEURAL phase=step_end_to_end family=mlp backend=gpu batch=64 iterations=1 elapsed_ms=50.911003 per_iteration_ms=50.911003 observation=every_step uploads=6 downloads=5 compute_passes=55
