SILEX_TENSOR_NEURAL_VERIFY status=pass uploads=0 hidden_downloads=0
SILEX_TENSOR_NEURAL phase=construction family=mlp backend=cpu batch=4 iterations=5 elapsed_ms=1.663 per_iteration_ms=0.3326 observation=none uploads=0 downloads=0 compute_passes=0
SILEX_TENSOR_NEURAL phase=forward_cold family=mlp backend=cpu batch=4 iterations=1 elapsed_ms=1.053 per_iteration_ms=1.053 observation=none uploads=0 downloads=0 compute_passes=0
SILEX_TENSOR_NEURAL phase=forward_hot family=mlp backend=cpu batch=4 iterations=3 elapsed_ms=3.113 per_iteration_ms=1.0376667 observation=none uploads=0 downloads=0 compute_passes=0
SILEX_TENSOR_NEURAL phase=backward_cold family=mlp backend=cpu batch=4 iterations=1 elapsed_ms=2.0149999 per_iteration_ms=2.0149999 observation=none uploads=0 downloads=0 compute_passes=0
SILEX_TENSOR_NEURAL phase=backward_hot family=mlp backend=cpu batch=4 iterations=3 elapsed_ms=6.067 per_iteration_ms=2.0223334 observation=none uploads=0 downloads=0 compute_passes=0
SILEX_TENSOR_NEURAL phase=step_sgd family=mlp backend=cpu batch=4 iterations=3 elapsed_ms=3.579 per_iteration_ms=1.193 observation=none uploads=0 downloads=0 compute_passes=0
SILEX_TENSOR_NEURAL phase=step_adam family=mlp backend=cpu batch=4 iterations=3 elapsed_ms=16.187 per_iteration_ms=5.3956666 observation=none uploads=0 downloads=0 compute_passes=0
SILEX_TENSOR_NEURAL phase=loss_read family=mlp backend=cpu batch=4 iterations=1 elapsed_ms=0.004 per_iteration_ms=0.004 observation=every_step uploads=0 downloads=0 compute_passes=0
SILEX_TENSOR_NEURAL phase=step_resident family=mlp backend=cpu batch=4 iterations=3 elapsed_ms=26.516 per_iteration_ms=8.838667 observation=spaced uploads=0 downloads=0 compute_passes=0
SILEX_TENSOR_NEURAL phase=forward_cold family=mlp backend=gpu batch=4 iterations=1 elapsed_ms=4.236 per_iteration_ms=4.236 observation=none uploads=0 downloads=0 compute_passes=5
SILEX_TENSOR_NEURAL phase=forward_hot family=mlp backend=gpu batch=4 iterations=3 elapsed_ms=8.769 per_iteration_ms=2.923 observation=none uploads=0 downloads=0 compute_passes=15
SILEX_TENSOR_NEURAL phase=backward_cold family=mlp backend=gpu batch=4 iterations=1 elapsed_ms=18.609001 per_iteration_ms=18.609001 observation=none uploads=0 downloads=0 compute_passes=33
SILEX_TENSOR_NEURAL phase=backward_hot family=mlp backend=gpu batch=4 iterations=3 elapsed_ms=53.805 per_iteration_ms=17.935 observation=none uploads=0 downloads=0 compute_passes=99
SILEX_TENSOR_NEURAL phase=step_sgd family=mlp backend=gpu batch=4 iterations=3 elapsed_ms=21.465 per_iteration_ms=7.155 observation=none uploads=0 downloads=0 compute_passes=40
SILEX_TENSOR_NEURAL phase=step_adam family=mlp backend=gpu batch=4 iterations=3 elapsed_ms=96.892 per_iteration_ms=32.297333 observation=none uploads=0 downloads=0 compute_passes=192
SILEX_TENSOR_NEURAL phase=loss_read family=mlp backend=gpu batch=4 iterations=1 elapsed_ms=0.237 per_iteration_ms=0.237 observation=every_step uploads=0 downloads=1 compute_passes=0
SILEX_TENSOR_NEURAL phase=step_resident family=mlp backend=gpu batch=4 iterations=3 elapsed_ms=170.866 per_iteration_ms=56.955334 observation=spaced uploads=0 downloads=0 compute_passes=333
SILEX_TENSOR_NEURAL phase=step_end_to_end family=mlp backend=gpu batch=4 iterations=1 elapsed_ms=39.343 per_iteration_ms=39.343 observation=every_step uploads=6 downloads=5 compute_passes=55
SILEX_TENSOR_NEURAL phase=construction family=mlp backend=cpu batch=16 iterations=5 elapsed_ms=2.398 per_iteration_ms=0.4796 observation=none uploads=0 downloads=0 compute_passes=0
SILEX_TENSOR_NEURAL phase=forward_cold family=mlp backend=cpu batch=16 iterations=1 elapsed_ms=4.088 per_iteration_ms=4.088 observation=none uploads=0 downloads=0 compute_passes=0
SILEX_TENSOR_NEURAL phase=forward_hot family=mlp backend=cpu batch=16 iterations=3 elapsed_ms=12.233999 per_iteration_ms=4.0779996 observation=none uploads=0 downloads=0 compute_passes=0
SILEX_TENSOR_NEURAL phase=backward_cold family=mlp backend=cpu batch=16 iterations=1 elapsed_ms=6.672 per_iteration_ms=6.672 observation=none uploads=0 downloads=0 compute_passes=0
SILEX_TENSOR_NEURAL phase=backward_hot family=mlp backend=cpu batch=16 iterations=3 elapsed_ms=19.715 per_iteration_ms=6.5716667 observation=none uploads=0 downloads=0 compute_passes=0
SILEX_TENSOR_NEURAL phase=step_sgd family=mlp backend=cpu batch=16 iterations=3 elapsed_ms=4.4679995 per_iteration_ms=1.4893332 observation=none uploads=0 downloads=0 compute_passes=0
SILEX_TENSOR_NEURAL phase=step_adam family=mlp backend=cpu batch=16 iterations=3 elapsed_ms=20.141 per_iteration_ms=6.713667 observation=none uploads=0 downloads=0 compute_passes=0
SILEX_TENSOR_NEURAL phase=loss_read family=mlp backend=cpu batch=16 iterations=1 elapsed_ms=0.006 per_iteration_ms=0.006 observation=every_step uploads=0 downloads=0 compute_passes=0
SILEX_TENSOR_NEURAL phase=step_resident family=mlp backend=cpu batch=16 iterations=3 elapsed_ms=54.117 per_iteration_ms=18.039 observation=spaced uploads=0 downloads=0 compute_passes=0
SILEX_TENSOR_NEURAL phase=forward_cold family=mlp backend=gpu batch=16 iterations=1 elapsed_ms=4.267 per_iteration_ms=4.267 observation=none uploads=0 downloads=0 compute_passes=5
SILEX_TENSOR_NEURAL phase=forward_hot family=mlp backend=gpu batch=16 iterations=3 elapsed_ms=11.499 per_iteration_ms=3.833 observation=none uploads=0 downloads=0 compute_passes=15
SILEX_TENSOR_NEURAL phase=backward_cold family=mlp backend=gpu batch=16 iterations=1 elapsed_ms=19.87 per_iteration_ms=19.87 observation=none uploads=0 downloads=0 compute_passes=33
SILEX_TENSOR_NEURAL phase=backward_hot family=mlp backend=gpu batch=16 iterations=3 elapsed_ms=56.635 per_iteration_ms=18.878332 observation=none uploads=0 downloads=0 compute_passes=99
SILEX_TENSOR_NEURAL phase=step_sgd family=mlp backend=gpu batch=16 iterations=3 elapsed_ms=25.438 per_iteration_ms=8.479333 observation=none uploads=0 downloads=0 compute_passes=40
SILEX_TENSOR_NEURAL phase=step_adam family=mlp backend=gpu batch=16 iterations=3 elapsed_ms=104.102 per_iteration_ms=34.700665 observation=none uploads=0 downloads=0 compute_passes=192
SILEX_TENSOR_NEURAL phase=loss_read family=mlp backend=gpu batch=16 iterations=1 elapsed_ms=0.251 per_iteration_ms=0.251 observation=every_step uploads=0 downloads=1 compute_passes=0
SILEX_TENSOR_NEURAL phase=step_resident family=mlp backend=gpu batch=16 iterations=3 elapsed_ms=193.57399 per_iteration_ms=64.524666 observation=spaced uploads=0 downloads=0 compute_passes=333
SILEX_TENSOR_NEURAL phase=step_end_to_end family=mlp backend=gpu batch=16 iterations=1 elapsed_ms=45.44 per_iteration_ms=45.44 observation=every_step uploads=6 downloads=5 compute_passes=55
SILEX_TENSOR_NEURAL phase=construction family=mlp backend=cpu batch=64 iterations=5 elapsed_ms=3.352 per_iteration_ms=0.6704 observation=none uploads=0 downloads=0 compute_passes=0
SILEX_TENSOR_NEURAL phase=forward_cold family=mlp backend=cpu batch=64 iterations=1 elapsed_ms=15.724999 per_iteration_ms=15.724999 observation=none uploads=0 downloads=0 compute_passes=0
SILEX_TENSOR_NEURAL phase=forward_hot family=mlp backend=cpu batch=64 iterations=3 elapsed_ms=48.042 per_iteration_ms=16.014 observation=none uploads=0 downloads=0 compute_passes=0
SILEX_TENSOR_NEURAL phase=backward_cold family=mlp backend=cpu batch=64 iterations=1 elapsed_ms=22.272 per_iteration_ms=22.272 observation=none uploads=0 downloads=0 compute_passes=0
SILEX_TENSOR_NEURAL phase=backward_hot family=mlp backend=cpu batch=64 iterations=3 elapsed_ms=67.149 per_iteration_ms=22.383001 observation=none uploads=0 downloads=0 compute_passes=0
SILEX_TENSOR_NEURAL phase=step_sgd family=mlp backend=cpu batch=64 iterations=3 elapsed_ms=5.534 per_iteration_ms=1.8446666 observation=none uploads=0 downloads=0 compute_passes=0
SILEX_TENSOR_NEURAL phase=step_adam family=mlp backend=cpu batch=64 iterations=3 elapsed_ms=24.349 per_iteration_ms=8.116334 observation=none uploads=0 downloads=0 compute_passes=0
SILEX_TENSOR_NEURAL phase=loss_read family=mlp backend=cpu batch=64 iterations=1 elapsed_ms=0.009000001 per_iteration_ms=0.009000001 observation=every_step uploads=0 downloads=0 compute_passes=0
SILEX_TENSOR_NEURAL phase=step_resident family=mlp backend=cpu batch=64 iterations=3 elapsed_ms=142.214 per_iteration_ms=47.404667 observation=spaced uploads=0 downloads=0 compute_passes=0
SILEX_TENSOR_NEURAL phase=forward_cold family=mlp backend=gpu batch=64 iterations=1 elapsed_ms=6.254 per_iteration_ms=6.254 observation=none uploads=0 downloads=0 compute_passes=5
SILEX_TENSOR_NEURAL phase=forward_hot family=mlp backend=gpu batch=64 iterations=3 elapsed_ms=13.463 per_iteration_ms=4.4876666 observation=none uploads=0 downloads=0 compute_passes=15
SILEX_TENSOR_NEURAL phase=backward_cold family=mlp backend=gpu batch=64 iterations=1 elapsed_ms=29.983002 per_iteration_ms=29.983002 observation=none uploads=0 downloads=0 compute_passes=33
SILEX_TENSOR_NEURAL phase=backward_hot family=mlp backend=gpu batch=64 iterations=3 elapsed_ms=73.409 per_iteration_ms=24.469666 observation=none uploads=0 downloads=0 compute_passes=99
SILEX_TENSOR_NEURAL phase=step_sgd family=mlp backend=gpu batch=64 iterations=3 elapsed_ms=30.009 per_iteration_ms=10.003 observation=none uploads=0 downloads=0 compute_passes=40
SILEX_TENSOR_NEURAL phase=step_adam family=mlp backend=gpu batch=64 iterations=3 elapsed_ms=139.962 per_iteration_ms=46.654003 observation=none uploads=0 downloads=0 compute_passes=192
SILEX_TENSOR_NEURAL phase=loss_read family=mlp backend=gpu batch=64 iterations=1 elapsed_ms=0.284 per_iteration_ms=0.284 observation=every_step uploads=0 downloads=1 compute_passes=0
SILEX_TENSOR_NEURAL phase=step_resident family=mlp backend=gpu batch=64 iterations=3 elapsed_ms=246.121 per_iteration_ms=82.04034 observation=spaced uploads=0 downloads=0 compute_passes=333
SILEX_TENSOR_NEURAL phase=step_end_to_end family=mlp backend=gpu batch=64 iterations=1 elapsed_ms=54.634003 per_iteration_ms=54.634003 observation=every_step uploads=6 downloads=5 compute_passes=55
