SILEX_TENSOR_NEURAL_VERIFY status=pass uploads=0 hidden_downloads=0
SILEX_TENSOR_NEURAL phase=construction family=rnn backend=cpu batch=4 iterations=5 elapsed_ms=1.576 per_iteration_ms=0.3152 observation=none uploads=0 downloads=0 compute_passes=0
SILEX_TENSOR_NEURAL phase=forward_cold family=rnn backend=cpu batch=4 iterations=1 elapsed_ms=1.9720001 per_iteration_ms=1.9720001 observation=none uploads=0 downloads=0 compute_passes=0
SILEX_TENSOR_NEURAL phase=forward_hot family=rnn backend=cpu batch=4 iterations=3 elapsed_ms=5.85 per_iteration_ms=1.9499999 observation=none uploads=0 downloads=0 compute_passes=0
SILEX_TENSOR_NEURAL phase=backward_cold family=rnn backend=cpu batch=4 iterations=1 elapsed_ms=5.428 per_iteration_ms=5.428 observation=none uploads=0 downloads=0 compute_passes=0
SILEX_TENSOR_NEURAL phase=backward_hot family=rnn backend=cpu batch=4 iterations=3 elapsed_ms=16.956 per_iteration_ms=5.652 observation=none uploads=0 downloads=0 compute_passes=0
SILEX_TENSOR_NEURAL phase=step_sgd family=rnn backend=cpu batch=4 iterations=3 elapsed_ms=1.866 per_iteration_ms=0.62200004 observation=none uploads=0 downloads=0 compute_passes=0
SILEX_TENSOR_NEURAL phase=step_adam family=rnn backend=cpu batch=4 iterations=3 elapsed_ms=8.861001 per_iteration_ms=2.953667 observation=none uploads=0 downloads=0 compute_passes=0
SILEX_TENSOR_NEURAL phase=loss_read family=rnn backend=cpu batch=4 iterations=1 elapsed_ms=0.006 per_iteration_ms=0.006 observation=every_step uploads=0 downloads=0 compute_passes=0
SILEX_TENSOR_NEURAL phase=step_resident family=rnn backend=cpu batch=4 iterations=3 elapsed_ms=39.542 per_iteration_ms=13.180667 observation=spaced uploads=0 downloads=0 compute_passes=0
SILEX_TENSOR_NEURAL phase=forward_cold family=rnn backend=gpu batch=4 iterations=1 elapsed_ms=27.626 per_iteration_ms=27.626 observation=none uploads=0 downloads=0 compute_passes=43
SILEX_TENSOR_NEURAL phase=forward_hot family=rnn backend=gpu batch=4 iterations=3 elapsed_ms=82.726 per_iteration_ms=27.575333 observation=none uploads=0 downloads=0 compute_passes=129
SILEX_TENSOR_NEURAL phase=backward_cold family=rnn backend=gpu batch=4 iterations=1 elapsed_ms=72.975 per_iteration_ms=72.975 observation=none uploads=0 downloads=0 compute_passes=111
SILEX_TENSOR_NEURAL phase=backward_hot family=rnn backend=gpu batch=4 iterations=3 elapsed_ms=209.068 per_iteration_ms=69.68933 observation=none uploads=0 downloads=0 compute_passes=333
SILEX_TENSOR_NEURAL phase=step_sgd family=rnn backend=gpu batch=4 iterations=3 elapsed_ms=31.889 per_iteration_ms=10.629666 observation=none uploads=0 downloads=0 compute_passes=50
SILEX_TENSOR_NEURAL phase=step_adam family=rnn backend=gpu batch=4 iterations=3 elapsed_ms=154.312 per_iteration_ms=51.437332 observation=none uploads=0 downloads=0 compute_passes=240
SILEX_TENSOR_NEURAL phase=loss_read family=rnn backend=gpu batch=4 iterations=1 elapsed_ms=0.235 per_iteration_ms=0.235 observation=every_step uploads=0 downloads=1 compute_passes=0
SILEX_TENSOR_NEURAL phase=step_resident family=rnn backend=gpu batch=4 iterations=3 elapsed_ms=527.955 per_iteration_ms=175.985 observation=spaced uploads=0 downloads=0 compute_passes=729
SILEX_TENSOR_NEURAL phase=step_end_to_end family=rnn backend=gpu batch=4 iterations=1 elapsed_ms=138.65399 per_iteration_ms=138.65399 observation=every_step uploads=7 downloads=6 compute_passes=173
SILEX_TENSOR_NEURAL phase=construction family=rnn backend=cpu batch=16 iterations=5 elapsed_ms=4.078 per_iteration_ms=0.81560004 observation=none uploads=0 downloads=0 compute_passes=0
SILEX_TENSOR_NEURAL phase=forward_cold family=rnn backend=cpu batch=16 iterations=1 elapsed_ms=9.133 per_iteration_ms=9.133 observation=none uploads=0 downloads=0 compute_passes=0
SILEX_TENSOR_NEURAL phase=forward_hot family=rnn backend=cpu batch=16 iterations=3 elapsed_ms=27.234 per_iteration_ms=9.078 observation=none uploads=0 downloads=0 compute_passes=0
SILEX_TENSOR_NEURAL phase=backward_cold family=rnn backend=cpu batch=16 iterations=1 elapsed_ms=21.387 per_iteration_ms=21.387 observation=none uploads=0 downloads=0 compute_passes=0
SILEX_TENSOR_NEURAL phase=backward_hot family=rnn backend=cpu batch=16 iterations=3 elapsed_ms=66.647 per_iteration_ms=22.215668 observation=none uploads=0 downloads=0 compute_passes=0
SILEX_TENSOR_NEURAL phase=step_sgd family=rnn backend=cpu batch=16 iterations=3 elapsed_ms=5.8650002 per_iteration_ms=1.955 observation=none uploads=0 downloads=0 compute_passes=0
SILEX_TENSOR_NEURAL phase=step_adam family=rnn backend=cpu batch=16 iterations=3 elapsed_ms=26.857 per_iteration_ms=8.952333 observation=none uploads=0 downloads=0 compute_passes=0
SILEX_TENSOR_NEURAL phase=loss_read family=rnn backend=cpu batch=16 iterations=1 elapsed_ms=0.014 per_iteration_ms=0.014 observation=every_step uploads=0 downloads=0 compute_passes=0
SILEX_TENSOR_NEURAL phase=step_resident family=rnn backend=cpu batch=16 iterations=3 elapsed_ms=133.343 per_iteration_ms=44.447666 observation=spaced uploads=0 downloads=0 compute_passes=0
SILEX_TENSOR_NEURAL phase=forward_cold family=rnn backend=gpu batch=16 iterations=1 elapsed_ms=39.035 per_iteration_ms=39.035 observation=none uploads=0 downloads=0 compute_passes=43
SILEX_TENSOR_NEURAL phase=forward_hot family=rnn backend=gpu batch=16 iterations=3 elapsed_ms=116.624 per_iteration_ms=38.87467 observation=none uploads=0 downloads=0 compute_passes=129
SILEX_TENSOR_NEURAL phase=backward_cold family=rnn backend=gpu batch=16 iterations=1 elapsed_ms=100.046 per_iteration_ms=100.046 observation=none uploads=0 downloads=0 compute_passes=111
SILEX_TENSOR_NEURAL phase=backward_hot family=rnn backend=gpu batch=16 iterations=3 elapsed_ms=294.93698 per_iteration_ms=98.312325 observation=none uploads=0 downloads=0 compute_passes=333
SILEX_TENSOR_NEURAL phase=step_sgd family=rnn backend=gpu batch=16 iterations=3 elapsed_ms=45.772 per_iteration_ms=15.257333 observation=none uploads=0 downloads=0 compute_passes=50
SILEX_TENSOR_NEURAL phase=step_adam family=rnn backend=gpu batch=16 iterations=3 elapsed_ms=211.18501 per_iteration_ms=70.395004 observation=none uploads=0 downloads=0 compute_passes=240
SILEX_TENSOR_NEURAL phase=loss_read family=rnn backend=gpu batch=16 iterations=1 elapsed_ms=0.33400002 per_iteration_ms=0.33400002 observation=every_step uploads=0 downloads=1 compute_passes=0
SILEX_TENSOR_NEURAL phase=step_resident family=rnn backend=gpu batch=16 iterations=3 elapsed_ms=700.21497 per_iteration_ms=233.40498 observation=spaced uploads=0 downloads=0 compute_passes=729
SILEX_TENSOR_NEURAL phase=step_end_to_end family=rnn backend=gpu batch=16 iterations=1 elapsed_ms=192.83899 per_iteration_ms=192.83899 observation=every_step uploads=7 downloads=6 compute_passes=173
SILEX_TENSOR_NEURAL phase=construction family=rnn backend=cpu batch=64 iterations=5 elapsed_ms=8.68 per_iteration_ms=1.7360001 observation=none uploads=0 downloads=0 compute_passes=0
SILEX_TENSOR_NEURAL phase=forward_cold family=rnn backend=cpu batch=64 iterations=1 elapsed_ms=28.116999 per_iteration_ms=28.116999 observation=none uploads=0 downloads=0 compute_passes=0
SILEX_TENSOR_NEURAL phase=forward_hot family=rnn backend=cpu batch=64 iterations=2 elapsed_ms=56.071 per_iteration_ms=28.0355 observation=none uploads=0 downloads=0 compute_passes=0
SILEX_TENSOR_NEURAL phase=backward_cold family=rnn backend=cpu batch=64 iterations=1 elapsed_ms=56.855 per_iteration_ms=56.855 observation=none uploads=0 downloads=0 compute_passes=0
SILEX_TENSOR_NEURAL phase=backward_hot family=rnn backend=cpu batch=64 iterations=2 elapsed_ms=114.585 per_iteration_ms=57.2925 observation=none uploads=0 downloads=0 compute_passes=0
SILEX_TENSOR_NEURAL phase=step_sgd family=rnn backend=cpu batch=64 iterations=2 elapsed_ms=5.81 per_iteration_ms=2.905 observation=none uploads=0 downloads=0 compute_passes=0
SILEX_TENSOR_NEURAL phase=step_adam family=rnn backend=cpu batch=64 iterations=2 elapsed_ms=28.473001 per_iteration_ms=14.236501 observation=none uploads=0 downloads=0 compute_passes=0
SILEX_TENSOR_NEURAL phase=loss_read family=rnn backend=cpu batch=64 iterations=1 elapsed_ms=0.024 per_iteration_ms=0.024 observation=every_step uploads=0 downloads=0 compute_passes=0
SILEX_TENSOR_NEURAL phase=step_resident family=rnn backend=cpu batch=64 iterations=2 elapsed_ms=206.621 per_iteration_ms=103.3105 observation=spaced uploads=0 downloads=0 compute_passes=0
SILEX_TENSOR_NEURAL phase=forward_cold family=rnn backend=gpu batch=64 iterations=1 elapsed_ms=50.146 per_iteration_ms=50.146 observation=none uploads=0 downloads=0 compute_passes=43
SILEX_TENSOR_NEURAL phase=forward_hot family=rnn backend=gpu batch=64 iterations=2 elapsed_ms=97.459 per_iteration_ms=48.7295 observation=none uploads=0 downloads=0 compute_passes=86
SILEX_TENSOR_NEURAL phase=backward_cold family=rnn backend=gpu batch=64 iterations=1 elapsed_ms=122.099 per_iteration_ms=122.099 observation=none uploads=0 downloads=0 compute_passes=111
SILEX_TENSOR_NEURAL phase=backward_hot family=rnn backend=gpu batch=64 iterations=2 elapsed_ms=249.94101 per_iteration_ms=124.970505 observation=none uploads=0 downloads=0 compute_passes=222
SILEX_TENSOR_NEURAL phase=step_sgd family=rnn backend=gpu batch=64 iterations=2 elapsed_ms=34.747 per_iteration_ms=17.3735 observation=none uploads=0 downloads=0 compute_passes=30
SILEX_TENSOR_NEURAL phase=step_adam family=rnn backend=gpu batch=64 iterations=2 elapsed_ms=167.126 per_iteration_ms=83.563 observation=none uploads=0 downloads=0 compute_passes=160
SILEX_TENSOR_NEURAL phase=loss_read family=rnn backend=gpu batch=64 iterations=1 elapsed_ms=0.392 per_iteration_ms=0.392 observation=every_step uploads=0 downloads=1 compute_passes=0
SILEX_TENSOR_NEURAL phase=step_resident family=rnn backend=gpu batch=64 iterations=2 elapsed_ms=551.877 per_iteration_ms=275.9385 observation=spaced uploads=0 downloads=0 compute_passes=486
SILEX_TENSOR_NEURAL phase=step_end_to_end family=rnn backend=gpu batch=64 iterations=1 elapsed_ms=224.316 per_iteration_ms=224.316 observation=every_step uploads=7 downloads=6 compute_passes=173
