SILEX_TENSOR_NEURAL_VERIFY status=pass uploads=0 hidden_downloads=0
SILEX_TENSOR_NEURAL phase=construction family=rnn backend=cpu batch=4 iterations=5 elapsed_ms=1.565 per_iteration_ms=0.31300002 observation=none uploads=0 downloads=0 compute_passes=0
SILEX_TENSOR_NEURAL phase=forward_cold family=rnn backend=cpu batch=4 iterations=1 elapsed_ms=1.9580001 per_iteration_ms=1.9580001 observation=none uploads=0 downloads=0 compute_passes=0
SILEX_TENSOR_NEURAL phase=forward_hot family=rnn backend=cpu batch=4 iterations=3 elapsed_ms=5.792 per_iteration_ms=1.9306666 observation=none uploads=0 downloads=0 compute_passes=0
SILEX_TENSOR_NEURAL phase=backward_cold family=rnn backend=cpu batch=4 iterations=1 elapsed_ms=5.43 per_iteration_ms=5.43 observation=none uploads=0 downloads=0 compute_passes=0
SILEX_TENSOR_NEURAL phase=backward_hot family=rnn backend=cpu batch=4 iterations=3 elapsed_ms=16.901 per_iteration_ms=5.6336665 observation=none uploads=0 downloads=0 compute_passes=0
SILEX_TENSOR_NEURAL phase=step_sgd family=rnn backend=cpu batch=4 iterations=3 elapsed_ms=1.831 per_iteration_ms=0.6103333 observation=none uploads=0 downloads=0 compute_passes=0
SILEX_TENSOR_NEURAL phase=step_adam family=rnn backend=cpu batch=4 iterations=3 elapsed_ms=9.12 per_iteration_ms=3.04 observation=none uploads=0 downloads=0 compute_passes=0
SILEX_TENSOR_NEURAL phase=loss_read family=rnn backend=cpu batch=4 iterations=1 elapsed_ms=0.005 per_iteration_ms=0.005 observation=every_step uploads=0 downloads=0 compute_passes=0
SILEX_TENSOR_NEURAL phase=step_resident family=rnn backend=cpu batch=4 iterations=3 elapsed_ms=39.962 per_iteration_ms=13.320667 observation=spaced uploads=0 downloads=0 compute_passes=0
SILEX_TENSOR_NEURAL phase=forward_cold family=rnn backend=gpu batch=4 iterations=1 elapsed_ms=30.328 per_iteration_ms=30.328 observation=none uploads=0 downloads=0 compute_passes=43
SILEX_TENSOR_NEURAL phase=forward_hot family=rnn backend=gpu batch=4 iterations=3 elapsed_ms=76.724 per_iteration_ms=25.574667 observation=none uploads=0 downloads=0 compute_passes=129
SILEX_TENSOR_NEURAL phase=backward_cold family=rnn backend=gpu batch=4 iterations=1 elapsed_ms=64.819 per_iteration_ms=64.819 observation=none uploads=0 downloads=0 compute_passes=111
SILEX_TENSOR_NEURAL phase=backward_hot family=rnn backend=gpu batch=4 iterations=3 elapsed_ms=204.476 per_iteration_ms=68.15867 observation=none uploads=0 downloads=0 compute_passes=333
SILEX_TENSOR_NEURAL phase=step_sgd family=rnn backend=gpu batch=4 iterations=3 elapsed_ms=33.486 per_iteration_ms=11.162 observation=none uploads=0 downloads=0 compute_passes=50
SILEX_TENSOR_NEURAL phase=step_adam family=rnn backend=gpu batch=4 iterations=3 elapsed_ms=153.253 per_iteration_ms=51.084335 observation=none uploads=0 downloads=0 compute_passes=240
SILEX_TENSOR_NEURAL phase=loss_read family=rnn backend=gpu batch=4 iterations=1 elapsed_ms=0.253 per_iteration_ms=0.253 observation=every_step uploads=0 downloads=1 compute_passes=0
SILEX_TENSOR_NEURAL phase=step_resident family=rnn backend=gpu batch=4 iterations=3 elapsed_ms=530.732 per_iteration_ms=176.91066 observation=spaced uploads=0 downloads=0 compute_passes=729
SILEX_TENSOR_NEURAL phase=step_end_to_end family=rnn backend=gpu batch=4 iterations=1 elapsed_ms=149.38899 per_iteration_ms=149.38899 observation=every_step uploads=7 downloads=6 compute_passes=173
SILEX_TENSOR_NEURAL phase=construction family=rnn backend=cpu batch=16 iterations=5 elapsed_ms=4.1419997 per_iteration_ms=0.82839996 observation=none uploads=0 downloads=0 compute_passes=0
SILEX_TENSOR_NEURAL phase=forward_cold family=rnn backend=cpu batch=16 iterations=1 elapsed_ms=9.098 per_iteration_ms=9.098 observation=none uploads=0 downloads=0 compute_passes=0
SILEX_TENSOR_NEURAL phase=forward_hot family=rnn backend=cpu batch=16 iterations=3 elapsed_ms=27.216 per_iteration_ms=9.072 observation=none uploads=0 downloads=0 compute_passes=0
SILEX_TENSOR_NEURAL phase=backward_cold family=rnn backend=cpu batch=16 iterations=1 elapsed_ms=21.392 per_iteration_ms=21.392 observation=none uploads=0 downloads=0 compute_passes=0
SILEX_TENSOR_NEURAL phase=backward_hot family=rnn backend=cpu batch=16 iterations=3 elapsed_ms=65.155 per_iteration_ms=21.718332 observation=none uploads=0 downloads=0 compute_passes=0
SILEX_TENSOR_NEURAL phase=step_sgd family=rnn backend=cpu batch=16 iterations=3 elapsed_ms=5.5979996 per_iteration_ms=1.8659998 observation=none uploads=0 downloads=0 compute_passes=0
SILEX_TENSOR_NEURAL phase=step_adam family=rnn backend=cpu batch=16 iterations=3 elapsed_ms=26.151001 per_iteration_ms=8.717 observation=none uploads=0 downloads=0 compute_passes=0
SILEX_TENSOR_NEURAL phase=loss_read family=rnn backend=cpu batch=16 iterations=1 elapsed_ms=0.015 per_iteration_ms=0.015 observation=every_step uploads=0 downloads=0 compute_passes=0
SILEX_TENSOR_NEURAL phase=step_resident family=rnn backend=cpu batch=16 iterations=3 elapsed_ms=131.272 per_iteration_ms=43.757336 observation=spaced uploads=0 downloads=0 compute_passes=0
SILEX_TENSOR_NEURAL phase=forward_cold family=rnn backend=gpu batch=16 iterations=1 elapsed_ms=38.725998 per_iteration_ms=38.725998 observation=none uploads=0 downloads=0 compute_passes=43
SILEX_TENSOR_NEURAL phase=forward_hot family=rnn backend=gpu batch=16 iterations=3 elapsed_ms=115.086 per_iteration_ms=38.362 observation=none uploads=0 downloads=0 compute_passes=129
SILEX_TENSOR_NEURAL phase=backward_cold family=rnn backend=gpu batch=16 iterations=1 elapsed_ms=99.279 per_iteration_ms=99.279 observation=none uploads=0 downloads=0 compute_passes=111
SILEX_TENSOR_NEURAL phase=backward_hot family=rnn backend=gpu batch=16 iterations=3 elapsed_ms=300.52 per_iteration_ms=100.17333 observation=none uploads=0 downloads=0 compute_passes=333
SILEX_TENSOR_NEURAL phase=step_sgd family=rnn backend=gpu batch=16 iterations=3 elapsed_ms=45.778996 per_iteration_ms=15.2596655 observation=none uploads=0 downloads=0 compute_passes=50
SILEX_TENSOR_NEURAL phase=step_adam family=rnn backend=gpu batch=16 iterations=3 elapsed_ms=204.857 per_iteration_ms=68.28567 observation=none uploads=0 downloads=0 compute_passes=240
SILEX_TENSOR_NEURAL phase=loss_read family=rnn backend=gpu batch=16 iterations=1 elapsed_ms=0.349 per_iteration_ms=0.349 observation=every_step uploads=0 downloads=1 compute_passes=0
SILEX_TENSOR_NEURAL phase=step_resident family=rnn backend=gpu batch=16 iterations=3 elapsed_ms=715.07104 per_iteration_ms=238.35701 observation=spaced uploads=0 downloads=0 compute_passes=729
SILEX_TENSOR_NEURAL phase=step_end_to_end family=rnn backend=gpu batch=16 iterations=1 elapsed_ms=197.429 per_iteration_ms=197.429 observation=every_step uploads=7 downloads=6 compute_passes=173
SILEX_TENSOR_NEURAL phase=construction family=rnn backend=cpu batch=64 iterations=5 elapsed_ms=8.931 per_iteration_ms=1.7861999 observation=none uploads=0 downloads=0 compute_passes=0
SILEX_TENSOR_NEURAL phase=forward_cold family=rnn backend=cpu batch=64 iterations=1 elapsed_ms=28.56 per_iteration_ms=28.56 observation=none uploads=0 downloads=0 compute_passes=0
SILEX_TENSOR_NEURAL phase=forward_hot family=rnn backend=cpu batch=64 iterations=2 elapsed_ms=56.727 per_iteration_ms=28.3635 observation=none uploads=0 downloads=0 compute_passes=0
SILEX_TENSOR_NEURAL phase=backward_cold family=rnn backend=cpu batch=64 iterations=1 elapsed_ms=57.875 per_iteration_ms=57.875 observation=none uploads=0 downloads=0 compute_passes=0
SILEX_TENSOR_NEURAL phase=backward_hot family=rnn backend=cpu batch=64 iterations=2 elapsed_ms=116.333 per_iteration_ms=58.1665 observation=none uploads=0 downloads=0 compute_passes=0
SILEX_TENSOR_NEURAL phase=step_sgd family=rnn backend=cpu batch=64 iterations=2 elapsed_ms=6.049 per_iteration_ms=3.0245 observation=none uploads=0 downloads=0 compute_passes=0
SILEX_TENSOR_NEURAL phase=step_adam family=rnn backend=cpu batch=64 iterations=2 elapsed_ms=29.727001 per_iteration_ms=14.863501 observation=none uploads=0 downloads=0 compute_passes=0
SILEX_TENSOR_NEURAL phase=loss_read family=rnn backend=cpu batch=64 iterations=1 elapsed_ms=0.024 per_iteration_ms=0.024 observation=every_step uploads=0 downloads=0 compute_passes=0
SILEX_TENSOR_NEURAL phase=step_resident family=rnn backend=cpu batch=64 iterations=2 elapsed_ms=215.948 per_iteration_ms=107.974 observation=spaced uploads=0 downloads=0 compute_passes=0
SILEX_TENSOR_NEURAL phase=forward_cold family=rnn backend=gpu batch=64 iterations=1 elapsed_ms=50.236 per_iteration_ms=50.236 observation=none uploads=0 downloads=0 compute_passes=43
SILEX_TENSOR_NEURAL phase=forward_hot family=rnn backend=gpu batch=64 iterations=2 elapsed_ms=97.948 per_iteration_ms=48.974 observation=none uploads=0 downloads=0 compute_passes=86
SILEX_TENSOR_NEURAL phase=backward_cold family=rnn backend=gpu batch=64 iterations=1 elapsed_ms=122.211 per_iteration_ms=122.211 observation=none uploads=0 downloads=0 compute_passes=111
SILEX_TENSOR_NEURAL phase=backward_hot family=rnn backend=gpu batch=64 iterations=2 elapsed_ms=248.095 per_iteration_ms=124.0475 observation=none uploads=0 downloads=0 compute_passes=222
SILEX_TENSOR_NEURAL phase=step_sgd family=rnn backend=gpu batch=64 iterations=2 elapsed_ms=32.537 per_iteration_ms=16.2685 observation=none uploads=0 downloads=0 compute_passes=30
SILEX_TENSOR_NEURAL phase=step_adam family=rnn backend=gpu batch=64 iterations=2 elapsed_ms=163.80501 per_iteration_ms=81.902504 observation=none uploads=0 downloads=0 compute_passes=160
SILEX_TENSOR_NEURAL phase=loss_read family=rnn backend=gpu batch=64 iterations=1 elapsed_ms=0.42 per_iteration_ms=0.42 observation=every_step uploads=0 downloads=1 compute_passes=0
SILEX_TENSOR_NEURAL phase=step_resident family=rnn backend=gpu batch=64 iterations=2 elapsed_ms=550.779 per_iteration_ms=275.3895 observation=spaced uploads=0 downloads=0 compute_passes=486
SILEX_TENSOR_NEURAL phase=step_end_to_end family=rnn backend=gpu batch=64 iterations=1 elapsed_ms=229.333 per_iteration_ms=229.333 observation=every_step uploads=7 downloads=6 compute_passes=173
