SILEX_FONT_RASTER case=pressure_revisit iterations=640 load_ms=0.0 measure_ms=12.114005 raster_ms=439.02014 width_milli=311210000 height_milli=12800000 lines=640 nonzero=4136458 alpha=722097919
Process 54829 is not debuggable. Due to security restrictions, leaks can only show or save contents of readonly memory of restricted processes.

Process:         font-raster-candidate [54829]
Path:            /private/tmp/*/font-raster-candidate
Load Address:    0x1041d0000
Identifier:      font-raster-candidate
Version:         0
Code Type:       ARM64
Platform:        macOS
Parent Process:  leaks [54828]
Target Type:     live task

Date/Time:       2026-09-01 11:29:06.027 +0200
Launch Time:     2026-09-01 11:29:04.561 +0200
OS Version:      macOS 26.6.2 (25G83)
Report Version:  7
Analysis Tool:   /usr/bin/leaks

Physical footprint:         148.9M
Physical footprint (peak):  149.4M
Idle exit:                  untracked
----

leaks Report Version: 4.0, multi-line stacks
Process 54829: 1339 nodes malloced for 3106 KB
Process 54829: 0 leaks for 0 total leaked bytes.
