SILEX_TENSOR_NEURAL_VERIFY status=pass uploads=0 hidden_downloads=0
SILEX_TENSOR_NEURAL phase=construction family=cnn backend=cpu batch=1 iterations=5 elapsed_ms=1.334 per_iteration_ms=0.2668 observation=none uploads=0 downloads=0 compute_passes=0
SILEX_TENSOR_NEURAL phase=forward_cold family=cnn backend=cpu batch=1 iterations=1 elapsed_ms=0.28800002 per_iteration_ms=0.28800002 observation=none uploads=0 downloads=0 compute_passes=0
SILEX_TENSOR_NEURAL phase=forward_hot family=cnn backend=cpu batch=1 iterations=3 elapsed_ms=0.733 per_iteration_ms=0.24433333 observation=none uploads=0 downloads=0 compute_passes=0
SILEX_TENSOR_NEURAL phase=backward_cold family=cnn backend=cpu batch=1 iterations=1 elapsed_ms=1.061 per_iteration_ms=1.061 observation=none uploads=0 downloads=0 compute_passes=0
SILEX_TENSOR_NEURAL phase=backward_hot family=cnn backend=cpu batch=1 iterations=3 elapsed_ms=2.8579998 per_iteration_ms=0.9526666 observation=none uploads=0 downloads=0 compute_passes=0
SILEX_TENSOR_NEURAL phase=step_sgd family=cnn backend=cpu batch=1 iterations=3 elapsed_ms=1.375 per_iteration_ms=0.45833334 observation=none uploads=0 downloads=0 compute_passes=0
SILEX_TENSOR_NEURAL phase=step_adam family=cnn backend=cpu batch=1 iterations=3 elapsed_ms=5.734 per_iteration_ms=1.9113334 observation=none uploads=0 downloads=0 compute_passes=0
SILEX_TENSOR_NEURAL phase=loss_read family=cnn backend=cpu batch=1 iterations=1 elapsed_ms=0.004 per_iteration_ms=0.004 observation=every_step uploads=0 downloads=0 compute_passes=0
SILEX_TENSOR_NEURAL phase=step_resident family=cnn backend=cpu batch=1 iterations=3 elapsed_ms=10.397 per_iteration_ms=3.4656668 observation=spaced uploads=0 downloads=0 compute_passes=0
SILEX_TENSOR_NEURAL phase=forward_cold family=cnn backend=gpu batch=1 iterations=1 elapsed_ms=5.9329996 per_iteration_ms=5.9329996 observation=none uploads=0 downloads=0 compute_passes=6
SILEX_TENSOR_NEURAL phase=forward_hot family=cnn backend=gpu batch=1 iterations=3 elapsed_ms=10.772 per_iteration_ms=3.5906668 observation=none uploads=0 downloads=0 compute_passes=18
SILEX_TENSOR_NEURAL phase=backward_cold family=cnn backend=gpu batch=1 iterations=1 elapsed_ms=21.009 per_iteration_ms=21.009 observation=none uploads=0 downloads=0 compute_passes=32
SILEX_TENSOR_NEURAL phase=backward_hot family=cnn backend=gpu batch=1 iterations=3 elapsed_ms=53.328 per_iteration_ms=17.776 observation=none uploads=0 downloads=0 compute_passes=96
SILEX_TENSOR_NEURAL phase=step_sgd family=cnn backend=gpu batch=1 iterations=3 elapsed_ms=25.088001 per_iteration_ms=8.362667 observation=none uploads=0 downloads=0 compute_passes=40
SILEX_TENSOR_NEURAL phase=step_adam family=cnn backend=gpu batch=1 iterations=3 elapsed_ms=106.62299 per_iteration_ms=35.540997 observation=none uploads=0 downloads=0 compute_passes=192
SILEX_TENSOR_NEURAL phase=loss_read family=cnn backend=gpu batch=1 iterations=1 elapsed_ms=0.38300002 per_iteration_ms=0.38300002 observation=every_step uploads=0 downloads=1 compute_passes=0
SILEX_TENSOR_NEURAL phase=step_resident family=cnn backend=gpu batch=1 iterations=3 elapsed_ms=191.918 per_iteration_ms=63.972668 observation=spaced uploads=0 downloads=0 compute_passes=333
SILEX_TENSOR_NEURAL phase=step_end_to_end family=cnn backend=gpu batch=1 iterations=1 elapsed_ms=47.427 per_iteration_ms=47.427 observation=every_step uploads=6 downloads=5 compute_passes=55
SILEX_TENSOR_NEURAL phase=construction family=cnn backend=cpu batch=4 iterations=5 elapsed_ms=2.207 per_iteration_ms=0.4414 observation=none uploads=0 downloads=0 compute_passes=0
SILEX_TENSOR_NEURAL phase=forward_cold family=cnn backend=cpu batch=4 iterations=1 elapsed_ms=0.854 per_iteration_ms=0.854 observation=none uploads=0 downloads=0 compute_passes=0
SILEX_TENSOR_NEURAL phase=forward_hot family=cnn backend=cpu batch=4 iterations=3 elapsed_ms=2.447 per_iteration_ms=0.8156667 observation=none uploads=0 downloads=0 compute_passes=0
SILEX_TENSOR_NEURAL phase=backward_cold family=cnn backend=cpu batch=4 iterations=1 elapsed_ms=2.408 per_iteration_ms=2.408 observation=none uploads=0 downloads=0 compute_passes=0
SILEX_TENSOR_NEURAL phase=backward_hot family=cnn backend=cpu batch=4 iterations=3 elapsed_ms=7.362 per_iteration_ms=2.454 observation=none uploads=0 downloads=0 compute_passes=0
SILEX_TENSOR_NEURAL phase=step_sgd family=cnn backend=cpu batch=4 iterations=3 elapsed_ms=2.187 per_iteration_ms=0.72900003 observation=none uploads=0 downloads=0 compute_passes=0
SILEX_TENSOR_NEURAL phase=step_adam family=cnn backend=cpu batch=4 iterations=3 elapsed_ms=9.929999 per_iteration_ms=3.3099997 observation=none uploads=0 downloads=0 compute_passes=0
SILEX_TENSOR_NEURAL phase=loss_read family=cnn backend=cpu batch=4 iterations=1 elapsed_ms=0.006 per_iteration_ms=0.006 observation=every_step uploads=0 downloads=0 compute_passes=0
SILEX_TENSOR_NEURAL phase=step_resident family=cnn backend=cpu batch=4 iterations=3 elapsed_ms=21.402 per_iteration_ms=7.1340003 observation=spaced uploads=0 downloads=0 compute_passes=0
SILEX_TENSOR_NEURAL phase=forward_cold family=cnn backend=gpu batch=4 iterations=1 elapsed_ms=5.146 per_iteration_ms=5.146 observation=none uploads=0 downloads=0 compute_passes=6
SILEX_TENSOR_NEURAL phase=forward_hot family=cnn backend=gpu batch=4 iterations=3 elapsed_ms=16.507 per_iteration_ms=5.502333 observation=none uploads=0 downloads=0 compute_passes=18
SILEX_TENSOR_NEURAL phase=backward_cold family=cnn backend=gpu batch=4 iterations=1 elapsed_ms=25.986 per_iteration_ms=25.986 observation=none uploads=0 downloads=0 compute_passes=32
SILEX_TENSOR_NEURAL phase=backward_hot family=cnn backend=gpu batch=4 iterations=3 elapsed_ms=69.059 per_iteration_ms=23.019667 observation=none uploads=0 downloads=0 compute_passes=96
SILEX_TENSOR_NEURAL phase=step_sgd family=cnn backend=gpu batch=4 iterations=3 elapsed_ms=27.320002 per_iteration_ms=9.1066675 observation=none uploads=0 downloads=0 compute_passes=40
SILEX_TENSOR_NEURAL phase=step_adam family=cnn backend=gpu batch=4 iterations=3 elapsed_ms=119.988 per_iteration_ms=39.996 observation=none uploads=0 downloads=0 compute_passes=192
SILEX_TENSOR_NEURAL phase=loss_read family=cnn backend=gpu batch=4 iterations=1 elapsed_ms=0.224 per_iteration_ms=0.224 observation=every_step uploads=0 downloads=1 compute_passes=0
SILEX_TENSOR_NEURAL phase=step_resident family=cnn backend=gpu batch=4 iterations=3 elapsed_ms=222.286 per_iteration_ms=74.09533 observation=spaced uploads=0 downloads=0 compute_passes=333
SILEX_TENSOR_NEURAL phase=step_end_to_end family=cnn backend=gpu batch=4 iterations=1 elapsed_ms=56.934 per_iteration_ms=56.934 observation=every_step uploads=6 downloads=5 compute_passes=55
SILEX_TENSOR_NEURAL phase=construction family=cnn backend=cpu batch=16 iterations=5 elapsed_ms=3.5029998 per_iteration_ms=0.70059997 observation=none uploads=0 downloads=0 compute_passes=0
SILEX_TENSOR_NEURAL phase=forward_cold family=cnn backend=cpu batch=16 iterations=1 elapsed_ms=2.6100001 per_iteration_ms=2.6100001 observation=none uploads=0 downloads=0 compute_passes=0
SILEX_TENSOR_NEURAL phase=forward_hot family=cnn backend=cpu batch=16 iterations=2 elapsed_ms=5.0880003 per_iteration_ms=2.5440001 observation=none uploads=0 downloads=0 compute_passes=0
SILEX_TENSOR_NEURAL phase=backward_cold family=cnn backend=cpu batch=16 iterations=1 elapsed_ms=5.702 per_iteration_ms=5.702 observation=none uploads=0 downloads=0 compute_passes=0
SILEX_TENSOR_NEURAL phase=backward_hot family=cnn backend=cpu batch=16 iterations=2 elapsed_ms=11.368 per_iteration_ms=5.684 observation=none uploads=0 downloads=0 compute_passes=0
SILEX_TENSOR_NEURAL phase=step_sgd family=cnn backend=cpu batch=16 iterations=2 elapsed_ms=1.915 per_iteration_ms=0.9575 observation=none uploads=0 downloads=0 compute_passes=0
SILEX_TENSOR_NEURAL phase=step_adam family=cnn backend=cpu batch=16 iterations=2 elapsed_ms=9.427 per_iteration_ms=4.7135 observation=none uploads=0 downloads=0 compute_passes=0
SILEX_TENSOR_NEURAL phase=loss_read family=cnn backend=cpu batch=16 iterations=1 elapsed_ms=0.01 per_iteration_ms=0.01 observation=every_step uploads=0 downloads=0 compute_passes=0
SILEX_TENSOR_NEURAL phase=step_resident family=cnn backend=cpu batch=16 iterations=2 elapsed_ms=27.774 per_iteration_ms=13.887 observation=spaced uploads=0 downloads=0 compute_passes=0
SILEX_TENSOR_NEURAL phase=forward_cold family=cnn backend=gpu batch=16 iterations=1 elapsed_ms=7.158 per_iteration_ms=7.158 observation=none uploads=0 downloads=0 compute_passes=6
SILEX_TENSOR_NEURAL phase=forward_hot family=cnn backend=gpu batch=16 iterations=2 elapsed_ms=10.907 per_iteration_ms=5.4535 observation=none uploads=0 downloads=0 compute_passes=12
SILEX_TENSOR_NEURAL phase=backward_cold family=cnn backend=gpu batch=16 iterations=1 elapsed_ms=33.903 per_iteration_ms=33.903 observation=none uploads=0 downloads=0 compute_passes=32
SILEX_TENSOR_NEURAL phase=backward_hot family=cnn backend=gpu batch=16 iterations=2 elapsed_ms=59.046 per_iteration_ms=29.523 observation=none uploads=0 downloads=0 compute_passes=64
SILEX_TENSOR_NEURAL phase=step_sgd family=cnn backend=gpu batch=16 iterations=2 elapsed_ms=17.444 per_iteration_ms=8.722 observation=none uploads=0 downloads=0 compute_passes=24
SILEX_TENSOR_NEURAL phase=step_adam family=cnn backend=gpu batch=16 iterations=2 elapsed_ms=90.165 per_iteration_ms=45.0825 observation=none uploads=0 downloads=0 compute_passes=128
SILEX_TENSOR_NEURAL phase=loss_read family=cnn backend=gpu batch=16 iterations=1 elapsed_ms=2.575 per_iteration_ms=2.575 observation=every_step uploads=0 downloads=1 compute_passes=0
SILEX_TENSOR_NEURAL phase=step_resident family=cnn backend=gpu batch=16 iterations=2 elapsed_ms=166.084 per_iteration_ms=83.042 observation=spaced uploads=0 downloads=0 compute_passes=222
SILEX_TENSOR_NEURAL phase=step_end_to_end family=cnn backend=gpu batch=16 iterations=1 elapsed_ms=56.302998 per_iteration_ms=56.302998 observation=every_step uploads=6 downloads=5 compute_passes=55
