SILEX_TENSOR_NEURAL_VERIFY status=pass uploads=0 hidden_downloads=0
SILEX_TENSOR_NEURAL phase=construction family=cnn backend=cpu batch=1 iterations=5 elapsed_ms=1.286 per_iteration_ms=0.2572 observation=none uploads=0 downloads=0 compute_passes=0
SILEX_TENSOR_NEURAL phase=forward_cold family=cnn backend=cpu batch=1 iterations=1 elapsed_ms=0.297 per_iteration_ms=0.297 observation=none uploads=0 downloads=0 compute_passes=0
SILEX_TENSOR_NEURAL phase=forward_hot family=cnn backend=cpu batch=1 iterations=3 elapsed_ms=0.72900003 per_iteration_ms=0.24300002 observation=none uploads=0 downloads=0 compute_passes=0
SILEX_TENSOR_NEURAL phase=backward_cold family=cnn backend=cpu batch=1 iterations=1 elapsed_ms=0.93799996 per_iteration_ms=0.93799996 observation=none uploads=0 downloads=0 compute_passes=0
SILEX_TENSOR_NEURAL phase=backward_hot family=cnn backend=cpu batch=1 iterations=3 elapsed_ms=2.685 per_iteration_ms=0.895 observation=none uploads=0 downloads=0 compute_passes=0
SILEX_TENSOR_NEURAL phase=step_sgd family=cnn backend=cpu batch=1 iterations=3 elapsed_ms=1.233 per_iteration_ms=0.411 observation=none uploads=0 downloads=0 compute_passes=0
SILEX_TENSOR_NEURAL phase=step_adam family=cnn backend=cpu batch=1 iterations=3 elapsed_ms=5.4680004 per_iteration_ms=1.8226668 observation=none uploads=0 downloads=0 compute_passes=0
SILEX_TENSOR_NEURAL phase=loss_read family=cnn backend=cpu batch=1 iterations=1 elapsed_ms=0.003 per_iteration_ms=0.003 observation=every_step uploads=0 downloads=0 compute_passes=0
SILEX_TENSOR_NEURAL phase=step_resident family=cnn backend=cpu batch=1 iterations=3 elapsed_ms=10.041 per_iteration_ms=3.3470001 observation=spaced uploads=0 downloads=0 compute_passes=0
SILEX_TENSOR_NEURAL phase=forward_cold family=cnn backend=gpu batch=1 iterations=1 elapsed_ms=44.351 per_iteration_ms=44.351 observation=none uploads=0 downloads=0 compute_passes=6
SILEX_TENSOR_NEURAL phase=forward_hot family=cnn backend=gpu batch=1 iterations=3 elapsed_ms=10.458 per_iteration_ms=3.486 observation=none uploads=0 downloads=0 compute_passes=18
SILEX_TENSOR_NEURAL phase=backward_cold family=cnn backend=gpu batch=1 iterations=1 elapsed_ms=35.186 per_iteration_ms=35.186 observation=none uploads=0 downloads=0 compute_passes=32
SILEX_TENSOR_NEURAL phase=backward_hot family=cnn backend=gpu batch=1 iterations=3 elapsed_ms=51.219 per_iteration_ms=17.073 observation=none uploads=0 downloads=0 compute_passes=96
SILEX_TENSOR_NEURAL phase=step_sgd family=cnn backend=gpu batch=1 iterations=3 elapsed_ms=19.744999 per_iteration_ms=6.5816665 observation=none uploads=0 downloads=0 compute_passes=40
SILEX_TENSOR_NEURAL phase=step_adam family=cnn backend=gpu batch=1 iterations=3 elapsed_ms=91.433 per_iteration_ms=30.477667 observation=none uploads=0 downloads=0 compute_passes=192
SILEX_TENSOR_NEURAL phase=loss_read family=cnn backend=gpu batch=1 iterations=1 elapsed_ms=0.224 per_iteration_ms=0.224 observation=every_step uploads=0 downloads=1 compute_passes=0
SILEX_TENSOR_NEURAL phase=step_resident family=cnn backend=gpu batch=1 iterations=3 elapsed_ms=162.404 per_iteration_ms=54.13467 observation=spaced uploads=0 downloads=0 compute_passes=333
SILEX_TENSOR_NEURAL phase=step_end_to_end family=cnn backend=gpu batch=1 iterations=1 elapsed_ms=38.397 per_iteration_ms=38.397 observation=every_step uploads=6 downloads=5 compute_passes=55
SILEX_TENSOR_NEURAL phase=construction family=cnn backend=cpu batch=4 iterations=5 elapsed_ms=2.1069999 per_iteration_ms=0.42139998 observation=none uploads=0 downloads=0 compute_passes=0
SILEX_TENSOR_NEURAL phase=forward_cold family=cnn backend=cpu batch=4 iterations=1 elapsed_ms=0.805 per_iteration_ms=0.805 observation=none uploads=0 downloads=0 compute_passes=0
SILEX_TENSOR_NEURAL phase=forward_hot family=cnn backend=cpu batch=4 iterations=3 elapsed_ms=2.317 per_iteration_ms=0.7723333 observation=none uploads=0 downloads=0 compute_passes=0
SILEX_TENSOR_NEURAL phase=backward_cold family=cnn backend=cpu batch=4 iterations=1 elapsed_ms=2.2 per_iteration_ms=2.2 observation=none uploads=0 downloads=0 compute_passes=0
SILEX_TENSOR_NEURAL phase=backward_hot family=cnn backend=cpu batch=4 iterations=3 elapsed_ms=6.59 per_iteration_ms=2.1966667 observation=none uploads=0 downloads=0 compute_passes=0
SILEX_TENSOR_NEURAL phase=step_sgd family=cnn backend=cpu batch=4 iterations=3 elapsed_ms=2.043 per_iteration_ms=0.681 observation=none uploads=0 downloads=0 compute_passes=0
SILEX_TENSOR_NEURAL phase=step_adam family=cnn backend=cpu batch=4 iterations=3 elapsed_ms=9.114 per_iteration_ms=3.038 observation=none uploads=0 downloads=0 compute_passes=0
SILEX_TENSOR_NEURAL phase=loss_read family=cnn backend=cpu batch=4 iterations=1 elapsed_ms=0.005 per_iteration_ms=0.005 observation=every_step uploads=0 downloads=0 compute_passes=0
SILEX_TENSOR_NEURAL phase=step_resident family=cnn backend=cpu batch=4 iterations=3 elapsed_ms=19.948 per_iteration_ms=6.6493335 observation=spaced uploads=0 downloads=0 compute_passes=0
SILEX_TENSOR_NEURAL phase=forward_cold family=cnn backend=gpu batch=4 iterations=1 elapsed_ms=4.714 per_iteration_ms=4.714 observation=none uploads=0 downloads=0 compute_passes=6
SILEX_TENSOR_NEURAL phase=forward_hot family=cnn backend=gpu batch=4 iterations=3 elapsed_ms=12.648001 per_iteration_ms=4.216 observation=none uploads=0 downloads=0 compute_passes=18
SILEX_TENSOR_NEURAL phase=backward_cold family=cnn backend=gpu batch=4 iterations=1 elapsed_ms=19.313 per_iteration_ms=19.313 observation=none uploads=0 downloads=0 compute_passes=32
SILEX_TENSOR_NEURAL phase=backward_hot family=cnn backend=gpu batch=4 iterations=3 elapsed_ms=65.937996 per_iteration_ms=21.979332 observation=none uploads=0 downloads=0 compute_passes=96
SILEX_TENSOR_NEURAL phase=step_sgd family=cnn backend=gpu batch=4 iterations=3 elapsed_ms=26.241001 per_iteration_ms=8.747001 observation=none uploads=0 downloads=0 compute_passes=40
SILEX_TENSOR_NEURAL phase=step_adam family=cnn backend=gpu batch=4 iterations=3 elapsed_ms=116.711006 per_iteration_ms=38.903667 observation=none uploads=0 downloads=0 compute_passes=192
SILEX_TENSOR_NEURAL phase=loss_read family=cnn backend=gpu batch=4 iterations=1 elapsed_ms=0.36 per_iteration_ms=0.36 observation=every_step uploads=0 downloads=1 compute_passes=0
SILEX_TENSOR_NEURAL phase=step_resident family=cnn backend=gpu batch=4 iterations=3 elapsed_ms=208.643 per_iteration_ms=69.54767 observation=spaced uploads=0 downloads=0 compute_passes=333
SILEX_TENSOR_NEURAL phase=step_end_to_end family=cnn backend=gpu batch=4 iterations=1 elapsed_ms=47.850002 per_iteration_ms=47.850002 observation=every_step uploads=6 downloads=5 compute_passes=55
SILEX_TENSOR_NEURAL phase=construction family=cnn backend=cpu batch=16 iterations=5 elapsed_ms=3.474 per_iteration_ms=0.6948 observation=none uploads=0 downloads=0 compute_passes=0
SILEX_TENSOR_NEURAL phase=forward_cold family=cnn backend=cpu batch=16 iterations=1 elapsed_ms=2.655 per_iteration_ms=2.655 observation=none uploads=0 downloads=0 compute_passes=0
SILEX_TENSOR_NEURAL phase=forward_hot family=cnn backend=cpu batch=16 iterations=2 elapsed_ms=5.258 per_iteration_ms=2.629 observation=none uploads=0 downloads=0 compute_passes=0
SILEX_TENSOR_NEURAL phase=backward_cold family=cnn backend=cpu batch=16 iterations=1 elapsed_ms=5.936 per_iteration_ms=5.936 observation=none uploads=0 downloads=0 compute_passes=0
SILEX_TENSOR_NEURAL phase=backward_hot family=cnn backend=cpu batch=16 iterations=2 elapsed_ms=11.592 per_iteration_ms=5.796 observation=none uploads=0 downloads=0 compute_passes=0
SILEX_TENSOR_NEURAL phase=step_sgd family=cnn backend=cpu batch=16 iterations=2 elapsed_ms=1.9519999 per_iteration_ms=0.97599995 observation=none uploads=0 downloads=0 compute_passes=0
SILEX_TENSOR_NEURAL phase=step_adam family=cnn backend=cpu batch=16 iterations=2 elapsed_ms=9.213 per_iteration_ms=4.6065 observation=none uploads=0 downloads=0 compute_passes=0
SILEX_TENSOR_NEURAL phase=loss_read family=cnn backend=cpu batch=16 iterations=1 elapsed_ms=0.009000001 per_iteration_ms=0.009000001 observation=every_step uploads=0 downloads=0 compute_passes=0
SILEX_TENSOR_NEURAL phase=step_resident family=cnn backend=cpu batch=16 iterations=2 elapsed_ms=27.192 per_iteration_ms=13.596 observation=spaced uploads=0 downloads=0 compute_passes=0
SILEX_TENSOR_NEURAL phase=forward_cold family=cnn backend=gpu batch=16 iterations=1 elapsed_ms=6.577 per_iteration_ms=6.577 observation=none uploads=0 downloads=0 compute_passes=6
SILEX_TENSOR_NEURAL phase=forward_hot family=cnn backend=gpu batch=16 iterations=2 elapsed_ms=8.943 per_iteration_ms=4.4715 observation=none uploads=0 downloads=0 compute_passes=12
SILEX_TENSOR_NEURAL phase=backward_cold family=cnn backend=gpu batch=16 iterations=1 elapsed_ms=23.039 per_iteration_ms=23.039 observation=none uploads=0 downloads=0 compute_passes=32
SILEX_TENSOR_NEURAL phase=backward_hot family=cnn backend=gpu batch=16 iterations=2 elapsed_ms=48.738 per_iteration_ms=24.369 observation=none uploads=0 downloads=0 compute_passes=64
SILEX_TENSOR_NEURAL phase=step_sgd family=cnn backend=gpu batch=16 iterations=2 elapsed_ms=21.606 per_iteration_ms=10.803 observation=none uploads=0 downloads=0 compute_passes=24
SILEX_TENSOR_NEURAL phase=step_adam family=cnn backend=gpu batch=16 iterations=2 elapsed_ms=93.657005 per_iteration_ms=46.828503 observation=none uploads=0 downloads=0 compute_passes=128
SILEX_TENSOR_NEURAL phase=loss_read family=cnn backend=gpu batch=16 iterations=1 elapsed_ms=0.287 per_iteration_ms=0.287 observation=every_step uploads=0 downloads=1 compute_passes=0
SILEX_TENSOR_NEURAL phase=step_resident family=cnn backend=gpu batch=16 iterations=2 elapsed_ms=162.032 per_iteration_ms=81.016 observation=spaced uploads=0 downloads=0 compute_passes=222
SILEX_TENSOR_NEURAL phase=step_end_to_end family=cnn backend=gpu batch=16 iterations=1 elapsed_ms=56.544 per_iteration_ms=56.544 observation=every_step uploads=6 downloads=5 compute_passes=55
