SILEX_TENSOR_NEURAL_VERIFY status=pass uploads=0 hidden_downloads=0
SILEX_TENSOR_NEURAL phase=construction family=mlp backend=cpu batch=4 iterations=5 elapsed_ms=1.593 per_iteration_ms=0.3186 observation=none uploads=0 downloads=0 compute_passes=0
SILEX_TENSOR_NEURAL phase=forward_cold family=mlp backend=cpu batch=4 iterations=1 elapsed_ms=1.048 per_iteration_ms=1.048 observation=none uploads=0 downloads=0 compute_passes=0
SILEX_TENSOR_NEURAL phase=forward_hot family=mlp backend=cpu batch=4 iterations=3 elapsed_ms=3.1039999 per_iteration_ms=1.0346667 observation=none uploads=0 downloads=0 compute_passes=0
SILEX_TENSOR_NEURAL phase=backward_cold family=mlp backend=cpu batch=4 iterations=1 elapsed_ms=2.0600002 per_iteration_ms=2.0600002 observation=none uploads=0 downloads=0 compute_passes=0
SILEX_TENSOR_NEURAL phase=backward_hot family=mlp backend=cpu batch=4 iterations=3 elapsed_ms=6.0699997 per_iteration_ms=2.0233333 observation=none uploads=0 downloads=0 compute_passes=0
SILEX_TENSOR_NEURAL phase=step_sgd family=mlp backend=cpu batch=4 iterations=3 elapsed_ms=3.653 per_iteration_ms=1.2176667 observation=none uploads=0 downloads=0 compute_passes=0
SILEX_TENSOR_NEURAL phase=step_adam family=mlp backend=cpu batch=4 iterations=3 elapsed_ms=16.347 per_iteration_ms=5.449 observation=none uploads=0 downloads=0 compute_passes=0
SILEX_TENSOR_NEURAL phase=loss_read family=mlp backend=cpu batch=4 iterations=1 elapsed_ms=0.003 per_iteration_ms=0.003 observation=every_step uploads=0 downloads=0 compute_passes=0
SILEX_TENSOR_NEURAL phase=step_resident family=mlp backend=cpu batch=4 iterations=3 elapsed_ms=26.859001 per_iteration_ms=8.953 observation=spaced uploads=0 downloads=0 compute_passes=0
SILEX_TENSOR_NEURAL phase=forward_cold family=mlp backend=gpu batch=4 iterations=1 elapsed_ms=3.816 per_iteration_ms=3.816 observation=none uploads=0 downloads=0 compute_passes=5
SILEX_TENSOR_NEURAL phase=forward_hot family=mlp backend=gpu batch=4 iterations=3 elapsed_ms=8.865 per_iteration_ms=2.955 observation=none uploads=0 downloads=0 compute_passes=15
SILEX_TENSOR_NEURAL phase=backward_cold family=mlp backend=gpu batch=4 iterations=1 elapsed_ms=18.524 per_iteration_ms=18.524 observation=none uploads=0 downloads=0 compute_passes=33
SILEX_TENSOR_NEURAL phase=backward_hot family=mlp backend=gpu batch=4 iterations=3 elapsed_ms=51.613003 per_iteration_ms=17.204334 observation=none uploads=0 downloads=0 compute_passes=99
SILEX_TENSOR_NEURAL phase=step_sgd family=mlp backend=gpu batch=4 iterations=3 elapsed_ms=18.938002 per_iteration_ms=6.3126674 observation=none uploads=0 downloads=0 compute_passes=40
SILEX_TENSOR_NEURAL phase=step_adam family=mlp backend=gpu batch=4 iterations=3 elapsed_ms=96.805 per_iteration_ms=32.268333 observation=none uploads=0 downloads=0 compute_passes=192
SILEX_TENSOR_NEURAL phase=loss_read family=mlp backend=gpu batch=4 iterations=1 elapsed_ms=0.191 per_iteration_ms=0.191 observation=every_step uploads=0 downloads=1 compute_passes=0
SILEX_TENSOR_NEURAL phase=step_resident family=mlp backend=gpu batch=4 iterations=3 elapsed_ms=168.905 per_iteration_ms=56.301666 observation=spaced uploads=0 downloads=0 compute_passes=333
SILEX_TENSOR_NEURAL phase=step_end_to_end family=mlp backend=gpu batch=4 iterations=1 elapsed_ms=41.112 per_iteration_ms=41.112 observation=every_step uploads=6 downloads=5 compute_passes=55
SILEX_TENSOR_NEURAL phase=construction family=mlp backend=cpu batch=16 iterations=5 elapsed_ms=2.3630002 per_iteration_ms=0.47260004 observation=none uploads=0 downloads=0 compute_passes=0
SILEX_TENSOR_NEURAL phase=forward_cold family=mlp backend=cpu batch=16 iterations=1 elapsed_ms=4.065 per_iteration_ms=4.065 observation=none uploads=0 downloads=0 compute_passes=0
SILEX_TENSOR_NEURAL phase=forward_hot family=mlp backend=cpu batch=16 iterations=3 elapsed_ms=12.11 per_iteration_ms=4.0366664 observation=none uploads=0 downloads=0 compute_passes=0
SILEX_TENSOR_NEURAL phase=backward_cold family=mlp backend=cpu batch=16 iterations=1 elapsed_ms=6.6089997 per_iteration_ms=6.6089997 observation=none uploads=0 downloads=0 compute_passes=0
SILEX_TENSOR_NEURAL phase=backward_hot family=mlp backend=cpu batch=16 iterations=3 elapsed_ms=19.959 per_iteration_ms=6.653 observation=none uploads=0 downloads=0 compute_passes=0
SILEX_TENSOR_NEURAL phase=step_sgd family=mlp backend=cpu batch=16 iterations=3 elapsed_ms=4.538 per_iteration_ms=1.5126667 observation=none uploads=0 downloads=0 compute_passes=0
SILEX_TENSOR_NEURAL phase=step_adam family=mlp backend=cpu batch=16 iterations=3 elapsed_ms=20.439 per_iteration_ms=6.8129997 observation=none uploads=0 downloads=0 compute_passes=0
SILEX_TENSOR_NEURAL phase=loss_read family=mlp backend=cpu batch=16 iterations=1 elapsed_ms=0.007 per_iteration_ms=0.007 observation=every_step uploads=0 downloads=0 compute_passes=0
SILEX_TENSOR_NEURAL phase=step_resident family=mlp backend=cpu batch=16 iterations=3 elapsed_ms=54.624 per_iteration_ms=18.208 observation=spaced uploads=0 downloads=0 compute_passes=0
SILEX_TENSOR_NEURAL phase=forward_cold family=mlp backend=gpu batch=16 iterations=1 elapsed_ms=3.449 per_iteration_ms=3.449 observation=none uploads=0 downloads=0 compute_passes=5
SILEX_TENSOR_NEURAL phase=forward_hot family=mlp backend=gpu batch=16 iterations=3 elapsed_ms=8.444 per_iteration_ms=2.8146667 observation=none uploads=0 downloads=0 compute_passes=15
SILEX_TENSOR_NEURAL phase=backward_cold family=mlp backend=gpu batch=16 iterations=1 elapsed_ms=18.109999 per_iteration_ms=18.109999 observation=none uploads=0 downloads=0 compute_passes=33
SILEX_TENSOR_NEURAL phase=backward_hot family=mlp backend=gpu batch=16 iterations=3 elapsed_ms=53.313004 per_iteration_ms=17.771002 observation=none uploads=0 downloads=0 compute_passes=99
SILEX_TENSOR_NEURAL phase=step_sgd family=mlp backend=gpu batch=16 iterations=3 elapsed_ms=23.554 per_iteration_ms=7.8513336 observation=none uploads=0 downloads=0 compute_passes=40
SILEX_TENSOR_NEURAL phase=step_adam family=mlp backend=gpu batch=16 iterations=3 elapsed_ms=106.354996 per_iteration_ms=35.451664 observation=none uploads=0 downloads=0 compute_passes=192
SILEX_TENSOR_NEURAL phase=loss_read family=mlp backend=gpu batch=16 iterations=1 elapsed_ms=0.233 per_iteration_ms=0.233 observation=every_step uploads=0 downloads=1 compute_passes=0
SILEX_TENSOR_NEURAL phase=step_resident family=mlp backend=gpu batch=16 iterations=3 elapsed_ms=193.54599 per_iteration_ms=64.51533 observation=spaced uploads=0 downloads=0 compute_passes=333
SILEX_TENSOR_NEURAL phase=step_end_to_end family=mlp backend=gpu batch=16 iterations=1 elapsed_ms=41.385 per_iteration_ms=41.385 observation=every_step uploads=6 downloads=5 compute_passes=55
SILEX_TENSOR_NEURAL phase=construction family=mlp backend=cpu batch=64 iterations=5 elapsed_ms=3.662 per_iteration_ms=0.7324 observation=none uploads=0 downloads=0 compute_passes=0
SILEX_TENSOR_NEURAL phase=forward_cold family=mlp backend=cpu batch=64 iterations=1 elapsed_ms=15.805 per_iteration_ms=15.805 observation=none uploads=0 downloads=0 compute_passes=0
SILEX_TENSOR_NEURAL phase=forward_hot family=mlp backend=cpu batch=64 iterations=3 elapsed_ms=47.357998 per_iteration_ms=15.785999 observation=none uploads=0 downloads=0 compute_passes=0
SILEX_TENSOR_NEURAL phase=backward_cold family=mlp backend=cpu batch=64 iterations=1 elapsed_ms=22.55 per_iteration_ms=22.55 observation=none uploads=0 downloads=0 compute_passes=0
SILEX_TENSOR_NEURAL phase=backward_hot family=mlp backend=cpu batch=64 iterations=3 elapsed_ms=67.543 per_iteration_ms=22.514334 observation=none uploads=0 downloads=0 compute_passes=0
SILEX_TENSOR_NEURAL phase=step_sgd family=mlp backend=cpu batch=64 iterations=3 elapsed_ms=5.5889997 per_iteration_ms=1.8629999 observation=none uploads=0 downloads=0 compute_passes=0
SILEX_TENSOR_NEURAL phase=step_adam family=mlp backend=cpu batch=64 iterations=3 elapsed_ms=25.493998 per_iteration_ms=8.497999 observation=none uploads=0 downloads=0 compute_passes=0
SILEX_TENSOR_NEURAL phase=loss_read family=mlp backend=cpu batch=64 iterations=1 elapsed_ms=0.01 per_iteration_ms=0.01 observation=every_step uploads=0 downloads=0 compute_passes=0
SILEX_TENSOR_NEURAL phase=step_resident family=mlp backend=cpu batch=64 iterations=3 elapsed_ms=143.759 per_iteration_ms=47.919666 observation=spaced uploads=0 downloads=0 compute_passes=0
SILEX_TENSOR_NEURAL phase=forward_cold family=mlp backend=gpu batch=64 iterations=1 elapsed_ms=4.071 per_iteration_ms=4.071 observation=none uploads=0 downloads=0 compute_passes=5
SILEX_TENSOR_NEURAL phase=forward_hot family=mlp backend=gpu batch=64 iterations=3 elapsed_ms=10.187 per_iteration_ms=3.3956668 observation=none uploads=0 downloads=0 compute_passes=15
SILEX_TENSOR_NEURAL phase=backward_cold family=mlp backend=gpu batch=64 iterations=1 elapsed_ms=20.823 per_iteration_ms=20.823 observation=none uploads=0 downloads=0 compute_passes=33
SILEX_TENSOR_NEURAL phase=backward_hot family=mlp backend=gpu batch=64 iterations=3 elapsed_ms=63.63 per_iteration_ms=21.210001 observation=none uploads=0 downloads=0 compute_passes=99
SILEX_TENSOR_NEURAL phase=step_sgd family=mlp backend=gpu batch=64 iterations=3 elapsed_ms=27.217001 per_iteration_ms=9.072333 observation=none uploads=0 downloads=0 compute_passes=40
SILEX_TENSOR_NEURAL phase=step_adam family=mlp backend=gpu batch=64 iterations=3 elapsed_ms=141.658 per_iteration_ms=47.219334 observation=none uploads=0 downloads=0 compute_passes=192
SILEX_TENSOR_NEURAL phase=loss_read family=mlp backend=gpu batch=64 iterations=1 elapsed_ms=0.281 per_iteration_ms=0.281 observation=every_step uploads=0 downloads=1 compute_passes=0
SILEX_TENSOR_NEURAL phase=step_resident family=mlp backend=gpu batch=64 iterations=3 elapsed_ms=237.983 per_iteration_ms=79.32767 observation=spaced uploads=0 downloads=0 compute_passes=333
SILEX_TENSOR_NEURAL phase=step_end_to_end family=mlp backend=gpu batch=64 iterations=1 elapsed_ms=52.842 per_iteration_ms=52.842 observation=every_step uploads=6 downloads=5 compute_passes=55
