SILEX_TENSOR_NEURAL_VERIFY status=pass uploads=0 hidden_downloads=0
SILEX_TENSOR_NEURAL phase=construction family=mlp backend=cpu batch=4 iterations=5 elapsed_ms=1.635 per_iteration_ms=0.327 observation=none uploads=0 downloads=0 compute_passes=0
SILEX_TENSOR_NEURAL phase=forward_cold family=mlp backend=cpu batch=4 iterations=1 elapsed_ms=1.123 per_iteration_ms=1.123 observation=none uploads=0 downloads=0 compute_passes=0
SILEX_TENSOR_NEURAL phase=forward_hot family=mlp backend=cpu batch=4 iterations=3 elapsed_ms=3.285 per_iteration_ms=1.095 observation=none uploads=0 downloads=0 compute_passes=0
SILEX_TENSOR_NEURAL phase=backward_cold family=mlp backend=cpu batch=4 iterations=1 elapsed_ms=2.137 per_iteration_ms=2.137 observation=none uploads=0 downloads=0 compute_passes=0
SILEX_TENSOR_NEURAL phase=backward_hot family=mlp backend=cpu batch=4 iterations=3 elapsed_ms=6.43 per_iteration_ms=2.1433332 observation=none uploads=0 downloads=0 compute_passes=0
SILEX_TENSOR_NEURAL phase=step_sgd family=mlp backend=cpu batch=4 iterations=3 elapsed_ms=3.751 per_iteration_ms=1.2503333 observation=none uploads=0 downloads=0 compute_passes=0
SILEX_TENSOR_NEURAL phase=step_adam family=mlp backend=cpu batch=4 iterations=3 elapsed_ms=16.392 per_iteration_ms=5.464 observation=none uploads=0 downloads=0 compute_passes=0
SILEX_TENSOR_NEURAL phase=loss_read family=mlp backend=cpu batch=4 iterations=1 elapsed_ms=0.003 per_iteration_ms=0.003 observation=every_step uploads=0 downloads=0 compute_passes=0
SILEX_TENSOR_NEURAL phase=step_resident family=mlp backend=cpu batch=4 iterations=3 elapsed_ms=27.512001 per_iteration_ms=9.170667 observation=spaced uploads=0 downloads=0 compute_passes=0
SILEX_TENSOR_NEURAL phase=forward_cold family=mlp backend=gpu batch=4 iterations=1 elapsed_ms=3.6160002 per_iteration_ms=3.6160002 observation=none uploads=0 downloads=0 compute_passes=5
SILEX_TENSOR_NEURAL phase=forward_hot family=mlp backend=gpu batch=4 iterations=3 elapsed_ms=12.536 per_iteration_ms=4.1786666 observation=none uploads=0 downloads=0 compute_passes=15
SILEX_TENSOR_NEURAL phase=backward_cold family=mlp backend=gpu batch=4 iterations=1 elapsed_ms=22.984 per_iteration_ms=22.984 observation=none uploads=0 downloads=0 compute_passes=33
SILEX_TENSOR_NEURAL phase=backward_hot family=mlp backend=gpu batch=4 iterations=3 elapsed_ms=51.057 per_iteration_ms=17.019 observation=none uploads=0 downloads=0 compute_passes=99
SILEX_TENSOR_NEURAL phase=step_sgd family=mlp backend=gpu batch=4 iterations=3 elapsed_ms=20.415998 per_iteration_ms=6.8053327 observation=none uploads=0 downloads=0 compute_passes=40
SILEX_TENSOR_NEURAL phase=step_adam family=mlp backend=gpu batch=4 iterations=3 elapsed_ms=95.42501 per_iteration_ms=31.808336 observation=none uploads=0 downloads=0 compute_passes=192
SILEX_TENSOR_NEURAL phase=loss_read family=mlp backend=gpu batch=4 iterations=1 elapsed_ms=0.208 per_iteration_ms=0.208 observation=every_step uploads=0 downloads=1 compute_passes=0
SILEX_TENSOR_NEURAL phase=step_resident family=mlp backend=gpu batch=4 iterations=3 elapsed_ms=166.619 per_iteration_ms=55.53967 observation=spaced uploads=0 downloads=0 compute_passes=333
SILEX_TENSOR_NEURAL phase=step_end_to_end family=mlp backend=gpu batch=4 iterations=1 elapsed_ms=40.649998 per_iteration_ms=40.649998 observation=every_step uploads=6 downloads=5 compute_passes=55
SILEX_TENSOR_NEURAL phase=construction family=mlp backend=cpu batch=16 iterations=5 elapsed_ms=2.529 per_iteration_ms=0.5058 observation=none uploads=0 downloads=0 compute_passes=0
SILEX_TENSOR_NEURAL phase=forward_cold family=mlp backend=cpu batch=16 iterations=1 elapsed_ms=4.291 per_iteration_ms=4.291 observation=none uploads=0 downloads=0 compute_passes=0
SILEX_TENSOR_NEURAL phase=forward_hot family=mlp backend=cpu batch=16 iterations=3 elapsed_ms=12.655 per_iteration_ms=4.2183332 observation=none uploads=0 downloads=0 compute_passes=0
SILEX_TENSOR_NEURAL phase=backward_cold family=mlp backend=cpu batch=16 iterations=1 elapsed_ms=6.646 per_iteration_ms=6.646 observation=none uploads=0 downloads=0 compute_passes=0
SILEX_TENSOR_NEURAL phase=backward_hot family=mlp backend=cpu batch=16 iterations=3 elapsed_ms=20.341 per_iteration_ms=6.780333 observation=none uploads=0 downloads=0 compute_passes=0
SILEX_TENSOR_NEURAL phase=step_sgd family=mlp backend=cpu batch=16 iterations=3 elapsed_ms=4.588 per_iteration_ms=1.5293332 observation=none uploads=0 downloads=0 compute_passes=0
SILEX_TENSOR_NEURAL phase=step_adam family=mlp backend=cpu batch=16 iterations=3 elapsed_ms=20.396 per_iteration_ms=6.7986665 observation=none uploads=0 downloads=0 compute_passes=0
SILEX_TENSOR_NEURAL phase=loss_read family=mlp backend=cpu batch=16 iterations=1 elapsed_ms=0.007 per_iteration_ms=0.007 observation=every_step uploads=0 downloads=0 compute_passes=0
SILEX_TENSOR_NEURAL phase=step_resident family=mlp backend=cpu batch=16 iterations=3 elapsed_ms=54.674 per_iteration_ms=18.224667 observation=spaced uploads=0 downloads=0 compute_passes=0
SILEX_TENSOR_NEURAL phase=forward_cold family=mlp backend=gpu batch=16 iterations=1 elapsed_ms=5.853 per_iteration_ms=5.853 observation=none uploads=0 downloads=0 compute_passes=5
SILEX_TENSOR_NEURAL phase=forward_hot family=mlp backend=gpu batch=16 iterations=3 elapsed_ms=13.035999 per_iteration_ms=4.345333 observation=none uploads=0 downloads=0 compute_passes=15
SILEX_TENSOR_NEURAL phase=backward_cold family=mlp backend=gpu batch=16 iterations=1 elapsed_ms=23.154 per_iteration_ms=23.154 observation=none uploads=0 downloads=0 compute_passes=33
SILEX_TENSOR_NEURAL phase=backward_hot family=mlp backend=gpu batch=16 iterations=3 elapsed_ms=58.986 per_iteration_ms=19.662 observation=none uploads=0 downloads=0 compute_passes=99
SILEX_TENSOR_NEURAL phase=step_sgd family=mlp backend=gpu batch=16 iterations=3 elapsed_ms=22.940998 per_iteration_ms=7.6469994 observation=none uploads=0 downloads=0 compute_passes=40
SILEX_TENSOR_NEURAL phase=step_adam family=mlp backend=gpu batch=16 iterations=3 elapsed_ms=112.802 per_iteration_ms=37.600666 observation=none uploads=0 downloads=0 compute_passes=192
SILEX_TENSOR_NEURAL phase=loss_read family=mlp backend=gpu batch=16 iterations=1 elapsed_ms=0.218 per_iteration_ms=0.218 observation=every_step uploads=0 downloads=1 compute_passes=0
SILEX_TENSOR_NEURAL phase=step_resident family=mlp backend=gpu batch=16 iterations=3 elapsed_ms=186.975 per_iteration_ms=62.325 observation=spaced uploads=0 downloads=0 compute_passes=333
SILEX_TENSOR_NEURAL phase=step_end_to_end family=mlp backend=gpu batch=16 iterations=1 elapsed_ms=44.974 per_iteration_ms=44.974 observation=every_step uploads=6 downloads=5 compute_passes=55
SILEX_TENSOR_NEURAL phase=construction family=mlp backend=cpu batch=64 iterations=5 elapsed_ms=3.591 per_iteration_ms=0.7182 observation=none uploads=0 downloads=0 compute_passes=0
SILEX_TENSOR_NEURAL phase=forward_cold family=mlp backend=cpu batch=64 iterations=1 elapsed_ms=15.714999 per_iteration_ms=15.714999 observation=none uploads=0 downloads=0 compute_passes=0
SILEX_TENSOR_NEURAL phase=forward_hot family=mlp backend=cpu batch=64 iterations=3 elapsed_ms=46.9 per_iteration_ms=15.633334 observation=none uploads=0 downloads=0 compute_passes=0
SILEX_TENSOR_NEURAL phase=backward_cold family=mlp backend=cpu batch=64 iterations=1 elapsed_ms=22.396 per_iteration_ms=22.396 observation=none uploads=0 downloads=0 compute_passes=0
SILEX_TENSOR_NEURAL phase=backward_hot family=mlp backend=cpu batch=64 iterations=3 elapsed_ms=67.293 per_iteration_ms=22.431 observation=none uploads=0 downloads=0 compute_passes=0
SILEX_TENSOR_NEURAL phase=step_sgd family=mlp backend=cpu batch=64 iterations=3 elapsed_ms=5.534 per_iteration_ms=1.8446666 observation=none uploads=0 downloads=0 compute_passes=0
SILEX_TENSOR_NEURAL phase=step_adam family=mlp backend=cpu batch=64 iterations=3 elapsed_ms=25.096 per_iteration_ms=8.365334 observation=none uploads=0 downloads=0 compute_passes=0
SILEX_TENSOR_NEURAL phase=loss_read family=mlp backend=cpu batch=64 iterations=1 elapsed_ms=0.009000001 per_iteration_ms=0.009000001 observation=every_step uploads=0 downloads=0 compute_passes=0
SILEX_TENSOR_NEURAL phase=step_resident family=mlp backend=cpu batch=64 iterations=3 elapsed_ms=143.893 per_iteration_ms=47.964336 observation=spaced uploads=0 downloads=0 compute_passes=0
SILEX_TENSOR_NEURAL phase=forward_cold family=mlp backend=gpu batch=64 iterations=1 elapsed_ms=4.635 per_iteration_ms=4.635 observation=none uploads=0 downloads=0 compute_passes=5
SILEX_TENSOR_NEURAL phase=forward_hot family=mlp backend=gpu batch=64 iterations=3 elapsed_ms=10.631 per_iteration_ms=3.5436666 observation=none uploads=0 downloads=0 compute_passes=15
SILEX_TENSOR_NEURAL phase=backward_cold family=mlp backend=gpu batch=64 iterations=1 elapsed_ms=22.292 per_iteration_ms=22.292 observation=none uploads=0 downloads=0 compute_passes=33
SILEX_TENSOR_NEURAL phase=backward_hot family=mlp backend=gpu batch=64 iterations=3 elapsed_ms=68.626 per_iteration_ms=22.875334 observation=none uploads=0 downloads=0 compute_passes=99
SILEX_TENSOR_NEURAL phase=step_sgd family=mlp backend=gpu batch=64 iterations=3 elapsed_ms=27.608 per_iteration_ms=9.202666 observation=none uploads=0 downloads=0 compute_passes=40
SILEX_TENSOR_NEURAL phase=step_adam family=mlp backend=gpu batch=64 iterations=3 elapsed_ms=121.675 per_iteration_ms=40.558334 observation=none uploads=0 downloads=0 compute_passes=192
SILEX_TENSOR_NEURAL phase=loss_read family=mlp backend=gpu batch=64 iterations=1 elapsed_ms=0.235 per_iteration_ms=0.235 observation=every_step uploads=0 downloads=1 compute_passes=0
SILEX_TENSOR_NEURAL phase=step_resident family=mlp backend=gpu batch=64 iterations=3 elapsed_ms=225.707 per_iteration_ms=75.235664 observation=spaced uploads=0 downloads=0 compute_passes=333
SILEX_TENSOR_NEURAL phase=step_end_to_end family=mlp backend=gpu batch=64 iterations=1 elapsed_ms=48.921 per_iteration_ms=48.921 observation=every_step uploads=6 downloads=5 compute_passes=55
