SILEX_TENSOR_NEURAL_VERIFY status=pass uploads=0 hidden_downloads=0
SILEX_TENSOR_NEURAL phase=construction family=mlp backend=cpu batch=4 iterations=5 elapsed_ms=1.582 per_iteration_ms=0.3164 observation=none uploads=0 downloads=0 compute_passes=0
SILEX_TENSOR_NEURAL phase=forward_cold family=mlp backend=cpu batch=4 iterations=1 elapsed_ms=1.05 per_iteration_ms=1.05 observation=none uploads=0 downloads=0 compute_passes=0
SILEX_TENSOR_NEURAL phase=forward_hot family=mlp backend=cpu batch=4 iterations=3 elapsed_ms=3.1030002 per_iteration_ms=1.0343333 observation=none uploads=0 downloads=0 compute_passes=0
SILEX_TENSOR_NEURAL phase=backward_cold family=mlp backend=cpu batch=4 iterations=1 elapsed_ms=2.027 per_iteration_ms=2.027 observation=none uploads=0 downloads=0 compute_passes=0
SILEX_TENSOR_NEURAL phase=backward_hot family=mlp backend=cpu batch=4 iterations=3 elapsed_ms=6.04 per_iteration_ms=2.0133333 observation=none uploads=0 downloads=0 compute_passes=0
SILEX_TENSOR_NEURAL phase=step_sgd family=mlp backend=cpu batch=4 iterations=3 elapsed_ms=3.5990002 per_iteration_ms=1.1996667 observation=none uploads=0 downloads=0 compute_passes=0
SILEX_TENSOR_NEURAL phase=step_adam family=mlp backend=cpu batch=4 iterations=3 elapsed_ms=16.196 per_iteration_ms=5.3986664 observation=none uploads=0 downloads=0 compute_passes=0
SILEX_TENSOR_NEURAL phase=loss_read family=mlp backend=cpu batch=4 iterations=1 elapsed_ms=0.004 per_iteration_ms=0.004 observation=every_step uploads=0 downloads=0 compute_passes=0
SILEX_TENSOR_NEURAL phase=step_resident family=mlp backend=cpu batch=4 iterations=3 elapsed_ms=26.931002 per_iteration_ms=8.977 observation=spaced uploads=0 downloads=0 compute_passes=0
SILEX_TENSOR_NEURAL phase=forward_cold family=mlp backend=gpu batch=4 iterations=1 elapsed_ms=3.68 per_iteration_ms=3.68 observation=none uploads=0 downloads=0 compute_passes=5
SILEX_TENSOR_NEURAL phase=forward_hot family=mlp backend=gpu batch=4 iterations=3 elapsed_ms=8.817 per_iteration_ms=2.9390001 observation=none uploads=0 downloads=0 compute_passes=15
SILEX_TENSOR_NEURAL phase=backward_cold family=mlp backend=gpu batch=4 iterations=1 elapsed_ms=17.989 per_iteration_ms=17.989 observation=none uploads=0 downloads=0 compute_passes=33
SILEX_TENSOR_NEURAL phase=backward_hot family=mlp backend=gpu batch=4 iterations=3 elapsed_ms=47.985 per_iteration_ms=15.995 observation=none uploads=0 downloads=0 compute_passes=99
SILEX_TENSOR_NEURAL phase=step_sgd family=mlp backend=gpu batch=4 iterations=3 elapsed_ms=21.036001 per_iteration_ms=7.0120006 observation=none uploads=0 downloads=0 compute_passes=40
SILEX_TENSOR_NEURAL phase=step_adam family=mlp backend=gpu batch=4 iterations=3 elapsed_ms=95.95699 per_iteration_ms=31.985664 observation=none uploads=0 downloads=0 compute_passes=192
SILEX_TENSOR_NEURAL phase=loss_read family=mlp backend=gpu batch=4 iterations=1 elapsed_ms=0.235 per_iteration_ms=0.235 observation=every_step uploads=0 downloads=1 compute_passes=0
SILEX_TENSOR_NEURAL phase=step_resident family=mlp backend=gpu batch=4 iterations=3 elapsed_ms=172.93701 per_iteration_ms=57.64567 observation=spaced uploads=0 downloads=0 compute_passes=333
SILEX_TENSOR_NEURAL phase=step_end_to_end family=mlp backend=gpu batch=4 iterations=1 elapsed_ms=39.764 per_iteration_ms=39.764 observation=every_step uploads=6 downloads=5 compute_passes=55
SILEX_TENSOR_NEURAL phase=construction family=mlp backend=cpu batch=16 iterations=5 elapsed_ms=2.302 per_iteration_ms=0.46040002 observation=none uploads=0 downloads=0 compute_passes=0
SILEX_TENSOR_NEURAL phase=forward_cold family=mlp backend=cpu batch=16 iterations=1 elapsed_ms=4.052 per_iteration_ms=4.052 observation=none uploads=0 downloads=0 compute_passes=0
SILEX_TENSOR_NEURAL phase=forward_hot family=mlp backend=cpu batch=16 iterations=3 elapsed_ms=12.027 per_iteration_ms=4.0090003 observation=none uploads=0 downloads=0 compute_passes=0
SILEX_TENSOR_NEURAL phase=backward_cold family=mlp backend=cpu batch=16 iterations=1 elapsed_ms=6.513 per_iteration_ms=6.513 observation=none uploads=0 downloads=0 compute_passes=0
SILEX_TENSOR_NEURAL phase=backward_hot family=mlp backend=cpu batch=16 iterations=3 elapsed_ms=19.866 per_iteration_ms=6.6219997 observation=none uploads=0 downloads=0 compute_passes=0
SILEX_TENSOR_NEURAL phase=step_sgd family=mlp backend=cpu batch=16 iterations=3 elapsed_ms=4.518 per_iteration_ms=1.506 observation=none uploads=0 downloads=0 compute_passes=0
SILEX_TENSOR_NEURAL phase=step_adam family=mlp backend=cpu batch=16 iterations=3 elapsed_ms=20.399 per_iteration_ms=6.799667 observation=none uploads=0 downloads=0 compute_passes=0
SILEX_TENSOR_NEURAL phase=loss_read family=mlp backend=cpu batch=16 iterations=1 elapsed_ms=0.006 per_iteration_ms=0.006 observation=every_step uploads=0 downloads=0 compute_passes=0
SILEX_TENSOR_NEURAL phase=step_resident family=mlp backend=cpu batch=16 iterations=3 elapsed_ms=54.726997 per_iteration_ms=18.242332 observation=spaced uploads=0 downloads=0 compute_passes=0
SILEX_TENSOR_NEURAL phase=forward_cold family=mlp backend=gpu batch=16 iterations=1 elapsed_ms=3.651 per_iteration_ms=3.651 observation=none uploads=0 downloads=0 compute_passes=5
SILEX_TENSOR_NEURAL phase=forward_hot family=mlp backend=gpu batch=16 iterations=3 elapsed_ms=8.433001 per_iteration_ms=2.811 observation=none uploads=0 downloads=0 compute_passes=15
SILEX_TENSOR_NEURAL phase=backward_cold family=mlp backend=gpu batch=16 iterations=1 elapsed_ms=17.206 per_iteration_ms=17.206 observation=none uploads=0 downloads=0 compute_passes=33
SILEX_TENSOR_NEURAL phase=backward_hot family=mlp backend=gpu batch=16 iterations=3 elapsed_ms=54.266 per_iteration_ms=18.088667 observation=none uploads=0 downloads=0 compute_passes=99
SILEX_TENSOR_NEURAL phase=step_sgd family=mlp backend=gpu batch=16 iterations=3 elapsed_ms=23.093 per_iteration_ms=7.6976666 observation=none uploads=0 downloads=0 compute_passes=40
SILEX_TENSOR_NEURAL phase=step_adam family=mlp backend=gpu batch=16 iterations=3 elapsed_ms=109.922005 per_iteration_ms=36.640667 observation=none uploads=0 downloads=0 compute_passes=192
SILEX_TENSOR_NEURAL phase=loss_read family=mlp backend=gpu batch=16 iterations=1 elapsed_ms=0.229 per_iteration_ms=0.229 observation=every_step uploads=0 downloads=1 compute_passes=0
SILEX_TENSOR_NEURAL phase=step_resident family=mlp backend=gpu batch=16 iterations=3 elapsed_ms=195.90799 per_iteration_ms=65.302666 observation=spaced uploads=0 downloads=0 compute_passes=333
SILEX_TENSOR_NEURAL phase=step_end_to_end family=mlp backend=gpu batch=16 iterations=1 elapsed_ms=43.179 per_iteration_ms=43.179 observation=every_step uploads=6 downloads=5 compute_passes=55
SILEX_TENSOR_NEURAL phase=construction family=mlp backend=cpu batch=64 iterations=5 elapsed_ms=3.526 per_iteration_ms=0.7052 observation=none uploads=0 downloads=0 compute_passes=0
SILEX_TENSOR_NEURAL phase=forward_cold family=mlp backend=cpu batch=64 iterations=1 elapsed_ms=15.704 per_iteration_ms=15.704 observation=none uploads=0 downloads=0 compute_passes=0
SILEX_TENSOR_NEURAL phase=forward_hot family=mlp backend=cpu batch=64 iterations=3 elapsed_ms=46.764 per_iteration_ms=15.588 observation=none uploads=0 downloads=0 compute_passes=0
SILEX_TENSOR_NEURAL phase=backward_cold family=mlp backend=cpu batch=64 iterations=1 elapsed_ms=22.387 per_iteration_ms=22.387 observation=none uploads=0 downloads=0 compute_passes=0
SILEX_TENSOR_NEURAL phase=backward_hot family=mlp backend=cpu batch=64 iterations=3 elapsed_ms=67.332 per_iteration_ms=22.444 observation=none uploads=0 downloads=0 compute_passes=0
SILEX_TENSOR_NEURAL phase=step_sgd family=mlp backend=cpu batch=64 iterations=3 elapsed_ms=5.4890003 per_iteration_ms=1.8296667 observation=none uploads=0 downloads=0 compute_passes=0
SILEX_TENSOR_NEURAL phase=step_adam family=mlp backend=cpu batch=64 iterations=3 elapsed_ms=25.22 per_iteration_ms=8.406667 observation=none uploads=0 downloads=0 compute_passes=0
SILEX_TENSOR_NEURAL phase=loss_read family=mlp backend=cpu batch=64 iterations=1 elapsed_ms=0.01 per_iteration_ms=0.01 observation=every_step uploads=0 downloads=0 compute_passes=0
SILEX_TENSOR_NEURAL phase=step_resident family=mlp backend=cpu batch=64 iterations=3 elapsed_ms=143.086 per_iteration_ms=47.69533 observation=spaced uploads=0 downloads=0 compute_passes=0
SILEX_TENSOR_NEURAL phase=forward_cold family=mlp backend=gpu batch=64 iterations=1 elapsed_ms=3.9110003 per_iteration_ms=3.9110003 observation=none uploads=0 downloads=0 compute_passes=5
SILEX_TENSOR_NEURAL phase=forward_hot family=mlp backend=gpu batch=64 iterations=3 elapsed_ms=9.224999 per_iteration_ms=3.0749998 observation=none uploads=0 downloads=0 compute_passes=15
SILEX_TENSOR_NEURAL phase=backward_cold family=mlp backend=gpu batch=64 iterations=1 elapsed_ms=19.695002 per_iteration_ms=19.695002 observation=none uploads=0 downloads=0 compute_passes=33
SILEX_TENSOR_NEURAL phase=backward_hot family=mlp backend=gpu batch=64 iterations=3 elapsed_ms=64.909 per_iteration_ms=21.636332 observation=none uploads=0 downloads=0 compute_passes=99
SILEX_TENSOR_NEURAL phase=step_sgd family=mlp backend=gpu batch=64 iterations=3 elapsed_ms=26.044 per_iteration_ms=8.681334 observation=none uploads=0 downloads=0 compute_passes=40
SILEX_TENSOR_NEURAL phase=step_adam family=mlp backend=gpu batch=64 iterations=3 elapsed_ms=120.982 per_iteration_ms=40.327335 observation=none uploads=0 downloads=0 compute_passes=192
SILEX_TENSOR_NEURAL phase=loss_read family=mlp backend=gpu batch=64 iterations=1 elapsed_ms=0.251 per_iteration_ms=0.251 observation=every_step uploads=0 downloads=1 compute_passes=0
SILEX_TENSOR_NEURAL phase=step_resident family=mlp backend=gpu batch=64 iterations=3 elapsed_ms=217.461 per_iteration_ms=72.487 observation=spaced uploads=0 downloads=0 compute_passes=333
SILEX_TENSOR_NEURAL phase=step_end_to_end family=mlp backend=gpu batch=64 iterations=1 elapsed_ms=51.350002 per_iteration_ms=51.350002 observation=every_step uploads=6 downloads=5 compute_passes=55
