SILEX_TENSOR_NEURAL_VERIFY status=pass uploads=0 hidden_downloads=0
SILEX_TENSOR_NEURAL phase=construction family=rnn backend=cpu batch=4 iterations=5 elapsed_ms=1.656 per_iteration_ms=0.3312 observation=none uploads=0 downloads=0 compute_passes=0
SILEX_TENSOR_NEURAL phase=forward_cold family=rnn backend=cpu batch=4 iterations=1 elapsed_ms=2.074 per_iteration_ms=2.074 observation=none uploads=0 downloads=0 compute_passes=0
SILEX_TENSOR_NEURAL phase=forward_hot family=rnn backend=cpu batch=4 iterations=3 elapsed_ms=5.9620004 per_iteration_ms=1.9873334 observation=none uploads=0 downloads=0 compute_passes=0
SILEX_TENSOR_NEURAL phase=backward_cold family=rnn backend=cpu batch=4 iterations=1 elapsed_ms=5.51 per_iteration_ms=5.51 observation=none uploads=0 downloads=0 compute_passes=0
SILEX_TENSOR_NEURAL phase=backward_hot family=rnn backend=cpu batch=4 iterations=3 elapsed_ms=17.101002 per_iteration_ms=5.700334 observation=none uploads=0 downloads=0 compute_passes=0
SILEX_TENSOR_NEURAL phase=step_sgd family=rnn backend=cpu batch=4 iterations=3 elapsed_ms=1.821 per_iteration_ms=0.607 observation=none uploads=0 downloads=0 compute_passes=0
SILEX_TENSOR_NEURAL phase=step_adam family=rnn backend=cpu batch=4 iterations=3 elapsed_ms=9.038 per_iteration_ms=3.0126667 observation=none uploads=0 downloads=0 compute_passes=0
SILEX_TENSOR_NEURAL phase=loss_read family=rnn backend=cpu batch=4 iterations=1 elapsed_ms=0.005 per_iteration_ms=0.005 observation=every_step uploads=0 downloads=0 compute_passes=0
SILEX_TENSOR_NEURAL phase=step_resident family=rnn backend=cpu batch=4 iterations=3 elapsed_ms=39.63 per_iteration_ms=13.21 observation=spaced uploads=0 downloads=0 compute_passes=0
SILEX_TENSOR_NEURAL phase=forward_cold family=rnn backend=gpu batch=4 iterations=1 elapsed_ms=35.687 per_iteration_ms=35.687 observation=none uploads=0 downloads=0 compute_passes=43
SILEX_TENSOR_NEURAL phase=forward_hot family=rnn backend=gpu batch=4 iterations=3 elapsed_ms=76.464 per_iteration_ms=25.487999 observation=none uploads=0 downloads=0 compute_passes=129
SILEX_TENSOR_NEURAL phase=backward_cold family=rnn backend=gpu batch=4 iterations=1 elapsed_ms=68.439 per_iteration_ms=68.439 observation=none uploads=0 downloads=0 compute_passes=111
SILEX_TENSOR_NEURAL phase=backward_hot family=rnn backend=gpu batch=4 iterations=3 elapsed_ms=213.312 per_iteration_ms=71.104 observation=none uploads=0 downloads=0 compute_passes=333
SILEX_TENSOR_NEURAL phase=step_sgd family=rnn backend=gpu batch=4 iterations=3 elapsed_ms=33.641 per_iteration_ms=11.213666 observation=none uploads=0 downloads=0 compute_passes=50
SILEX_TENSOR_NEURAL phase=step_adam family=rnn backend=gpu batch=4 iterations=3 elapsed_ms=178.16 per_iteration_ms=59.38667 observation=none uploads=0 downloads=0 compute_passes=240
SILEX_TENSOR_NEURAL phase=loss_read family=rnn backend=gpu batch=4 iterations=1 elapsed_ms=0.317 per_iteration_ms=0.317 observation=every_step uploads=0 downloads=1 compute_passes=0
SILEX_TENSOR_NEURAL phase=step_resident family=rnn backend=gpu batch=4 iterations=3 elapsed_ms=601.31903 per_iteration_ms=200.43968 observation=spaced uploads=0 downloads=0 compute_passes=729
SILEX_TENSOR_NEURAL phase=step_end_to_end family=rnn backend=gpu batch=4 iterations=1 elapsed_ms=164.139 per_iteration_ms=164.139 observation=every_step uploads=7 downloads=6 compute_passes=173
SILEX_TENSOR_NEURAL phase=construction family=rnn backend=cpu batch=16 iterations=5 elapsed_ms=4.309 per_iteration_ms=0.8618 observation=none uploads=0 downloads=0 compute_passes=0
SILEX_TENSOR_NEURAL phase=forward_cold family=rnn backend=cpu batch=16 iterations=1 elapsed_ms=9.922 per_iteration_ms=9.922 observation=none uploads=0 downloads=0 compute_passes=0
SILEX_TENSOR_NEURAL phase=forward_hot family=rnn backend=cpu batch=16 iterations=3 elapsed_ms=29.365 per_iteration_ms=9.788333 observation=none uploads=0 downloads=0 compute_passes=0
SILEX_TENSOR_NEURAL phase=backward_cold family=rnn backend=cpu batch=16 iterations=1 elapsed_ms=23.517 per_iteration_ms=23.517 observation=none uploads=0 downloads=0 compute_passes=0
SILEX_TENSOR_NEURAL phase=backward_hot family=rnn backend=cpu batch=16 iterations=3 elapsed_ms=72.48799 per_iteration_ms=24.162664 observation=none uploads=0 downloads=0 compute_passes=0
SILEX_TENSOR_NEURAL phase=step_sgd family=rnn backend=cpu batch=16 iterations=3 elapsed_ms=6.255 per_iteration_ms=2.085 observation=none uploads=0 downloads=0 compute_passes=0
SILEX_TENSOR_NEURAL phase=step_adam family=rnn backend=cpu batch=16 iterations=3 elapsed_ms=27.909 per_iteration_ms=9.303 observation=none uploads=0 downloads=0 compute_passes=0
SILEX_TENSOR_NEURAL phase=loss_read family=rnn backend=cpu batch=16 iterations=1 elapsed_ms=0.015 per_iteration_ms=0.015 observation=every_step uploads=0 downloads=0 compute_passes=0
SILEX_TENSOR_NEURAL phase=step_resident family=rnn backend=cpu batch=16 iterations=3 elapsed_ms=137.61299 per_iteration_ms=45.871 observation=spaced uploads=0 downloads=0 compute_passes=0
SILEX_TENSOR_NEURAL phase=forward_cold family=rnn backend=gpu batch=16 iterations=1 elapsed_ms=49.72 per_iteration_ms=49.72 observation=none uploads=0 downloads=0 compute_passes=43
SILEX_TENSOR_NEURAL phase=forward_hot family=rnn backend=gpu batch=16 iterations=3 elapsed_ms=132.291 per_iteration_ms=44.097 observation=none uploads=0 downloads=0 compute_passes=129
SILEX_TENSOR_NEURAL phase=backward_cold family=rnn backend=gpu batch=16 iterations=1 elapsed_ms=104.437004 per_iteration_ms=104.437004 observation=none uploads=0 downloads=0 compute_passes=111
SILEX_TENSOR_NEURAL phase=backward_hot family=rnn backend=gpu batch=16 iterations=3 elapsed_ms=340.378 per_iteration_ms=113.45933 observation=none uploads=0 downloads=0 compute_passes=333
SILEX_TENSOR_NEURAL phase=step_sgd family=rnn backend=gpu batch=16 iterations=3 elapsed_ms=55.039997 per_iteration_ms=18.346666 observation=none uploads=0 downloads=0 compute_passes=50
SILEX_TENSOR_NEURAL phase=step_adam family=rnn backend=gpu batch=16 iterations=3 elapsed_ms=240.64499 per_iteration_ms=80.215 observation=none uploads=0 downloads=0 compute_passes=240
SILEX_TENSOR_NEURAL phase=loss_read family=rnn backend=gpu batch=16 iterations=1 elapsed_ms=0.35700002 per_iteration_ms=0.35700002 observation=every_step uploads=0 downloads=1 compute_passes=0
SILEX_TENSOR_NEURAL phase=step_resident family=rnn backend=gpu batch=16 iterations=3 elapsed_ms=792.213 per_iteration_ms=264.071 observation=spaced uploads=0 downloads=0 compute_passes=729
SILEX_TENSOR_NEURAL phase=step_end_to_end family=rnn backend=gpu batch=16 iterations=1 elapsed_ms=218.467 per_iteration_ms=218.467 observation=every_step uploads=7 downloads=6 compute_passes=173
SILEX_TENSOR_NEURAL phase=construction family=rnn backend=cpu batch=64 iterations=5 elapsed_ms=8.67 per_iteration_ms=1.734 observation=none uploads=0 downloads=0 compute_passes=0
SILEX_TENSOR_NEURAL phase=forward_cold family=rnn backend=cpu batch=64 iterations=1 elapsed_ms=28.799 per_iteration_ms=28.799 observation=none uploads=0 downloads=0 compute_passes=0
SILEX_TENSOR_NEURAL phase=forward_hot family=rnn backend=cpu batch=64 iterations=2 elapsed_ms=57.714 per_iteration_ms=28.857 observation=none uploads=0 downloads=0 compute_passes=0
SILEX_TENSOR_NEURAL phase=backward_cold family=rnn backend=cpu batch=64 iterations=1 elapsed_ms=58.742 per_iteration_ms=58.742 observation=none uploads=0 downloads=0 compute_passes=0
SILEX_TENSOR_NEURAL phase=backward_hot family=rnn backend=cpu batch=64 iterations=2 elapsed_ms=118.429 per_iteration_ms=59.2145 observation=none uploads=0 downloads=0 compute_passes=0
SILEX_TENSOR_NEURAL phase=step_sgd family=rnn backend=cpu batch=64 iterations=2 elapsed_ms=5.963 per_iteration_ms=2.9815 observation=none uploads=0 downloads=0 compute_passes=0
SILEX_TENSOR_NEURAL phase=step_adam family=rnn backend=cpu batch=64 iterations=2 elapsed_ms=29.574 per_iteration_ms=14.787 observation=none uploads=0 downloads=0 compute_passes=0
SILEX_TENSOR_NEURAL phase=loss_read family=rnn backend=cpu batch=64 iterations=1 elapsed_ms=0.024999999 per_iteration_ms=0.024999999 observation=every_step uploads=0 downloads=0 compute_passes=0
SILEX_TENSOR_NEURAL phase=step_resident family=rnn backend=cpu batch=64 iterations=2 elapsed_ms=211.09601 per_iteration_ms=105.548004 observation=spaced uploads=0 downloads=0 compute_passes=0
SILEX_TENSOR_NEURAL phase=forward_cold family=rnn backend=gpu batch=64 iterations=1 elapsed_ms=63.481003 per_iteration_ms=63.481003 observation=none uploads=0 downloads=0 compute_passes=43
SILEX_TENSOR_NEURAL phase=forward_hot family=rnn backend=gpu batch=64 iterations=2 elapsed_ms=118.942 per_iteration_ms=59.471 observation=none uploads=0 downloads=0 compute_passes=86
SILEX_TENSOR_NEURAL phase=backward_cold family=rnn backend=gpu batch=64 iterations=1 elapsed_ms=148.583 per_iteration_ms=148.583 observation=none uploads=0 downloads=0 compute_passes=111
SILEX_TENSOR_NEURAL phase=backward_hot family=rnn backend=gpu batch=64 iterations=2 elapsed_ms=273.152 per_iteration_ms=136.576 observation=none uploads=0 downloads=0 compute_passes=222
SILEX_TENSOR_NEURAL phase=step_sgd family=rnn backend=gpu batch=64 iterations=2 elapsed_ms=39.991997 per_iteration_ms=19.995998 observation=none uploads=0 downloads=0 compute_passes=30
SILEX_TENSOR_NEURAL phase=step_adam family=rnn backend=gpu batch=64 iterations=2 elapsed_ms=202.062 per_iteration_ms=101.031 observation=none uploads=0 downloads=0 compute_passes=160
SILEX_TENSOR_NEURAL phase=loss_read family=rnn backend=gpu batch=64 iterations=1 elapsed_ms=0.42200002 per_iteration_ms=0.42200002 observation=every_step uploads=0 downloads=1 compute_passes=0
SILEX_TENSOR_NEURAL phase=step_resident family=rnn backend=gpu batch=64 iterations=2 elapsed_ms=639.534 per_iteration_ms=319.767 observation=spaced uploads=0 downloads=0 compute_passes=486
SILEX_TENSOR_NEURAL phase=step_end_to_end family=rnn backend=gpu batch=64 iterations=1 elapsed_ms=268.91602 per_iteration_ms=268.91602 observation=every_step uploads=7 downloads=6 compute_passes=173
