SILEX_TENSOR_NEURAL_VERIFY status=pass uploads=0 hidden_downloads=0
SILEX_TENSOR_NEURAL phase=construction family=rnn backend=cpu batch=4 iterations=5 elapsed_ms=1.508 per_iteration_ms=0.3016 observation=none uploads=0 downloads=0 compute_passes=0
SILEX_TENSOR_NEURAL phase=forward_cold family=rnn backend=cpu batch=4 iterations=1 elapsed_ms=2.043 per_iteration_ms=2.043 observation=none uploads=0 downloads=0 compute_passes=0
SILEX_TENSOR_NEURAL phase=forward_hot family=rnn backend=cpu batch=4 iterations=3 elapsed_ms=5.861 per_iteration_ms=1.9536667 observation=none uploads=0 downloads=0 compute_passes=0
SILEX_TENSOR_NEURAL phase=backward_cold family=rnn backend=cpu batch=4 iterations=1 elapsed_ms=5.383 per_iteration_ms=5.383 observation=none uploads=0 downloads=0 compute_passes=0
SILEX_TENSOR_NEURAL phase=backward_hot family=rnn backend=cpu batch=4 iterations=3 elapsed_ms=17.005001 per_iteration_ms=5.6683335 observation=none uploads=0 downloads=0 compute_passes=0
SILEX_TENSOR_NEURAL phase=step_sgd family=rnn backend=cpu batch=4 iterations=3 elapsed_ms=1.832 per_iteration_ms=0.6106667 observation=none uploads=0 downloads=0 compute_passes=0
SILEX_TENSOR_NEURAL phase=step_adam family=rnn backend=cpu batch=4 iterations=3 elapsed_ms=8.899 per_iteration_ms=2.9663334 observation=none uploads=0 downloads=0 compute_passes=0
SILEX_TENSOR_NEURAL phase=loss_read family=rnn backend=cpu batch=4 iterations=1 elapsed_ms=0.005 per_iteration_ms=0.005 observation=every_step uploads=0 downloads=0 compute_passes=0
SILEX_TENSOR_NEURAL phase=step_resident family=rnn backend=cpu batch=4 iterations=3 elapsed_ms=39.604 per_iteration_ms=13.201333 observation=spaced uploads=0 downloads=0 compute_passes=0
SILEX_TENSOR_NEURAL phase=forward_cold family=rnn backend=gpu batch=4 iterations=1 elapsed_ms=35.372 per_iteration_ms=35.372 observation=none uploads=0 downloads=0 compute_passes=43
SILEX_TENSOR_NEURAL phase=forward_hot family=rnn backend=gpu batch=4 iterations=3 elapsed_ms=76.764 per_iteration_ms=25.588 observation=none uploads=0 downloads=0 compute_passes=129
SILEX_TENSOR_NEURAL phase=backward_cold family=rnn backend=gpu batch=4 iterations=1 elapsed_ms=66.954 per_iteration_ms=66.954 observation=none uploads=0 downloads=0 compute_passes=111
SILEX_TENSOR_NEURAL phase=backward_hot family=rnn backend=gpu batch=4 iterations=3 elapsed_ms=211.40302 per_iteration_ms=70.467674 observation=none uploads=0 downloads=0 compute_passes=333
SILEX_TENSOR_NEURAL phase=step_sgd family=rnn backend=gpu batch=4 iterations=3 elapsed_ms=33.135002 per_iteration_ms=11.045001 observation=none uploads=0 downloads=0 compute_passes=50
SILEX_TENSOR_NEURAL phase=step_adam family=rnn backend=gpu batch=4 iterations=3 elapsed_ms=155.562 per_iteration_ms=51.854 observation=none uploads=0 downloads=0 compute_passes=240
SILEX_TENSOR_NEURAL phase=loss_read family=rnn backend=gpu batch=4 iterations=1 elapsed_ms=0.941 per_iteration_ms=0.941 observation=every_step uploads=0 downloads=1 compute_passes=0
SILEX_TENSOR_NEURAL phase=step_resident family=rnn backend=gpu batch=4 iterations=3 elapsed_ms=546.604 per_iteration_ms=182.20134 observation=spaced uploads=0 downloads=0 compute_passes=729
SILEX_TENSOR_NEURAL phase=step_end_to_end family=rnn backend=gpu batch=4 iterations=1 elapsed_ms=162.83301 per_iteration_ms=162.83301 observation=every_step uploads=7 downloads=6 compute_passes=173
SILEX_TENSOR_NEURAL phase=construction family=rnn backend=cpu batch=16 iterations=5 elapsed_ms=4.017 per_iteration_ms=0.80340004 observation=none uploads=0 downloads=0 compute_passes=0
SILEX_TENSOR_NEURAL phase=forward_cold family=rnn backend=cpu batch=16 iterations=1 elapsed_ms=9.165 per_iteration_ms=9.165 observation=none uploads=0 downloads=0 compute_passes=0
SILEX_TENSOR_NEURAL phase=forward_hot family=rnn backend=cpu batch=16 iterations=3 elapsed_ms=27.349 per_iteration_ms=9.116334 observation=none uploads=0 downloads=0 compute_passes=0
SILEX_TENSOR_NEURAL phase=backward_cold family=rnn backend=cpu batch=16 iterations=1 elapsed_ms=21.574 per_iteration_ms=21.574 observation=none uploads=0 downloads=0 compute_passes=0
SILEX_TENSOR_NEURAL phase=backward_hot family=rnn backend=cpu batch=16 iterations=3 elapsed_ms=65.941 per_iteration_ms=21.980333 observation=none uploads=0 downloads=0 compute_passes=0
SILEX_TENSOR_NEURAL phase=step_sgd family=rnn backend=cpu batch=16 iterations=3 elapsed_ms=5.711 per_iteration_ms=1.9036666 observation=none uploads=0 downloads=0 compute_passes=0
SILEX_TENSOR_NEURAL phase=step_adam family=rnn backend=cpu batch=16 iterations=3 elapsed_ms=26.571001 per_iteration_ms=8.857 observation=none uploads=0 downloads=0 compute_passes=0
SILEX_TENSOR_NEURAL phase=loss_read family=rnn backend=cpu batch=16 iterations=1 elapsed_ms=0.015 per_iteration_ms=0.015 observation=every_step uploads=0 downloads=0 compute_passes=0
SILEX_TENSOR_NEURAL phase=step_resident family=rnn backend=cpu batch=16 iterations=3 elapsed_ms=132.294 per_iteration_ms=44.098003 observation=spaced uploads=0 downloads=0 compute_passes=0
SILEX_TENSOR_NEURAL phase=forward_cold family=rnn backend=gpu batch=16 iterations=1 elapsed_ms=47.096 per_iteration_ms=47.096 observation=none uploads=0 downloads=0 compute_passes=43
SILEX_TENSOR_NEURAL phase=forward_hot family=rnn backend=gpu batch=16 iterations=3 elapsed_ms=116.916 per_iteration_ms=38.972 observation=none uploads=0 downloads=0 compute_passes=129
SILEX_TENSOR_NEURAL phase=backward_cold family=rnn backend=gpu batch=16 iterations=1 elapsed_ms=103.051994 per_iteration_ms=103.051994 observation=none uploads=0 downloads=0 compute_passes=111
SILEX_TENSOR_NEURAL phase=backward_hot family=rnn backend=gpu batch=16 iterations=3 elapsed_ms=311.284 per_iteration_ms=103.76133 observation=none uploads=0 downloads=0 compute_passes=333
SILEX_TENSOR_NEURAL phase=step_sgd family=rnn backend=gpu batch=16 iterations=3 elapsed_ms=45.531998 per_iteration_ms=15.177333 observation=none uploads=0 downloads=0 compute_passes=50
SILEX_TENSOR_NEURAL phase=step_adam family=rnn backend=gpu batch=16 iterations=3 elapsed_ms=225.886 per_iteration_ms=75.295334 observation=none uploads=0 downloads=0 compute_passes=240
SILEX_TENSOR_NEURAL phase=loss_read family=rnn backend=gpu batch=16 iterations=1 elapsed_ms=0.363 per_iteration_ms=0.363 observation=every_step uploads=0 downloads=1 compute_passes=0
SILEX_TENSOR_NEURAL phase=step_resident family=rnn backend=gpu batch=16 iterations=3 elapsed_ms=749.631 per_iteration_ms=249.877 observation=spaced uploads=0 downloads=0 compute_passes=729
SILEX_TENSOR_NEURAL phase=step_end_to_end family=rnn backend=gpu batch=16 iterations=1 elapsed_ms=202.25499 per_iteration_ms=202.25499 observation=every_step uploads=7 downloads=6 compute_passes=173
SILEX_TENSOR_NEURAL phase=construction family=rnn backend=cpu batch=64 iterations=5 elapsed_ms=8.73 per_iteration_ms=1.7459999 observation=none uploads=0 downloads=0 compute_passes=0
SILEX_TENSOR_NEURAL phase=forward_cold family=rnn backend=cpu batch=64 iterations=1 elapsed_ms=28.212 per_iteration_ms=28.212 observation=none uploads=0 downloads=0 compute_passes=0
SILEX_TENSOR_NEURAL phase=forward_hot family=rnn backend=cpu batch=64 iterations=2 elapsed_ms=56.328 per_iteration_ms=28.164 observation=none uploads=0 downloads=0 compute_passes=0
SILEX_TENSOR_NEURAL phase=backward_cold family=rnn backend=cpu batch=64 iterations=1 elapsed_ms=57.404 per_iteration_ms=57.404 observation=none uploads=0 downloads=0 compute_passes=0
SILEX_TENSOR_NEURAL phase=backward_hot family=rnn backend=cpu batch=64 iterations=2 elapsed_ms=115.693 per_iteration_ms=57.8465 observation=none uploads=0 downloads=0 compute_passes=0
SILEX_TENSOR_NEURAL phase=step_sgd family=rnn backend=cpu batch=64 iterations=2 elapsed_ms=5.9170003 per_iteration_ms=2.9585001 observation=none uploads=0 downloads=0 compute_passes=0
SILEX_TENSOR_NEURAL phase=step_adam family=rnn backend=cpu batch=64 iterations=2 elapsed_ms=30.522 per_iteration_ms=15.261 observation=none uploads=0 downloads=0 compute_passes=0
SILEX_TENSOR_NEURAL phase=loss_read family=rnn backend=cpu batch=64 iterations=1 elapsed_ms=0.024 per_iteration_ms=0.024 observation=every_step uploads=0 downloads=0 compute_passes=0
SILEX_TENSOR_NEURAL phase=step_resident family=rnn backend=cpu batch=64 iterations=2 elapsed_ms=208.575 per_iteration_ms=104.2875 observation=spaced uploads=0 downloads=0 compute_passes=0
SILEX_TENSOR_NEURAL phase=forward_cold family=rnn backend=gpu batch=64 iterations=1 elapsed_ms=64.101006 per_iteration_ms=64.101006 observation=none uploads=0 downloads=0 compute_passes=43
SILEX_TENSOR_NEURAL phase=forward_hot family=rnn backend=gpu batch=64 iterations=2 elapsed_ms=118.199 per_iteration_ms=59.0995 observation=none uploads=0 downloads=0 compute_passes=86
SILEX_TENSOR_NEURAL phase=backward_cold family=rnn backend=gpu batch=64 iterations=1 elapsed_ms=134.921 per_iteration_ms=134.921 observation=none uploads=0 downloads=0 compute_passes=111
SILEX_TENSOR_NEURAL phase=backward_hot family=rnn backend=gpu batch=64 iterations=2 elapsed_ms=265.637 per_iteration_ms=132.8185 observation=none uploads=0 downloads=0 compute_passes=222
SILEX_TENSOR_NEURAL phase=step_sgd family=rnn backend=gpu batch=64 iterations=2 elapsed_ms=34.042 per_iteration_ms=17.021 observation=none uploads=0 downloads=0 compute_passes=30
SILEX_TENSOR_NEURAL phase=step_adam family=rnn backend=gpu batch=64 iterations=2 elapsed_ms=171.514 per_iteration_ms=85.757 observation=none uploads=0 downloads=0 compute_passes=160
SILEX_TENSOR_NEURAL phase=loss_read family=rnn backend=gpu batch=64 iterations=1 elapsed_ms=0.40399998 per_iteration_ms=0.40399998 observation=every_step uploads=0 downloads=1 compute_passes=0
SILEX_TENSOR_NEURAL phase=step_resident family=rnn backend=gpu batch=64 iterations=2 elapsed_ms=575.735 per_iteration_ms=287.8675 observation=spaced uploads=0 downloads=0 compute_passes=486
SILEX_TENSOR_NEURAL phase=step_end_to_end family=rnn backend=gpu batch=64 iterations=1 elapsed_ms=238.653 per_iteration_ms=238.653 observation=every_step uploads=7 downloads=6 compute_passes=173
