SILEX_TENSOR_NEURAL_VERIFY status=pass uploads=0 hidden_downloads=0
SILEX_TENSOR_NEURAL phase=construction family=rnn backend=cpu batch=4 iterations=5 elapsed_ms=1.5200001 per_iteration_ms=0.30400002 observation=none uploads=0 downloads=0 compute_passes=0
SILEX_TENSOR_NEURAL phase=forward_cold family=rnn backend=cpu batch=4 iterations=1 elapsed_ms=1.943 per_iteration_ms=1.943 observation=none uploads=0 downloads=0 compute_passes=0
SILEX_TENSOR_NEURAL phase=forward_hot family=rnn backend=cpu batch=4 iterations=3 elapsed_ms=5.85 per_iteration_ms=1.9499999 observation=none uploads=0 downloads=0 compute_passes=0
SILEX_TENSOR_NEURAL phase=backward_cold family=rnn backend=cpu batch=4 iterations=1 elapsed_ms=5.4259996 per_iteration_ms=5.4259996 observation=none uploads=0 downloads=0 compute_passes=0
SILEX_TENSOR_NEURAL phase=backward_hot family=rnn backend=cpu batch=4 iterations=3 elapsed_ms=16.720001 per_iteration_ms=5.5733337 observation=none uploads=0 downloads=0 compute_passes=0
SILEX_TENSOR_NEURAL phase=step_sgd family=rnn backend=cpu batch=4 iterations=3 elapsed_ms=1.8690001 per_iteration_ms=0.623 observation=none uploads=0 downloads=0 compute_passes=0
SILEX_TENSOR_NEURAL phase=step_adam family=rnn backend=cpu batch=4 iterations=3 elapsed_ms=9.066999 per_iteration_ms=3.0223331 observation=none uploads=0 downloads=0 compute_passes=0
SILEX_TENSOR_NEURAL phase=loss_read family=rnn backend=cpu batch=4 iterations=1 elapsed_ms=0.005 per_iteration_ms=0.005 observation=every_step uploads=0 downloads=0 compute_passes=0
SILEX_TENSOR_NEURAL phase=step_resident family=rnn backend=cpu batch=4 iterations=3 elapsed_ms=39.519 per_iteration_ms=13.173 observation=spaced uploads=0 downloads=0 compute_passes=0
SILEX_TENSOR_NEURAL phase=forward_cold family=rnn backend=gpu batch=4 iterations=1 elapsed_ms=35.657 per_iteration_ms=35.657 observation=none uploads=0 downloads=0 compute_passes=43
SILEX_TENSOR_NEURAL phase=forward_hot family=rnn backend=gpu batch=4 iterations=3 elapsed_ms=78.724 per_iteration_ms=26.241333 observation=none uploads=0 downloads=0 compute_passes=129
SILEX_TENSOR_NEURAL phase=backward_cold family=rnn backend=gpu batch=4 iterations=1 elapsed_ms=67.243004 per_iteration_ms=67.243004 observation=none uploads=0 downloads=0 compute_passes=111
SILEX_TENSOR_NEURAL phase=backward_hot family=rnn backend=gpu batch=4 iterations=3 elapsed_ms=205.538 per_iteration_ms=68.512665 observation=none uploads=0 downloads=0 compute_passes=333
SILEX_TENSOR_NEURAL phase=step_sgd family=rnn backend=gpu batch=4 iterations=3 elapsed_ms=34.152 per_iteration_ms=11.384 observation=none uploads=0 downloads=0 compute_passes=50
SILEX_TENSOR_NEURAL phase=step_adam family=rnn backend=gpu batch=4 iterations=3 elapsed_ms=158.98601 per_iteration_ms=52.995335 observation=none uploads=0 downloads=0 compute_passes=240
SILEX_TENSOR_NEURAL phase=loss_read family=rnn backend=gpu batch=4 iterations=1 elapsed_ms=0.3 per_iteration_ms=0.3 observation=every_step uploads=0 downloads=1 compute_passes=0
SILEX_TENSOR_NEURAL phase=step_resident family=rnn backend=gpu batch=4 iterations=3 elapsed_ms=541.069 per_iteration_ms=180.35632 observation=spaced uploads=0 downloads=0 compute_passes=729
SILEX_TENSOR_NEURAL phase=step_end_to_end family=rnn backend=gpu batch=4 iterations=1 elapsed_ms=149.69 per_iteration_ms=149.69 observation=every_step uploads=7 downloads=6 compute_passes=173
SILEX_TENSOR_NEURAL phase=construction family=rnn backend=cpu batch=16 iterations=5 elapsed_ms=3.867 per_iteration_ms=0.7734 observation=none uploads=0 downloads=0 compute_passes=0
SILEX_TENSOR_NEURAL phase=forward_cold family=rnn backend=cpu batch=16 iterations=1 elapsed_ms=9.127001 per_iteration_ms=9.127001 observation=none uploads=0 downloads=0 compute_passes=0
SILEX_TENSOR_NEURAL phase=forward_hot family=rnn backend=cpu batch=16 iterations=3 elapsed_ms=27.421999 per_iteration_ms=9.140666 observation=none uploads=0 downloads=0 compute_passes=0
SILEX_TENSOR_NEURAL phase=backward_cold family=rnn backend=cpu batch=16 iterations=1 elapsed_ms=21.526 per_iteration_ms=21.526 observation=none uploads=0 downloads=0 compute_passes=0
SILEX_TENSOR_NEURAL phase=backward_hot family=rnn backend=cpu batch=16 iterations=3 elapsed_ms=65.68199 per_iteration_ms=21.893997 observation=none uploads=0 downloads=0 compute_passes=0
SILEX_TENSOR_NEURAL phase=step_sgd family=rnn backend=cpu batch=16 iterations=3 elapsed_ms=5.7539997 per_iteration_ms=1.9179999 observation=none uploads=0 downloads=0 compute_passes=0
SILEX_TENSOR_NEURAL phase=step_adam family=rnn backend=cpu batch=16 iterations=3 elapsed_ms=26.716002 per_iteration_ms=8.9053335 observation=none uploads=0 downloads=0 compute_passes=0
SILEX_TENSOR_NEURAL phase=loss_read family=rnn backend=cpu batch=16 iterations=1 elapsed_ms=0.015 per_iteration_ms=0.015 observation=every_step uploads=0 downloads=0 compute_passes=0
SILEX_TENSOR_NEURAL phase=step_resident family=rnn backend=cpu batch=16 iterations=3 elapsed_ms=132.918 per_iteration_ms=44.306 observation=spaced uploads=0 downloads=0 compute_passes=0
SILEX_TENSOR_NEURAL phase=forward_cold family=rnn backend=gpu batch=16 iterations=1 elapsed_ms=49.164 per_iteration_ms=49.164 observation=none uploads=0 downloads=0 compute_passes=43
SILEX_TENSOR_NEURAL phase=forward_hot family=rnn backend=gpu batch=16 iterations=3 elapsed_ms=122.05299 per_iteration_ms=40.68433 observation=none uploads=0 downloads=0 compute_passes=129
SILEX_TENSOR_NEURAL phase=backward_cold family=rnn backend=gpu batch=16 iterations=1 elapsed_ms=100.05299 per_iteration_ms=100.05299 observation=none uploads=0 downloads=0 compute_passes=111
SILEX_TENSOR_NEURAL phase=backward_hot family=rnn backend=gpu batch=16 iterations=3 elapsed_ms=321.395 per_iteration_ms=107.13166 observation=none uploads=0 downloads=0 compute_passes=333
SILEX_TENSOR_NEURAL phase=step_sgd family=rnn backend=gpu batch=16 iterations=3 elapsed_ms=52.697998 per_iteration_ms=17.566 observation=none uploads=0 downloads=0 compute_passes=50
SILEX_TENSOR_NEURAL phase=step_adam family=rnn backend=gpu batch=16 iterations=3 elapsed_ms=215.29102 per_iteration_ms=71.76367 observation=none uploads=0 downloads=0 compute_passes=240
SILEX_TENSOR_NEURAL phase=loss_read family=rnn backend=gpu batch=16 iterations=1 elapsed_ms=0.398 per_iteration_ms=0.398 observation=every_step uploads=0 downloads=1 compute_passes=0
SILEX_TENSOR_NEURAL phase=step_resident family=rnn backend=gpu batch=16 iterations=3 elapsed_ms=732.64905 per_iteration_ms=244.21635 observation=spaced uploads=0 downloads=0 compute_passes=729
SILEX_TENSOR_NEURAL phase=step_end_to_end family=rnn backend=gpu batch=16 iterations=1 elapsed_ms=203.551 per_iteration_ms=203.551 observation=every_step uploads=7 downloads=6 compute_passes=173
SILEX_TENSOR_NEURAL phase=construction family=rnn backend=cpu batch=64 iterations=5 elapsed_ms=8.711 per_iteration_ms=1.7422001 observation=none uploads=0 downloads=0 compute_passes=0
SILEX_TENSOR_NEURAL phase=forward_cold family=rnn backend=cpu batch=64 iterations=1 elapsed_ms=28.178999 per_iteration_ms=28.178999 observation=none uploads=0 downloads=0 compute_passes=0
SILEX_TENSOR_NEURAL phase=forward_hot family=rnn backend=cpu batch=64 iterations=2 elapsed_ms=56.197 per_iteration_ms=28.0985 observation=none uploads=0 downloads=0 compute_passes=0
SILEX_TENSOR_NEURAL phase=backward_cold family=rnn backend=cpu batch=64 iterations=1 elapsed_ms=57.635002 per_iteration_ms=57.635002 observation=none uploads=0 downloads=0 compute_passes=0
SILEX_TENSOR_NEURAL phase=backward_hot family=rnn backend=cpu batch=64 iterations=2 elapsed_ms=115.63 per_iteration_ms=57.815 observation=none uploads=0 downloads=0 compute_passes=0
SILEX_TENSOR_NEURAL phase=step_sgd family=rnn backend=cpu batch=64 iterations=2 elapsed_ms=6.0410004 per_iteration_ms=3.0205002 observation=none uploads=0 downloads=0 compute_passes=0
SILEX_TENSOR_NEURAL phase=step_adam family=rnn backend=cpu batch=64 iterations=2 elapsed_ms=28.883 per_iteration_ms=14.4415 observation=none uploads=0 downloads=0 compute_passes=0
SILEX_TENSOR_NEURAL phase=loss_read family=rnn backend=cpu batch=64 iterations=1 elapsed_ms=0.023 per_iteration_ms=0.023 observation=every_step uploads=0 downloads=0 compute_passes=0
SILEX_TENSOR_NEURAL phase=step_resident family=rnn backend=cpu batch=64 iterations=2 elapsed_ms=208.178 per_iteration_ms=104.089 observation=spaced uploads=0 downloads=0 compute_passes=0
SILEX_TENSOR_NEURAL phase=forward_cold family=rnn backend=gpu batch=64 iterations=1 elapsed_ms=60.757 per_iteration_ms=60.757 observation=none uploads=0 downloads=0 compute_passes=43
SILEX_TENSOR_NEURAL phase=forward_hot family=rnn backend=gpu batch=64 iterations=2 elapsed_ms=114.211 per_iteration_ms=57.1055 observation=none uploads=0 downloads=0 compute_passes=86
SILEX_TENSOR_NEURAL phase=backward_cold family=rnn backend=gpu batch=64 iterations=1 elapsed_ms=131.32199 per_iteration_ms=131.32199 observation=none uploads=0 downloads=0 compute_passes=111
SILEX_TENSOR_NEURAL phase=backward_hot family=rnn backend=gpu batch=64 iterations=2 elapsed_ms=259.065 per_iteration_ms=129.5325 observation=none uploads=0 downloads=0 compute_passes=222
SILEX_TENSOR_NEURAL phase=step_sgd family=rnn backend=gpu batch=64 iterations=2 elapsed_ms=39.879 per_iteration_ms=19.9395 observation=none uploads=0 downloads=0 compute_passes=30
SILEX_TENSOR_NEURAL phase=step_adam family=rnn backend=gpu batch=64 iterations=2 elapsed_ms=173.767 per_iteration_ms=86.8835 observation=none uploads=0 downloads=0 compute_passes=160
SILEX_TENSOR_NEURAL phase=loss_read family=rnn backend=gpu batch=64 iterations=1 elapsed_ms=0.407 per_iteration_ms=0.407 observation=every_step uploads=0 downloads=1 compute_passes=0
SILEX_TENSOR_NEURAL phase=step_resident family=rnn backend=gpu batch=64 iterations=2 elapsed_ms=582.044 per_iteration_ms=291.022 observation=spaced uploads=0 downloads=0 compute_passes=486
SILEX_TENSOR_NEURAL phase=step_end_to_end family=rnn backend=gpu batch=64 iterations=1 elapsed_ms=234.552 per_iteration_ms=234.552 observation=every_step uploads=7 downloads=6 compute_passes=173
