SILEX_TENSOR_VERIFY status=pass operations=5 uploads=1 downloads=1
SILEX_TENSOR phase=construction family=cpu_memory backend=cpu dtype=float32 size=0 elements=65536 bytes=262144 transfer_mode=equal_cardinality iterations=5 elapsed_ms=0.15799999 per_iteration_ms=0.0316 uploads=0 downloads=0 compute_passes=0
SILEX_TENSOR phase=extraction family=cpu_memory backend=cpu dtype=float32 size=0 elements=65536 bytes=262144 transfer_mode=equal_cardinality iterations=5 elapsed_ms=52.22 per_iteration_ms=10.444 uploads=0 downloads=0 compute_passes=0
SILEX_TENSOR phase=upload family=transfer backend=gpu dtype=float32 size=0 elements=65536 bytes=262144 transfer_mode=equal_cardinality iterations=5 elapsed_ms=40.687 per_iteration_ms=8.1374 uploads=5 downloads=0 compute_passes=0
SILEX_TENSOR phase=download family=transfer backend=gpu dtype=float32 size=0 elements=65536 bytes=262144 transfer_mode=equal_cardinality iterations=5 elapsed_ms=20.881 per_iteration_ms=4.1762 uploads=0 downloads=5 compute_passes=0
SILEX_TENSOR phase=construction family=cpu_memory backend=cpu dtype=int8 size=0 elements=65536 bytes=65536 transfer_mode=equal_cardinality iterations=5 elapsed_ms=0.074 per_iteration_ms=0.0148 uploads=0 downloads=0 compute_passes=0
SILEX_TENSOR phase=extraction family=cpu_memory backend=cpu dtype=int8 size=0 elements=65536 bytes=65536 transfer_mode=equal_cardinality iterations=5 elapsed_ms=54.728 per_iteration_ms=10.9456005 uploads=0 downloads=0 compute_passes=0
SILEX_TENSOR phase=upload family=transfer backend=gpu dtype=int8 size=0 elements=65536 bytes=65536 transfer_mode=equal_cardinality iterations=5 elapsed_ms=40.024002 per_iteration_ms=8.004801 uploads=5 downloads=0 compute_passes=0
SILEX_TENSOR phase=download family=transfer backend=gpu dtype=int8 size=0 elements=65536 bytes=65536 transfer_mode=equal_cardinality iterations=5 elapsed_ms=15.24 per_iteration_ms=3.0479999 uploads=0 downloads=5 compute_passes=0
SILEX_TENSOR phase=construction family=cpu_memory backend=cpu dtype=uint8 size=0 elements=65536 bytes=65536 transfer_mode=equal_cardinality iterations=5 elapsed_ms=0.199 per_iteration_ms=0.0398 uploads=0 downloads=0 compute_passes=0
SILEX_TENSOR phase=extraction family=cpu_memory backend=cpu dtype=uint8 size=0 elements=65536 bytes=65536 transfer_mode=equal_cardinality iterations=5 elapsed_ms=46.895 per_iteration_ms=9.379 uploads=0 downloads=0 compute_passes=0
SILEX_TENSOR phase=upload family=transfer backend=gpu dtype=uint8 size=0 elements=65536 bytes=65536 transfer_mode=equal_cardinality iterations=5 elapsed_ms=38.443 per_iteration_ms=7.6886 uploads=5 downloads=0 compute_passes=0
SILEX_TENSOR phase=download family=transfer backend=gpu dtype=uint8 size=0 elements=65536 bytes=65536 transfer_mode=equal_cardinality iterations=5 elapsed_ms=16.302 per_iteration_ms=3.2604 uploads=0 downloads=5 compute_passes=0
SILEX_TENSOR phase=construction family=cpu_memory backend=cpu dtype=int16 size=0 elements=65536 bytes=131072 transfer_mode=equal_cardinality iterations=5 elapsed_ms=0.068 per_iteration_ms=0.013600001 uploads=0 downloads=0 compute_passes=0
SILEX_TENSOR phase=extraction family=cpu_memory backend=cpu dtype=int16 size=0 elements=65536 bytes=131072 transfer_mode=equal_cardinality iterations=5 elapsed_ms=50.574 per_iteration_ms=10.1148 uploads=0 downloads=0 compute_passes=0
SILEX_TENSOR phase=upload family=transfer backend=gpu dtype=int16 size=0 elements=65536 bytes=131072 transfer_mode=equal_cardinality iterations=5 elapsed_ms=31.810999 per_iteration_ms=6.3622 uploads=5 downloads=0 compute_passes=0
SILEX_TENSOR phase=download family=transfer backend=gpu dtype=int16 size=0 elements=65536 bytes=131072 transfer_mode=equal_cardinality iterations=5 elapsed_ms=16.946 per_iteration_ms=3.3891997 uploads=0 downloads=5 compute_passes=0
SILEX_TENSOR phase=construction family=cpu_memory backend=cpu dtype=uint16 size=0 elements=65536 bytes=131072 transfer_mode=equal_cardinality iterations=5 elapsed_ms=0.064 per_iteration_ms=0.012800001 uploads=0 downloads=0 compute_passes=0
SILEX_TENSOR phase=extraction family=cpu_memory backend=cpu dtype=uint16 size=0 elements=65536 bytes=131072 transfer_mode=equal_cardinality iterations=5 elapsed_ms=60.109 per_iteration_ms=12.0218 uploads=0 downloads=0 compute_passes=0
SILEX_TENSOR phase=upload family=transfer backend=gpu dtype=uint16 size=0 elements=65536 bytes=131072 transfer_mode=equal_cardinality iterations=5 elapsed_ms=30.173 per_iteration_ms=6.0346003 uploads=5 downloads=0 compute_passes=0
SILEX_TENSOR phase=download family=transfer backend=gpu dtype=uint16 size=0 elements=65536 bytes=131072 transfer_mode=equal_cardinality iterations=5 elapsed_ms=18.274 per_iteration_ms=3.6548 uploads=0 downloads=5 compute_passes=0
SILEX_TENSOR phase=construction family=cpu_memory backend=cpu dtype=int32 size=0 elements=65536 bytes=262144 transfer_mode=equal_cardinality iterations=5 elapsed_ms=0.066 per_iteration_ms=0.0132 uploads=0 downloads=0 compute_passes=0
SILEX_TENSOR phase=extraction family=cpu_memory backend=cpu dtype=int32 size=0 elements=65536 bytes=262144 transfer_mode=equal_cardinality iterations=5 elapsed_ms=48.597 per_iteration_ms=9.7194 uploads=0 downloads=0 compute_passes=0
SILEX_TENSOR phase=upload family=transfer backend=gpu dtype=int32 size=0 elements=65536 bytes=262144 transfer_mode=equal_cardinality iterations=5 elapsed_ms=31.079 per_iteration_ms=6.2158003 uploads=5 downloads=0 compute_passes=0
SILEX_TENSOR phase=download family=transfer backend=gpu dtype=int32 size=0 elements=65536 bytes=262144 transfer_mode=equal_cardinality iterations=5 elapsed_ms=16.888 per_iteration_ms=3.3776002 uploads=0 downloads=5 compute_passes=0
SILEX_TENSOR phase=construction family=cpu_memory backend=cpu dtype=uint32 size=0 elements=65536 bytes=262144 transfer_mode=equal_cardinality iterations=5 elapsed_ms=0.066 per_iteration_ms=0.0132 uploads=0 downloads=0 compute_passes=0
SILEX_TENSOR phase=extraction family=cpu_memory backend=cpu dtype=uint32 size=0 elements=65536 bytes=262144 transfer_mode=equal_cardinality iterations=5 elapsed_ms=50.939003 per_iteration_ms=10.1878 uploads=0 downloads=0 compute_passes=0
SILEX_TENSOR phase=upload family=transfer backend=gpu dtype=uint32 size=0 elements=65536 bytes=262144 transfer_mode=equal_cardinality iterations=5 elapsed_ms=29.542 per_iteration_ms=5.9084 uploads=5 downloads=0 compute_passes=0
SILEX_TENSOR phase=download family=transfer backend=gpu dtype=uint32 size=0 elements=65536 bytes=262144 transfer_mode=equal_cardinality iterations=5 elapsed_ms=17.808 per_iteration_ms=3.5616002 uploads=0 downloads=5 compute_passes=0
SILEX_TENSOR phase=construction family=cpu_memory backend=cpu dtype=int64 size=0 elements=65536 bytes=524288 transfer_mode=equal_cardinality iterations=5 elapsed_ms=0.217 per_iteration_ms=0.043399997 uploads=0 downloads=0 compute_passes=0
SILEX_TENSOR phase=extraction family=cpu_memory backend=cpu dtype=int64 size=0 elements=65536 bytes=524288 transfer_mode=equal_cardinality iterations=5 elapsed_ms=56.909 per_iteration_ms=11.3818 uploads=0 downloads=0 compute_passes=0
SILEX_TENSOR phase=upload family=transfer backend=gpu dtype=int64 size=0 elements=65536 bytes=524288 transfer_mode=equal_cardinality iterations=5 elapsed_ms=38.065998 per_iteration_ms=7.6131997 uploads=5 downloads=0 compute_passes=0
SILEX_TENSOR phase=download family=transfer backend=gpu dtype=int64 size=0 elements=65536 bytes=524288 transfer_mode=equal_cardinality iterations=5 elapsed_ms=18.667 per_iteration_ms=3.7333999 uploads=0 downloads=5 compute_passes=0
SILEX_TENSOR phase=construction family=cpu_memory backend=cpu dtype=uint64 size=0 elements=65536 bytes=524288 transfer_mode=equal_cardinality iterations=5 elapsed_ms=0.192 per_iteration_ms=0.0384 uploads=0 downloads=0 compute_passes=0
SILEX_TENSOR phase=extraction family=cpu_memory backend=cpu dtype=uint64 size=0 elements=65536 bytes=524288 transfer_mode=equal_cardinality iterations=5 elapsed_ms=55.731 per_iteration_ms=11.1462 uploads=0 downloads=0 compute_passes=0
SILEX_TENSOR phase=upload family=transfer backend=gpu dtype=uint64 size=0 elements=65536 bytes=524288 transfer_mode=equal_cardinality iterations=5 elapsed_ms=34.102997 per_iteration_ms=6.8205996 uploads=5 downloads=0 compute_passes=0
SILEX_TENSOR phase=download family=transfer backend=gpu dtype=uint64 size=0 elements=65536 bytes=524288 transfer_mode=equal_cardinality iterations=5 elapsed_ms=24.132 per_iteration_ms=4.8264 uploads=0 downloads=5 compute_passes=0
SILEX_TENSOR phase=upload family=transfer backend=gpu dtype=float32 size=0 elements=65536 bytes=262144 transfer_mode=equal_bytes iterations=5 elapsed_ms=38.206 per_iteration_ms=7.6412 uploads=5 downloads=0 compute_passes=0
SILEX_TENSOR phase=download family=transfer backend=gpu dtype=float32 size=0 elements=65536 bytes=262144 transfer_mode=equal_bytes iterations=5 elapsed_ms=14.605 per_iteration_ms=2.921 uploads=0 downloads=5 compute_passes=0
SILEX_TENSOR phase=upload family=transfer backend=gpu dtype=int8 size=0 elements=262144 bytes=262144 transfer_mode=equal_bytes iterations=5 elapsed_ms=53.75 per_iteration_ms=10.75 uploads=5 downloads=0 compute_passes=0
SILEX_TENSOR phase=download family=transfer backend=gpu dtype=int8 size=0 elements=262144 bytes=262144 transfer_mode=equal_bytes iterations=5 elapsed_ms=57.61 per_iteration_ms=11.522 uploads=0 downloads=5 compute_passes=0
SILEX_TENSOR phase=upload family=transfer backend=gpu dtype=uint8 size=0 elements=262144 bytes=262144 transfer_mode=equal_bytes iterations=5 elapsed_ms=59.645 per_iteration_ms=11.929 uploads=5 downloads=0 compute_passes=0
SILEX_TENSOR phase=download family=transfer backend=gpu dtype=uint8 size=0 elements=262144 bytes=262144 transfer_mode=equal_bytes iterations=5 elapsed_ms=51.3 per_iteration_ms=10.26 uploads=0 downloads=5 compute_passes=0
SILEX_TENSOR phase=upload family=transfer backend=gpu dtype=int16 size=0 elements=131072 bytes=262144 transfer_mode=equal_bytes iterations=5 elapsed_ms=37.521 per_iteration_ms=7.5042 uploads=5 downloads=0 compute_passes=0
SILEX_TENSOR phase=download family=transfer backend=gpu dtype=int16 size=0 elements=131072 bytes=262144 transfer_mode=equal_bytes iterations=5 elapsed_ms=29.586 per_iteration_ms=5.9172 uploads=0 downloads=5 compute_passes=0
SILEX_TENSOR phase=upload family=transfer backend=gpu dtype=uint16 size=0 elements=131072 bytes=262144 transfer_mode=equal_bytes iterations=5 elapsed_ms=47.552998 per_iteration_ms=9.510599 uploads=5 downloads=0 compute_passes=0
SILEX_TENSOR phase=download family=transfer backend=gpu dtype=uint16 size=0 elements=131072 bytes=262144 transfer_mode=equal_bytes iterations=5 elapsed_ms=29.993 per_iteration_ms=5.9986 uploads=0 downloads=5 compute_passes=0
SILEX_TENSOR phase=upload family=transfer backend=gpu dtype=int32 size=0 elements=65536 bytes=262144 transfer_mode=equal_bytes iterations=5 elapsed_ms=34.559998 per_iteration_ms=6.9119997 uploads=5 downloads=0 compute_passes=0
SILEX_TENSOR phase=download family=transfer backend=gpu dtype=int32 size=0 elements=65536 bytes=262144 transfer_mode=equal_bytes iterations=5 elapsed_ms=23.798 per_iteration_ms=4.7596 uploads=0 downloads=5 compute_passes=0
SILEX_TENSOR phase=upload family=transfer backend=gpu dtype=uint32 size=0 elements=65536 bytes=262144 transfer_mode=equal_bytes iterations=5 elapsed_ms=43.349003 per_iteration_ms=8.669801 uploads=5 downloads=0 compute_passes=0
SILEX_TENSOR phase=download family=transfer backend=gpu dtype=uint32 size=0 elements=65536 bytes=262144 transfer_mode=equal_bytes iterations=5 elapsed_ms=18.747 per_iteration_ms=3.7494 uploads=0 downloads=5 compute_passes=0
SILEX_TENSOR phase=upload family=transfer backend=gpu dtype=int64 size=0 elements=32768 bytes=262144 transfer_mode=equal_bytes iterations=5 elapsed_ms=36.589 per_iteration_ms=7.3178 uploads=5 downloads=0 compute_passes=0
SILEX_TENSOR phase=download family=transfer backend=gpu dtype=int64 size=0 elements=32768 bytes=262144 transfer_mode=equal_bytes iterations=5 elapsed_ms=13.947 per_iteration_ms=2.7893999 uploads=0 downloads=5 compute_passes=0
SILEX_TENSOR phase=upload family=transfer backend=gpu dtype=uint64 size=0 elements=32768 bytes=262144 transfer_mode=equal_bytes iterations=5 elapsed_ms=33.035 per_iteration_ms=6.607 uploads=5 downloads=0 compute_passes=0
SILEX_TENSOR phase=download family=transfer backend=gpu dtype=uint64 size=0 elements=32768 bytes=262144 transfer_mode=equal_bytes iterations=5 elapsed_ms=13.314 per_iteration_ms=2.6628 uploads=0 downloads=5 compute_passes=0
