SILEX_TENSOR_VERIFY status=pass operations=5 uploads=1 downloads=1
SILEX_TENSOR phase=construction family=cpu_memory backend=cpu dtype=float32 size=0 elements=65536 bytes=262144 transfer_mode=equal_cardinality iterations=5 elapsed_ms=0.065 per_iteration_ms=0.012999999 uploads=0 downloads=0 compute_passes=0
SILEX_TENSOR phase=extraction family=cpu_memory backend=cpu dtype=float32 size=0 elements=65536 bytes=262144 transfer_mode=equal_cardinality iterations=5 elapsed_ms=49.249 per_iteration_ms=9.8498 uploads=0 downloads=0 compute_passes=0
SILEX_TENSOR phase=upload family=transfer backend=gpu dtype=float32 size=0 elements=65536 bytes=262144 transfer_mode=equal_cardinality iterations=5 elapsed_ms=30.079 per_iteration_ms=6.0158 uploads=5 downloads=0 compute_passes=0
SILEX_TENSOR phase=download family=transfer backend=gpu dtype=float32 size=0 elements=65536 bytes=262144 transfer_mode=equal_cardinality iterations=5 elapsed_ms=17.309 per_iteration_ms=3.4618 uploads=0 downloads=5 compute_passes=0
SILEX_TENSOR phase=construction family=cpu_memory backend=cpu dtype=int8 size=0 elements=65536 bytes=65536 transfer_mode=equal_cardinality iterations=5 elapsed_ms=0.105 per_iteration_ms=0.021 uploads=0 downloads=0 compute_passes=0
SILEX_TENSOR phase=extraction family=cpu_memory backend=cpu dtype=int8 size=0 elements=65536 bytes=65536 transfer_mode=equal_cardinality iterations=5 elapsed_ms=63.009003 per_iteration_ms=12.601801 uploads=0 downloads=0 compute_passes=0
SILEX_TENSOR phase=upload family=transfer backend=gpu dtype=int8 size=0 elements=65536 bytes=65536 transfer_mode=equal_cardinality iterations=5 elapsed_ms=43.336 per_iteration_ms=8.6672 uploads=5 downloads=0 compute_passes=0
SILEX_TENSOR phase=download family=transfer backend=gpu dtype=int8 size=0 elements=65536 bytes=65536 transfer_mode=equal_cardinality iterations=5 elapsed_ms=21.95 per_iteration_ms=4.3900003 uploads=0 downloads=5 compute_passes=0
SILEX_TENSOR phase=construction family=cpu_memory backend=cpu dtype=uint8 size=0 elements=65536 bytes=65536 transfer_mode=equal_cardinality iterations=5 elapsed_ms=0.18699999 per_iteration_ms=0.0374 uploads=0 downloads=0 compute_passes=0
SILEX_TENSOR phase=extraction family=cpu_memory backend=cpu dtype=uint8 size=0 elements=65536 bytes=65536 transfer_mode=equal_cardinality iterations=5 elapsed_ms=57.135002 per_iteration_ms=11.427 uploads=0 downloads=0 compute_passes=0
SILEX_TENSOR phase=upload family=transfer backend=gpu dtype=uint8 size=0 elements=65536 bytes=65536 transfer_mode=equal_cardinality iterations=5 elapsed_ms=50.331997 per_iteration_ms=10.0664 uploads=5 downloads=0 compute_passes=0
SILEX_TENSOR phase=download family=transfer backend=gpu dtype=uint8 size=0 elements=65536 bytes=65536 transfer_mode=equal_cardinality iterations=5 elapsed_ms=16.989 per_iteration_ms=3.3978 uploads=0 downloads=5 compute_passes=0
SILEX_TENSOR phase=construction family=cpu_memory backend=cpu dtype=int16 size=0 elements=65536 bytes=131072 transfer_mode=equal_cardinality iterations=5 elapsed_ms=0.067 per_iteration_ms=0.0134000005 uploads=0 downloads=0 compute_passes=0
SILEX_TENSOR phase=extraction family=cpu_memory backend=cpu dtype=int16 size=0 elements=65536 bytes=131072 transfer_mode=equal_cardinality iterations=5 elapsed_ms=39.046 per_iteration_ms=7.8092003 uploads=0 downloads=0 compute_passes=0
SILEX_TENSOR phase=upload family=transfer backend=gpu dtype=int16 size=0 elements=65536 bytes=131072 transfer_mode=equal_cardinality iterations=5 elapsed_ms=47.405003 per_iteration_ms=9.481001 uploads=5 downloads=0 compute_passes=0
SILEX_TENSOR phase=download family=transfer backend=gpu dtype=int16 size=0 elements=65536 bytes=131072 transfer_mode=equal_cardinality iterations=5 elapsed_ms=23.34 per_iteration_ms=4.668 uploads=0 downloads=5 compute_passes=0
SILEX_TENSOR phase=construction family=cpu_memory backend=cpu dtype=uint16 size=0 elements=65536 bytes=131072 transfer_mode=equal_cardinality iterations=5 elapsed_ms=0.171 per_iteration_ms=0.0342 uploads=0 downloads=0 compute_passes=0
SILEX_TENSOR phase=extraction family=cpu_memory backend=cpu dtype=uint16 size=0 elements=65536 bytes=131072 transfer_mode=equal_cardinality iterations=5 elapsed_ms=56.537 per_iteration_ms=11.3074 uploads=0 downloads=0 compute_passes=0
SILEX_TENSOR phase=upload family=transfer backend=gpu dtype=uint16 size=0 elements=65536 bytes=131072 transfer_mode=equal_cardinality iterations=5 elapsed_ms=39.31 per_iteration_ms=7.8620005 uploads=5 downloads=0 compute_passes=0
SILEX_TENSOR phase=download family=transfer backend=gpu dtype=uint16 size=0 elements=65536 bytes=131072 transfer_mode=equal_cardinality iterations=5 elapsed_ms=19.804 per_iteration_ms=3.9608002 uploads=0 downloads=5 compute_passes=0
SILEX_TENSOR phase=construction family=cpu_memory backend=cpu dtype=int32 size=0 elements=65536 bytes=262144 transfer_mode=equal_cardinality iterations=5 elapsed_ms=0.088 per_iteration_ms=0.0176 uploads=0 downloads=0 compute_passes=0
SILEX_TENSOR phase=extraction family=cpu_memory backend=cpu dtype=int32 size=0 elements=65536 bytes=262144 transfer_mode=equal_cardinality iterations=5 elapsed_ms=53.494 per_iteration_ms=10.6988 uploads=0 downloads=0 compute_passes=0
SILEX_TENSOR phase=upload family=transfer backend=gpu dtype=int32 size=0 elements=65536 bytes=262144 transfer_mode=equal_cardinality iterations=5 elapsed_ms=36.552998 per_iteration_ms=7.3105993 uploads=5 downloads=0 compute_passes=0
SILEX_TENSOR phase=download family=transfer backend=gpu dtype=int32 size=0 elements=65536 bytes=262144 transfer_mode=equal_cardinality iterations=5 elapsed_ms=21.515001 per_iteration_ms=4.3030005 uploads=0 downloads=5 compute_passes=0
SILEX_TENSOR phase=construction family=cpu_memory backend=cpu dtype=uint32 size=0 elements=65536 bytes=262144 transfer_mode=equal_cardinality iterations=5 elapsed_ms=0.229 per_iteration_ms=0.0458 uploads=0 downloads=0 compute_passes=0
SILEX_TENSOR phase=extraction family=cpu_memory backend=cpu dtype=uint32 size=0 elements=65536 bytes=262144 transfer_mode=equal_cardinality iterations=5 elapsed_ms=57.537 per_iteration_ms=11.5074 uploads=0 downloads=0 compute_passes=0
SILEX_TENSOR phase=upload family=transfer backend=gpu dtype=uint32 size=0 elements=65536 bytes=262144 transfer_mode=equal_cardinality iterations=5 elapsed_ms=39.189 per_iteration_ms=7.8378 uploads=5 downloads=0 compute_passes=0
SILEX_TENSOR phase=download family=transfer backend=gpu dtype=uint32 size=0 elements=65536 bytes=262144 transfer_mode=equal_cardinality iterations=5 elapsed_ms=23.529001 per_iteration_ms=4.7058 uploads=0 downloads=5 compute_passes=0
SILEX_TENSOR phase=construction family=cpu_memory backend=cpu dtype=int64 size=0 elements=65536 bytes=524288 transfer_mode=equal_cardinality iterations=5 elapsed_ms=0.103 per_iteration_ms=0.0206 uploads=0 downloads=0 compute_passes=0
SILEX_TENSOR phase=extraction family=cpu_memory backend=cpu dtype=int64 size=0 elements=65536 bytes=524288 transfer_mode=equal_cardinality iterations=5 elapsed_ms=48.626 per_iteration_ms=9.7252 uploads=0 downloads=0 compute_passes=0
SILEX_TENSOR phase=upload family=transfer backend=gpu dtype=int64 size=0 elements=65536 bytes=524288 transfer_mode=equal_cardinality iterations=5 elapsed_ms=39.999 per_iteration_ms=7.9998 uploads=5 downloads=0 compute_passes=0
SILEX_TENSOR phase=download family=transfer backend=gpu dtype=int64 size=0 elements=65536 bytes=524288 transfer_mode=equal_cardinality iterations=5 elapsed_ms=26.121 per_iteration_ms=5.2242002 uploads=0 downloads=5 compute_passes=0
SILEX_TENSOR phase=construction family=cpu_memory backend=cpu dtype=uint64 size=0 elements=65536 bytes=524288 transfer_mode=equal_cardinality iterations=5 elapsed_ms=0.086 per_iteration_ms=0.0172 uploads=0 downloads=0 compute_passes=0
SILEX_TENSOR phase=extraction family=cpu_memory backend=cpu dtype=uint64 size=0 elements=65536 bytes=524288 transfer_mode=equal_cardinality iterations=5 elapsed_ms=63.259 per_iteration_ms=12.6518 uploads=0 downloads=0 compute_passes=0
SILEX_TENSOR phase=upload family=transfer backend=gpu dtype=uint64 size=0 elements=65536 bytes=524288 transfer_mode=equal_cardinality iterations=5 elapsed_ms=47.692 per_iteration_ms=9.538401 uploads=5 downloads=0 compute_passes=0
SILEX_TENSOR phase=download family=transfer backend=gpu dtype=uint64 size=0 elements=65536 bytes=524288 transfer_mode=equal_cardinality iterations=5 elapsed_ms=20.191 per_iteration_ms=4.0382 uploads=0 downloads=5 compute_passes=0
SILEX_TENSOR phase=upload family=transfer backend=gpu dtype=float32 size=0 elements=65536 bytes=262144 transfer_mode=equal_bytes iterations=5 elapsed_ms=41.654 per_iteration_ms=8.3308 uploads=5 downloads=0 compute_passes=0
SILEX_TENSOR phase=download family=transfer backend=gpu dtype=float32 size=0 elements=65536 bytes=262144 transfer_mode=equal_bytes iterations=5 elapsed_ms=25.172998 per_iteration_ms=5.0346 uploads=0 downloads=5 compute_passes=0
SILEX_TENSOR phase=upload family=transfer backend=gpu dtype=int8 size=0 elements=262144 bytes=262144 transfer_mode=equal_bytes iterations=5 elapsed_ms=66.62 per_iteration_ms=13.324 uploads=5 downloads=0 compute_passes=0
SILEX_TENSOR phase=download family=transfer backend=gpu dtype=int8 size=0 elements=262144 bytes=262144 transfer_mode=equal_bytes iterations=5 elapsed_ms=58.477 per_iteration_ms=11.6954 uploads=0 downloads=5 compute_passes=0
SILEX_TENSOR phase=upload family=transfer backend=gpu dtype=uint8 size=0 elements=262144 bytes=262144 transfer_mode=equal_bytes iterations=5 elapsed_ms=68.17899 per_iteration_ms=13.635798 uploads=5 downloads=0 compute_passes=0
SILEX_TENSOR phase=download family=transfer backend=gpu dtype=uint8 size=0 elements=262144 bytes=262144 transfer_mode=equal_bytes iterations=5 elapsed_ms=58.065998 per_iteration_ms=11.613199 uploads=0 downloads=5 compute_passes=0
SILEX_TENSOR phase=upload family=transfer backend=gpu dtype=int16 size=0 elements=131072 bytes=262144 transfer_mode=equal_bytes iterations=5 elapsed_ms=55.641 per_iteration_ms=11.1282 uploads=5 downloads=0 compute_passes=0
SILEX_TENSOR phase=download family=transfer backend=gpu dtype=int16 size=0 elements=131072 bytes=262144 transfer_mode=equal_bytes iterations=5 elapsed_ms=30.105 per_iteration_ms=6.021 uploads=0 downloads=5 compute_passes=0
SILEX_TENSOR phase=upload family=transfer backend=gpu dtype=uint16 size=0 elements=131072 bytes=262144 transfer_mode=equal_bytes iterations=5 elapsed_ms=47.203 per_iteration_ms=9.440599 uploads=5 downloads=0 compute_passes=0
SILEX_TENSOR phase=download family=transfer backend=gpu dtype=uint16 size=0 elements=131072 bytes=262144 transfer_mode=equal_bytes iterations=5 elapsed_ms=33.388 per_iteration_ms=6.6776 uploads=0 downloads=5 compute_passes=0
SILEX_TENSOR phase=upload family=transfer backend=gpu dtype=int32 size=0 elements=65536 bytes=262144 transfer_mode=equal_bytes iterations=5 elapsed_ms=41.961 per_iteration_ms=8.3921995 uploads=5 downloads=0 compute_passes=0
SILEX_TENSOR phase=download family=transfer backend=gpu dtype=int32 size=0 elements=65536 bytes=262144 transfer_mode=equal_bytes iterations=5 elapsed_ms=19.442 per_iteration_ms=3.8883998 uploads=0 downloads=5 compute_passes=0
SILEX_TENSOR phase=upload family=transfer backend=gpu dtype=uint32 size=0 elements=65536 bytes=262144 transfer_mode=equal_bytes iterations=5 elapsed_ms=40.89 per_iteration_ms=8.1779995 uploads=5 downloads=0 compute_passes=0
SILEX_TENSOR phase=download family=transfer backend=gpu dtype=uint32 size=0 elements=65536 bytes=262144 transfer_mode=equal_bytes iterations=5 elapsed_ms=17.931 per_iteration_ms=3.5862 uploads=0 downloads=5 compute_passes=0
SILEX_TENSOR phase=upload family=transfer backend=gpu dtype=int64 size=0 elements=32768 bytes=262144 transfer_mode=equal_bytes iterations=5 elapsed_ms=49.308 per_iteration_ms=9.8616 uploads=5 downloads=0 compute_passes=0
SILEX_TENSOR phase=download family=transfer backend=gpu dtype=int64 size=0 elements=32768 bytes=262144 transfer_mode=equal_bytes iterations=5 elapsed_ms=13.995 per_iteration_ms=2.799 uploads=0 downloads=5 compute_passes=0
SILEX_TENSOR phase=upload family=transfer backend=gpu dtype=uint64 size=0 elements=32768 bytes=262144 transfer_mode=equal_bytes iterations=5 elapsed_ms=37.886 per_iteration_ms=7.5772004 uploads=5 downloads=0 compute_passes=0
SILEX_TENSOR phase=download family=transfer backend=gpu dtype=uint64 size=0 elements=32768 bytes=262144 transfer_mode=equal_bytes iterations=5 elapsed_ms=14.565001 per_iteration_ms=2.913 uploads=0 downloads=5 compute_passes=0
