SILEX_TENSOR_VERIFY status=pass operations=5 uploads=1 downloads=1
SILEX_TENSOR phase=construction family=cpu_memory backend=cpu dtype=float32 size=0 elements=65536 bytes=262144 transfer_mode=equal_cardinality iterations=5 elapsed_ms=0.243 per_iteration_ms=0.0486 uploads=0 downloads=0 compute_passes=0
SILEX_TENSOR phase=extraction family=cpu_memory backend=cpu dtype=float32 size=0 elements=65536 bytes=262144 transfer_mode=equal_cardinality iterations=5 elapsed_ms=44.931 per_iteration_ms=8.9862 uploads=0 downloads=0 compute_passes=0
SILEX_TENSOR phase=upload family=transfer backend=gpu dtype=float32 size=0 elements=65536 bytes=262144 transfer_mode=equal_cardinality iterations=5 elapsed_ms=36.026 per_iteration_ms=7.2052 uploads=5 downloads=0 compute_passes=0
SILEX_TENSOR phase=download family=transfer backend=gpu dtype=float32 size=0 elements=65536 bytes=262144 transfer_mode=equal_cardinality iterations=5 elapsed_ms=21.767 per_iteration_ms=4.3534 uploads=0 downloads=5 compute_passes=0
SILEX_TENSOR phase=construction family=cpu_memory backend=cpu dtype=int8 size=0 elements=65536 bytes=65536 transfer_mode=equal_cardinality iterations=5 elapsed_ms=0.19500001 per_iteration_ms=0.039 uploads=0 downloads=0 compute_passes=0
SILEX_TENSOR phase=extraction family=cpu_memory backend=cpu dtype=int8 size=0 elements=65536 bytes=65536 transfer_mode=equal_cardinality iterations=5 elapsed_ms=57.356 per_iteration_ms=11.4712 uploads=0 downloads=0 compute_passes=0
SILEX_TENSOR phase=upload family=transfer backend=gpu dtype=int8 size=0 elements=65536 bytes=65536 transfer_mode=equal_cardinality iterations=5 elapsed_ms=36.913998 per_iteration_ms=7.3827996 uploads=5 downloads=0 compute_passes=0
SILEX_TENSOR phase=download family=transfer backend=gpu dtype=int8 size=0 elements=65536 bytes=65536 transfer_mode=equal_cardinality iterations=5 elapsed_ms=17.865 per_iteration_ms=3.573 uploads=0 downloads=5 compute_passes=0
SILEX_TENSOR phase=construction family=cpu_memory backend=cpu dtype=uint8 size=0 elements=65536 bytes=65536 transfer_mode=equal_cardinality iterations=5 elapsed_ms=3.362 per_iteration_ms=0.6724 uploads=0 downloads=0 compute_passes=0
SILEX_TENSOR phase=extraction family=cpu_memory backend=cpu dtype=uint8 size=0 elements=65536 bytes=65536 transfer_mode=equal_cardinality iterations=5 elapsed_ms=50.414 per_iteration_ms=10.0828 uploads=0 downloads=0 compute_passes=0
SILEX_TENSOR phase=upload family=transfer backend=gpu dtype=uint8 size=0 elements=65536 bytes=65536 transfer_mode=equal_cardinality iterations=5 elapsed_ms=42.442 per_iteration_ms=8.4884 uploads=5 downloads=0 compute_passes=0
SILEX_TENSOR phase=download family=transfer backend=gpu dtype=uint8 size=0 elements=65536 bytes=65536 transfer_mode=equal_cardinality iterations=5 elapsed_ms=19.540998 per_iteration_ms=3.9081998 uploads=0 downloads=5 compute_passes=0
SILEX_TENSOR phase=construction family=cpu_memory backend=cpu dtype=int16 size=0 elements=65536 bytes=131072 transfer_mode=equal_cardinality iterations=5 elapsed_ms=0.22 per_iteration_ms=0.044 uploads=0 downloads=0 compute_passes=0
SILEX_TENSOR phase=extraction family=cpu_memory backend=cpu dtype=int16 size=0 elements=65536 bytes=131072 transfer_mode=equal_cardinality iterations=5 elapsed_ms=50.521 per_iteration_ms=10.1042 uploads=0 downloads=0 compute_passes=0
SILEX_TENSOR phase=upload family=transfer backend=gpu dtype=int16 size=0 elements=65536 bytes=131072 transfer_mode=equal_cardinality iterations=5 elapsed_ms=30.006 per_iteration_ms=6.0012 uploads=5 downloads=0 compute_passes=0
SILEX_TENSOR phase=download family=transfer backend=gpu dtype=int16 size=0 elements=65536 bytes=131072 transfer_mode=equal_cardinality iterations=5 elapsed_ms=14.557 per_iteration_ms=2.9114 uploads=0 downloads=5 compute_passes=0
SILEX_TENSOR phase=construction family=cpu_memory backend=cpu dtype=uint16 size=0 elements=65536 bytes=131072 transfer_mode=equal_cardinality iterations=5 elapsed_ms=0.060999997 per_iteration_ms=0.0122 uploads=0 downloads=0 compute_passes=0
SILEX_TENSOR phase=extraction family=cpu_memory backend=cpu dtype=uint16 size=0 elements=65536 bytes=131072 transfer_mode=equal_cardinality iterations=5 elapsed_ms=51.17 per_iteration_ms=10.233999 uploads=0 downloads=0 compute_passes=0
SILEX_TENSOR phase=upload family=transfer backend=gpu dtype=uint16 size=0 elements=65536 bytes=131072 transfer_mode=equal_cardinality iterations=5 elapsed_ms=38.185997 per_iteration_ms=7.6371994 uploads=5 downloads=0 compute_passes=0
SILEX_TENSOR phase=download family=transfer backend=gpu dtype=uint16 size=0 elements=65536 bytes=131072 transfer_mode=equal_cardinality iterations=5 elapsed_ms=18.521 per_iteration_ms=3.7042 uploads=0 downloads=5 compute_passes=0
SILEX_TENSOR phase=construction family=cpu_memory backend=cpu dtype=int32 size=0 elements=65536 bytes=262144 transfer_mode=equal_cardinality iterations=5 elapsed_ms=0.057 per_iteration_ms=0.0114 uploads=0 downloads=0 compute_passes=0
SILEX_TENSOR phase=extraction family=cpu_memory backend=cpu dtype=int32 size=0 elements=65536 bytes=262144 transfer_mode=equal_cardinality iterations=5 elapsed_ms=44.474 per_iteration_ms=8.8948 uploads=0 downloads=0 compute_passes=0
SILEX_TENSOR phase=upload family=transfer backend=gpu dtype=int32 size=0 elements=65536 bytes=262144 transfer_mode=equal_cardinality iterations=5 elapsed_ms=30.518 per_iteration_ms=6.1036 uploads=5 downloads=0 compute_passes=0
SILEX_TENSOR phase=download family=transfer backend=gpu dtype=int32 size=0 elements=65536 bytes=262144 transfer_mode=equal_cardinality iterations=5 elapsed_ms=16.574999 per_iteration_ms=3.3149998 uploads=0 downloads=5 compute_passes=0
SILEX_TENSOR phase=construction family=cpu_memory backend=cpu dtype=uint32 size=0 elements=65536 bytes=262144 transfer_mode=equal_cardinality iterations=5 elapsed_ms=0.115 per_iteration_ms=0.023 uploads=0 downloads=0 compute_passes=0
SILEX_TENSOR phase=extraction family=cpu_memory backend=cpu dtype=uint32 size=0 elements=65536 bytes=262144 transfer_mode=equal_cardinality iterations=5 elapsed_ms=44.562 per_iteration_ms=8.9124 uploads=0 downloads=0 compute_passes=0
SILEX_TENSOR phase=upload family=transfer backend=gpu dtype=uint32 size=0 elements=65536 bytes=262144 transfer_mode=equal_cardinality iterations=5 elapsed_ms=33.948 per_iteration_ms=6.7896004 uploads=5 downloads=0 compute_passes=0
SILEX_TENSOR phase=download family=transfer backend=gpu dtype=uint32 size=0 elements=65536 bytes=262144 transfer_mode=equal_cardinality iterations=5 elapsed_ms=21.53 per_iteration_ms=4.306 uploads=0 downloads=5 compute_passes=0
SILEX_TENSOR phase=construction family=cpu_memory backend=cpu dtype=int64 size=0 elements=65536 bytes=524288 transfer_mode=equal_cardinality iterations=5 elapsed_ms=0.104 per_iteration_ms=0.0208 uploads=0 downloads=0 compute_passes=0
SILEX_TENSOR phase=extraction family=cpu_memory backend=cpu dtype=int64 size=0 elements=65536 bytes=524288 transfer_mode=equal_cardinality iterations=5 elapsed_ms=51.247997 per_iteration_ms=10.249599 uploads=0 downloads=0 compute_passes=0
SILEX_TENSOR phase=upload family=transfer backend=gpu dtype=int64 size=0 elements=65536 bytes=524288 transfer_mode=equal_cardinality iterations=5 elapsed_ms=37.592003 per_iteration_ms=7.5184007 uploads=5 downloads=0 compute_passes=0
SILEX_TENSOR phase=download family=transfer backend=gpu dtype=int64 size=0 elements=65536 bytes=524288 transfer_mode=equal_cardinality iterations=5 elapsed_ms=18.903 per_iteration_ms=3.7806 uploads=0 downloads=5 compute_passes=0
SILEX_TENSOR phase=construction family=cpu_memory backend=cpu dtype=uint64 size=0 elements=65536 bytes=524288 transfer_mode=equal_cardinality iterations=5 elapsed_ms=0.071 per_iteration_ms=0.0142 uploads=0 downloads=0 compute_passes=0
SILEX_TENSOR phase=extraction family=cpu_memory backend=cpu dtype=uint64 size=0 elements=65536 bytes=524288 transfer_mode=equal_cardinality iterations=5 elapsed_ms=58.674 per_iteration_ms=11.7348 uploads=0 downloads=0 compute_passes=0
SILEX_TENSOR phase=upload family=transfer backend=gpu dtype=uint64 size=0 elements=65536 bytes=524288 transfer_mode=equal_cardinality iterations=5 elapsed_ms=36.894 per_iteration_ms=7.3788004 uploads=5 downloads=0 compute_passes=0
SILEX_TENSOR phase=download family=transfer backend=gpu dtype=uint64 size=0 elements=65536 bytes=524288 transfer_mode=equal_cardinality iterations=5 elapsed_ms=23.783 per_iteration_ms=4.7566004 uploads=0 downloads=5 compute_passes=0
SILEX_TENSOR phase=upload family=transfer backend=gpu dtype=float32 size=0 elements=65536 bytes=262144 transfer_mode=equal_bytes iterations=5 elapsed_ms=42.898 per_iteration_ms=8.579599 uploads=5 downloads=0 compute_passes=0
SILEX_TENSOR phase=download family=transfer backend=gpu dtype=float32 size=0 elements=65536 bytes=262144 transfer_mode=equal_bytes iterations=5 elapsed_ms=17.841 per_iteration_ms=3.5681999 uploads=0 downloads=5 compute_passes=0
SILEX_TENSOR phase=upload family=transfer backend=gpu dtype=int8 size=0 elements=262144 bytes=262144 transfer_mode=equal_bytes iterations=5 elapsed_ms=74.605 per_iteration_ms=14.9210005 uploads=5 downloads=0 compute_passes=0
SILEX_TENSOR phase=download family=transfer backend=gpu dtype=int8 size=0 elements=262144 bytes=262144 transfer_mode=equal_bytes iterations=5 elapsed_ms=55.838 per_iteration_ms=11.167601 uploads=0 downloads=5 compute_passes=0
SILEX_TENSOR phase=upload family=transfer backend=gpu dtype=uint8 size=0 elements=262144 bytes=262144 transfer_mode=equal_bytes iterations=5 elapsed_ms=73.65401 per_iteration_ms=14.730802 uploads=5 downloads=0 compute_passes=0
SILEX_TENSOR phase=download family=transfer backend=gpu dtype=uint8 size=0 elements=262144 bytes=262144 transfer_mode=equal_bytes iterations=5 elapsed_ms=65.904 per_iteration_ms=13.1807995 uploads=0 downloads=5 compute_passes=0
SILEX_TENSOR phase=upload family=transfer backend=gpu dtype=int16 size=0 elements=131072 bytes=262144 transfer_mode=equal_bytes iterations=5 elapsed_ms=57.174 per_iteration_ms=11.4348 uploads=5 downloads=0 compute_passes=0
SILEX_TENSOR phase=download family=transfer backend=gpu dtype=int16 size=0 elements=131072 bytes=262144 transfer_mode=equal_bytes iterations=5 elapsed_ms=34.847 per_iteration_ms=6.9694 uploads=0 downloads=5 compute_passes=0
SILEX_TENSOR phase=upload family=transfer backend=gpu dtype=uint16 size=0 elements=131072 bytes=262144 transfer_mode=equal_bytes iterations=5 elapsed_ms=62.219 per_iteration_ms=12.4438 uploads=5 downloads=0 compute_passes=0
SILEX_TENSOR phase=download family=transfer backend=gpu dtype=uint16 size=0 elements=131072 bytes=262144 transfer_mode=equal_bytes iterations=5 elapsed_ms=40.328 per_iteration_ms=8.065599 uploads=0 downloads=5 compute_passes=0
SILEX_TENSOR phase=upload family=transfer backend=gpu dtype=int32 size=0 elements=65536 bytes=262144 transfer_mode=equal_bytes iterations=5 elapsed_ms=34.935 per_iteration_ms=6.9870005 uploads=5 downloads=0 compute_passes=0
SILEX_TENSOR phase=download family=transfer backend=gpu dtype=int32 size=0 elements=65536 bytes=262144 transfer_mode=equal_bytes iterations=5 elapsed_ms=19.942001 per_iteration_ms=3.9884002 uploads=0 downloads=5 compute_passes=0
SILEX_TENSOR phase=upload family=transfer backend=gpu dtype=uint32 size=0 elements=65536 bytes=262144 transfer_mode=equal_bytes iterations=5 elapsed_ms=43.938 per_iteration_ms=8.7876 uploads=5 downloads=0 compute_passes=0
SILEX_TENSOR phase=download family=transfer backend=gpu dtype=uint32 size=0 elements=65536 bytes=262144 transfer_mode=equal_bytes iterations=5 elapsed_ms=24.791 per_iteration_ms=4.9582 uploads=0 downloads=5 compute_passes=0
SILEX_TENSOR phase=upload family=transfer backend=gpu dtype=int64 size=0 elements=32768 bytes=262144 transfer_mode=equal_bytes iterations=5 elapsed_ms=28.678 per_iteration_ms=5.7356 uploads=5 downloads=0 compute_passes=0
SILEX_TENSOR phase=download family=transfer backend=gpu dtype=int64 size=0 elements=32768 bytes=262144 transfer_mode=equal_bytes iterations=5 elapsed_ms=11.115 per_iteration_ms=2.223 uploads=0 downloads=5 compute_passes=0
SILEX_TENSOR phase=upload family=transfer backend=gpu dtype=uint64 size=0 elements=32768 bytes=262144 transfer_mode=equal_bytes iterations=5 elapsed_ms=31.729002 per_iteration_ms=6.3458004 uploads=5 downloads=0 compute_passes=0
SILEX_TENSOR phase=download family=transfer backend=gpu dtype=uint64 size=0 elements=32768 bytes=262144 transfer_mode=equal_bytes iterations=5 elapsed_ms=8.047999 per_iteration_ms=1.6095998 uploads=0 downloads=5 compute_passes=0
