SILEX_TENSOR_VERIFY status=pass operations=5 uploads=1 downloads=1
SILEX_TENSOR phase=construction family=cpu_memory backend=cpu dtype=float32 size=0 elements=65536 bytes=262144 transfer_mode=equal_cardinality iterations=5 elapsed_ms=0.054 per_iteration_ms=0.0108 uploads=0 downloads=0 compute_passes=0
SILEX_TENSOR phase=extraction family=cpu_memory backend=cpu dtype=float32 size=0 elements=65536 bytes=262144 transfer_mode=equal_cardinality iterations=5 elapsed_ms=47.062 per_iteration_ms=9.4124 uploads=0 downloads=0 compute_passes=0
SILEX_TENSOR phase=upload family=transfer backend=gpu dtype=float32 size=0 elements=65536 bytes=262144 transfer_mode=equal_cardinality iterations=5 elapsed_ms=42.765 per_iteration_ms=8.5529995 uploads=5 downloads=0 compute_passes=0
SILEX_TENSOR phase=download family=transfer backend=gpu dtype=float32 size=0 elements=65536 bytes=262144 transfer_mode=equal_cardinality iterations=5 elapsed_ms=14.755 per_iteration_ms=2.951 uploads=0 downloads=5 compute_passes=0
SILEX_TENSOR phase=construction family=cpu_memory backend=cpu dtype=int8 size=0 elements=65536 bytes=65536 transfer_mode=equal_cardinality iterations=5 elapsed_ms=0.157 per_iteration_ms=0.031400003 uploads=0 downloads=0 compute_passes=0
SILEX_TENSOR phase=extraction family=cpu_memory backend=cpu dtype=int8 size=0 elements=65536 bytes=65536 transfer_mode=equal_cardinality iterations=5 elapsed_ms=61.04 per_iteration_ms=12.208 uploads=0 downloads=0 compute_passes=0
SILEX_TENSOR phase=upload family=transfer backend=gpu dtype=int8 size=0 elements=65536 bytes=65536 transfer_mode=equal_cardinality iterations=5 elapsed_ms=41.397003 per_iteration_ms=8.279401 uploads=5 downloads=0 compute_passes=0
SILEX_TENSOR phase=download family=transfer backend=gpu dtype=int8 size=0 elements=65536 bytes=65536 transfer_mode=equal_cardinality iterations=5 elapsed_ms=22.232 per_iteration_ms=4.4464 uploads=0 downloads=5 compute_passes=0
SILEX_TENSOR phase=construction family=cpu_memory backend=cpu dtype=uint8 size=0 elements=65536 bytes=65536 transfer_mode=equal_cardinality iterations=5 elapsed_ms=0.068 per_iteration_ms=0.013600001 uploads=0 downloads=0 compute_passes=0
SILEX_TENSOR phase=extraction family=cpu_memory backend=cpu dtype=uint8 size=0 elements=65536 bytes=65536 transfer_mode=equal_cardinality iterations=5 elapsed_ms=48.39 per_iteration_ms=9.6779995 uploads=0 downloads=0 compute_passes=0
SILEX_TENSOR phase=upload family=transfer backend=gpu dtype=uint8 size=0 elements=65536 bytes=65536 transfer_mode=equal_cardinality iterations=5 elapsed_ms=39.117 per_iteration_ms=7.8234 uploads=5 downloads=0 compute_passes=0
SILEX_TENSOR phase=download family=transfer backend=gpu dtype=uint8 size=0 elements=65536 bytes=65536 transfer_mode=equal_cardinality iterations=5 elapsed_ms=18.417 per_iteration_ms=3.6834 uploads=0 downloads=5 compute_passes=0
SILEX_TENSOR phase=construction family=cpu_memory backend=cpu dtype=int16 size=0 elements=65536 bytes=131072 transfer_mode=equal_cardinality iterations=5 elapsed_ms=0.199 per_iteration_ms=0.0398 uploads=0 downloads=0 compute_passes=0
SILEX_TENSOR phase=extraction family=cpu_memory backend=cpu dtype=int16 size=0 elements=65536 bytes=131072 transfer_mode=equal_cardinality iterations=5 elapsed_ms=64.534996 per_iteration_ms=12.907 uploads=0 downloads=0 compute_passes=0
SILEX_TENSOR phase=upload family=transfer backend=gpu dtype=int16 size=0 elements=65536 bytes=131072 transfer_mode=equal_cardinality iterations=5 elapsed_ms=38.408 per_iteration_ms=7.6816 uploads=5 downloads=0 compute_passes=0
SILEX_TENSOR phase=download family=transfer backend=gpu dtype=int16 size=0 elements=65536 bytes=131072 transfer_mode=equal_cardinality iterations=5 elapsed_ms=16.109001 per_iteration_ms=3.2218003 uploads=0 downloads=5 compute_passes=0
SILEX_TENSOR phase=construction family=cpu_memory backend=cpu dtype=uint16 size=0 elements=65536 bytes=131072 transfer_mode=equal_cardinality iterations=5 elapsed_ms=0.142 per_iteration_ms=0.0284 uploads=0 downloads=0 compute_passes=0
SILEX_TENSOR phase=extraction family=cpu_memory backend=cpu dtype=uint16 size=0 elements=65536 bytes=131072 transfer_mode=equal_cardinality iterations=5 elapsed_ms=52.510998 per_iteration_ms=10.502199 uploads=0 downloads=0 compute_passes=0
SILEX_TENSOR phase=upload family=transfer backend=gpu dtype=uint16 size=0 elements=65536 bytes=131072 transfer_mode=equal_cardinality iterations=5 elapsed_ms=44.707 per_iteration_ms=8.941401 uploads=5 downloads=0 compute_passes=0
SILEX_TENSOR phase=download family=transfer backend=gpu dtype=uint16 size=0 elements=65536 bytes=131072 transfer_mode=equal_cardinality iterations=5 elapsed_ms=18.394001 per_iteration_ms=3.6788 uploads=0 downloads=5 compute_passes=0
SILEX_TENSOR phase=construction family=cpu_memory backend=cpu dtype=int32 size=0 elements=65536 bytes=262144 transfer_mode=equal_cardinality iterations=5 elapsed_ms=0.169 per_iteration_ms=0.0338 uploads=0 downloads=0 compute_passes=0
SILEX_TENSOR phase=extraction family=cpu_memory backend=cpu dtype=int32 size=0 elements=65536 bytes=262144 transfer_mode=equal_cardinality iterations=5 elapsed_ms=47.107998 per_iteration_ms=9.421599 uploads=0 downloads=0 compute_passes=0
SILEX_TENSOR phase=upload family=transfer backend=gpu dtype=int32 size=0 elements=65536 bytes=262144 transfer_mode=equal_cardinality iterations=5 elapsed_ms=40.648 per_iteration_ms=8.1296 uploads=5 downloads=0 compute_passes=0
SILEX_TENSOR phase=download family=transfer backend=gpu dtype=int32 size=0 elements=65536 bytes=262144 transfer_mode=equal_cardinality iterations=5 elapsed_ms=20.689 per_iteration_ms=4.1377997 uploads=0 downloads=5 compute_passes=0
SILEX_TENSOR phase=construction family=cpu_memory backend=cpu dtype=uint32 size=0 elements=65536 bytes=262144 transfer_mode=equal_cardinality iterations=5 elapsed_ms=0.078999996 per_iteration_ms=0.0158 uploads=0 downloads=0 compute_passes=0
SILEX_TENSOR phase=extraction family=cpu_memory backend=cpu dtype=uint32 size=0 elements=65536 bytes=262144 transfer_mode=equal_cardinality iterations=5 elapsed_ms=42.406002 per_iteration_ms=8.4812 uploads=0 downloads=0 compute_passes=0
SILEX_TENSOR phase=upload family=transfer backend=gpu dtype=uint32 size=0 elements=65536 bytes=262144 transfer_mode=equal_cardinality iterations=5 elapsed_ms=29.795 per_iteration_ms=5.959 uploads=5 downloads=0 compute_passes=0
SILEX_TENSOR phase=download family=transfer backend=gpu dtype=uint32 size=0 elements=65536 bytes=262144 transfer_mode=equal_cardinality iterations=5 elapsed_ms=16.348001 per_iteration_ms=3.2696004 uploads=0 downloads=5 compute_passes=0
SILEX_TENSOR phase=construction family=cpu_memory backend=cpu dtype=int64 size=0 elements=65536 bytes=524288 transfer_mode=equal_cardinality iterations=5 elapsed_ms=0.100999996 per_iteration_ms=0.0202 uploads=0 downloads=0 compute_passes=0
SILEX_TENSOR phase=extraction family=cpu_memory backend=cpu dtype=int64 size=0 elements=65536 bytes=524288 transfer_mode=equal_cardinality iterations=5 elapsed_ms=46.664 per_iteration_ms=9.3328 uploads=0 downloads=0 compute_passes=0
SILEX_TENSOR phase=upload family=transfer backend=gpu dtype=int64 size=0 elements=65536 bytes=524288 transfer_mode=equal_cardinality iterations=5 elapsed_ms=33.059998 per_iteration_ms=6.6119995 uploads=5 downloads=0 compute_passes=0
SILEX_TENSOR phase=download family=transfer backend=gpu dtype=int64 size=0 elements=65536 bytes=524288 transfer_mode=equal_cardinality iterations=5 elapsed_ms=26.84 per_iteration_ms=5.368 uploads=0 downloads=5 compute_passes=0
SILEX_TENSOR phase=construction family=cpu_memory backend=cpu dtype=uint64 size=0 elements=65536 bytes=524288 transfer_mode=equal_cardinality iterations=5 elapsed_ms=0.056 per_iteration_ms=0.0112000005 uploads=0 downloads=0 compute_passes=0
SILEX_TENSOR phase=extraction family=cpu_memory backend=cpu dtype=uint64 size=0 elements=65536 bytes=524288 transfer_mode=equal_cardinality iterations=5 elapsed_ms=67.253 per_iteration_ms=13.4506 uploads=0 downloads=0 compute_passes=0
SILEX_TENSOR phase=upload family=transfer backend=gpu dtype=uint64 size=0 elements=65536 bytes=524288 transfer_mode=equal_cardinality iterations=5 elapsed_ms=40.307 per_iteration_ms=8.061399 uploads=5 downloads=0 compute_passes=0
SILEX_TENSOR phase=download family=transfer backend=gpu dtype=uint64 size=0 elements=65536 bytes=524288 transfer_mode=equal_cardinality iterations=5 elapsed_ms=16.17 per_iteration_ms=3.234 uploads=0 downloads=5 compute_passes=0
SILEX_TENSOR phase=upload family=transfer backend=gpu dtype=float32 size=0 elements=65536 bytes=262144 transfer_mode=equal_bytes iterations=5 elapsed_ms=40.333 per_iteration_ms=8.0666 uploads=5 downloads=0 compute_passes=0
SILEX_TENSOR phase=download family=transfer backend=gpu dtype=float32 size=0 elements=65536 bytes=262144 transfer_mode=equal_bytes iterations=5 elapsed_ms=17.092001 per_iteration_ms=3.4184003 uploads=0 downloads=5 compute_passes=0
SILEX_TENSOR phase=upload family=transfer backend=gpu dtype=int8 size=0 elements=262144 bytes=262144 transfer_mode=equal_bytes iterations=5 elapsed_ms=48.477 per_iteration_ms=9.6954 uploads=5 downloads=0 compute_passes=0
SILEX_TENSOR phase=download family=transfer backend=gpu dtype=int8 size=0 elements=262144 bytes=262144 transfer_mode=equal_bytes iterations=5 elapsed_ms=51.381 per_iteration_ms=10.2762 uploads=0 downloads=5 compute_passes=0
SILEX_TENSOR phase=upload family=transfer backend=gpu dtype=uint8 size=0 elements=262144 bytes=262144 transfer_mode=equal_bytes iterations=5 elapsed_ms=54.121 per_iteration_ms=10.8242 uploads=5 downloads=0 compute_passes=0
SILEX_TENSOR phase=download family=transfer backend=gpu dtype=uint8 size=0 elements=262144 bytes=262144 transfer_mode=equal_bytes iterations=5 elapsed_ms=58.63 per_iteration_ms=11.726 uploads=0 downloads=5 compute_passes=0
SILEX_TENSOR phase=upload family=transfer backend=gpu dtype=int16 size=0 elements=131072 bytes=262144 transfer_mode=equal_bytes iterations=5 elapsed_ms=53.137 per_iteration_ms=10.6274 uploads=5 downloads=0 compute_passes=0
SILEX_TENSOR phase=download family=transfer backend=gpu dtype=int16 size=0 elements=131072 bytes=262144 transfer_mode=equal_bytes iterations=5 elapsed_ms=31.259 per_iteration_ms=6.2518 uploads=0 downloads=5 compute_passes=0
SILEX_TENSOR phase=upload family=transfer backend=gpu dtype=uint16 size=0 elements=131072 bytes=262144 transfer_mode=equal_bytes iterations=5 elapsed_ms=42.975998 per_iteration_ms=8.5952 uploads=5 downloads=0 compute_passes=0
SILEX_TENSOR phase=download family=transfer backend=gpu dtype=uint16 size=0 elements=131072 bytes=262144 transfer_mode=equal_bytes iterations=5 elapsed_ms=29.687 per_iteration_ms=5.9374 uploads=0 downloads=5 compute_passes=0
SILEX_TENSOR phase=upload family=transfer backend=gpu dtype=int32 size=0 elements=65536 bytes=262144 transfer_mode=equal_bytes iterations=5 elapsed_ms=30.176 per_iteration_ms=6.0352 uploads=5 downloads=0 compute_passes=0
SILEX_TENSOR phase=download family=transfer backend=gpu dtype=int32 size=0 elements=65536 bytes=262144 transfer_mode=equal_bytes iterations=5 elapsed_ms=17.848 per_iteration_ms=3.5695999 uploads=0 downloads=5 compute_passes=0
SILEX_TENSOR phase=upload family=transfer backend=gpu dtype=uint32 size=0 elements=65536 bytes=262144 transfer_mode=equal_bytes iterations=5 elapsed_ms=35.202 per_iteration_ms=7.0404 uploads=5 downloads=0 compute_passes=0
SILEX_TENSOR phase=download family=transfer backend=gpu dtype=uint32 size=0 elements=65536 bytes=262144 transfer_mode=equal_bytes iterations=5 elapsed_ms=14.252 per_iteration_ms=2.8504 uploads=0 downloads=5 compute_passes=0
SILEX_TENSOR phase=upload family=transfer backend=gpu dtype=int64 size=0 elements=32768 bytes=262144 transfer_mode=equal_bytes iterations=5 elapsed_ms=30.221 per_iteration_ms=6.0442 uploads=5 downloads=0 compute_passes=0
SILEX_TENSOR phase=download family=transfer backend=gpu dtype=int64 size=0 elements=32768 bytes=262144 transfer_mode=equal_bytes iterations=5 elapsed_ms=14.203 per_iteration_ms=2.8406 uploads=0 downloads=5 compute_passes=0
SILEX_TENSOR phase=upload family=transfer backend=gpu dtype=uint64 size=0 elements=32768 bytes=262144 transfer_mode=equal_bytes iterations=5 elapsed_ms=27.414 per_iteration_ms=5.4828 uploads=5 downloads=0 compute_passes=0
SILEX_TENSOR phase=download family=transfer backend=gpu dtype=uint64 size=0 elements=32768 bytes=262144 transfer_mode=equal_bytes iterations=5 elapsed_ms=11.839 per_iteration_ms=2.3678 uploads=0 downloads=5 compute_passes=0
