SILEX_TENSOR_VERIFY status=pass operations=5 uploads=1 downloads=1
SILEX_TENSOR phase=construction family=cpu_memory backend=cpu dtype=float32 size=0 elements=65536 bytes=262144 transfer_mode=equal_cardinality iterations=5 elapsed_ms=0.057 per_iteration_ms=0.0114 uploads=0 downloads=0 compute_passes=0
SILEX_TENSOR phase=extraction family=cpu_memory backend=cpu dtype=float32 size=0 elements=65536 bytes=262144 transfer_mode=equal_cardinality iterations=5 elapsed_ms=41.649 per_iteration_ms=8.3298 uploads=0 downloads=0 compute_passes=0
SILEX_TENSOR phase=upload family=transfer backend=gpu dtype=float32 size=0 elements=65536 bytes=262144 transfer_mode=equal_cardinality iterations=5 elapsed_ms=32.309 per_iteration_ms=6.4617996 uploads=5 downloads=0 compute_passes=0
SILEX_TENSOR phase=download family=transfer backend=gpu dtype=float32 size=0 elements=65536 bytes=262144 transfer_mode=equal_cardinality iterations=5 elapsed_ms=18.448 per_iteration_ms=3.6896 uploads=0 downloads=5 compute_passes=0
SILEX_TENSOR phase=construction family=cpu_memory backend=cpu dtype=int8 size=0 elements=65536 bytes=65536 transfer_mode=equal_cardinality iterations=5 elapsed_ms=0.19999999 per_iteration_ms=0.04 uploads=0 downloads=0 compute_passes=0
SILEX_TENSOR phase=extraction family=cpu_memory backend=cpu dtype=int8 size=0 elements=65536 bytes=65536 transfer_mode=equal_cardinality iterations=5 elapsed_ms=50.869 per_iteration_ms=10.1737995 uploads=0 downloads=0 compute_passes=0
SILEX_TENSOR phase=upload family=transfer backend=gpu dtype=int8 size=0 elements=65536 bytes=65536 transfer_mode=equal_cardinality iterations=5 elapsed_ms=27.130001 per_iteration_ms=5.426 uploads=5 downloads=0 compute_passes=0
SILEX_TENSOR phase=download family=transfer backend=gpu dtype=int8 size=0 elements=65536 bytes=65536 transfer_mode=equal_cardinality iterations=5 elapsed_ms=18.529 per_iteration_ms=3.7057998 uploads=0 downloads=5 compute_passes=0
SILEX_TENSOR phase=construction family=cpu_memory backend=cpu dtype=uint8 size=0 elements=65536 bytes=65536 transfer_mode=equal_cardinality iterations=5 elapsed_ms=0.065 per_iteration_ms=0.012999999 uploads=0 downloads=0 compute_passes=0
SILEX_TENSOR phase=extraction family=cpu_memory backend=cpu dtype=uint8 size=0 elements=65536 bytes=65536 transfer_mode=equal_cardinality iterations=5 elapsed_ms=47.808 per_iteration_ms=9.5616 uploads=0 downloads=0 compute_passes=0
SILEX_TENSOR phase=upload family=transfer backend=gpu dtype=uint8 size=0 elements=65536 bytes=65536 transfer_mode=equal_cardinality iterations=5 elapsed_ms=32.263 per_iteration_ms=6.4526 uploads=5 downloads=0 compute_passes=0
SILEX_TENSOR phase=download family=transfer backend=gpu dtype=uint8 size=0 elements=65536 bytes=65536 transfer_mode=equal_cardinality iterations=5 elapsed_ms=12.744 per_iteration_ms=2.5488 uploads=0 downloads=5 compute_passes=0
SILEX_TENSOR phase=construction family=cpu_memory backend=cpu dtype=int16 size=0 elements=65536 bytes=131072 transfer_mode=equal_cardinality iterations=5 elapsed_ms=0.164 per_iteration_ms=0.0328 uploads=0 downloads=0 compute_passes=0
SILEX_TENSOR phase=extraction family=cpu_memory backend=cpu dtype=int16 size=0 elements=65536 bytes=131072 transfer_mode=equal_cardinality iterations=5 elapsed_ms=50.709003 per_iteration_ms=10.141801 uploads=0 downloads=0 compute_passes=0
SILEX_TENSOR phase=upload family=transfer backend=gpu dtype=int16 size=0 elements=65536 bytes=131072 transfer_mode=equal_cardinality iterations=5 elapsed_ms=42.704002 per_iteration_ms=8.5408 uploads=5 downloads=0 compute_passes=0
SILEX_TENSOR phase=download family=transfer backend=gpu dtype=int16 size=0 elements=65536 bytes=131072 transfer_mode=equal_cardinality iterations=5 elapsed_ms=17.838 per_iteration_ms=3.5675998 uploads=0 downloads=5 compute_passes=0
SILEX_TENSOR phase=construction family=cpu_memory backend=cpu dtype=uint16 size=0 elements=65536 bytes=131072 transfer_mode=equal_cardinality iterations=5 elapsed_ms=0.071 per_iteration_ms=0.0142 uploads=0 downloads=0 compute_passes=0
SILEX_TENSOR phase=extraction family=cpu_memory backend=cpu dtype=uint16 size=0 elements=65536 bytes=131072 transfer_mode=equal_cardinality iterations=5 elapsed_ms=51.316 per_iteration_ms=10.263201 uploads=0 downloads=0 compute_passes=0
SILEX_TENSOR phase=upload family=transfer backend=gpu dtype=uint16 size=0 elements=65536 bytes=131072 transfer_mode=equal_cardinality iterations=5 elapsed_ms=48.945 per_iteration_ms=9.789 uploads=5 downloads=0 compute_passes=0
SILEX_TENSOR phase=download family=transfer backend=gpu dtype=uint16 size=0 elements=65536 bytes=131072 transfer_mode=equal_cardinality iterations=5 elapsed_ms=21.351 per_iteration_ms=4.2702 uploads=0 downloads=5 compute_passes=0
SILEX_TENSOR phase=construction family=cpu_memory backend=cpu dtype=int32 size=0 elements=65536 bytes=262144 transfer_mode=equal_cardinality iterations=5 elapsed_ms=0.067 per_iteration_ms=0.0134000005 uploads=0 downloads=0 compute_passes=0
SILEX_TENSOR phase=extraction family=cpu_memory backend=cpu dtype=int32 size=0 elements=65536 bytes=262144 transfer_mode=equal_cardinality iterations=5 elapsed_ms=54.809998 per_iteration_ms=10.962 uploads=0 downloads=0 compute_passes=0
SILEX_TENSOR phase=upload family=transfer backend=gpu dtype=int32 size=0 elements=65536 bytes=262144 transfer_mode=equal_cardinality iterations=5 elapsed_ms=46.11 per_iteration_ms=9.222 uploads=5 downloads=0 compute_passes=0
SILEX_TENSOR phase=download family=transfer backend=gpu dtype=int32 size=0 elements=65536 bytes=262144 transfer_mode=equal_cardinality iterations=5 elapsed_ms=21.539999 per_iteration_ms=4.3079996 uploads=0 downloads=5 compute_passes=0
SILEX_TENSOR phase=construction family=cpu_memory backend=cpu dtype=uint32 size=0 elements=65536 bytes=262144 transfer_mode=equal_cardinality iterations=5 elapsed_ms=0.138 per_iteration_ms=0.0276 uploads=0 downloads=0 compute_passes=0
SILEX_TENSOR phase=extraction family=cpu_memory backend=cpu dtype=uint32 size=0 elements=65536 bytes=262144 transfer_mode=equal_cardinality iterations=5 elapsed_ms=48.696 per_iteration_ms=9.7392 uploads=0 downloads=0 compute_passes=0
SILEX_TENSOR phase=upload family=transfer backend=gpu dtype=uint32 size=0 elements=65536 bytes=262144 transfer_mode=equal_cardinality iterations=5 elapsed_ms=36.034 per_iteration_ms=7.2068 uploads=5 downloads=0 compute_passes=0
SILEX_TENSOR phase=download family=transfer backend=gpu dtype=uint32 size=0 elements=65536 bytes=262144 transfer_mode=equal_cardinality iterations=5 elapsed_ms=16.394001 per_iteration_ms=3.2788002 uploads=0 downloads=5 compute_passes=0
SILEX_TENSOR phase=construction family=cpu_memory backend=cpu dtype=int64 size=0 elements=65536 bytes=524288 transfer_mode=equal_cardinality iterations=5 elapsed_ms=0.138 per_iteration_ms=0.0276 uploads=0 downloads=0 compute_passes=0
SILEX_TENSOR phase=extraction family=cpu_memory backend=cpu dtype=int64 size=0 elements=65536 bytes=524288 transfer_mode=equal_cardinality iterations=5 elapsed_ms=47.703003 per_iteration_ms=9.540601 uploads=0 downloads=0 compute_passes=0
SILEX_TENSOR phase=upload family=transfer backend=gpu dtype=int64 size=0 elements=65536 bytes=524288 transfer_mode=equal_cardinality iterations=5 elapsed_ms=51.371998 per_iteration_ms=10.2744 uploads=5 downloads=0 compute_passes=0
SILEX_TENSOR phase=download family=transfer backend=gpu dtype=int64 size=0 elements=65536 bytes=524288 transfer_mode=equal_cardinality iterations=5 elapsed_ms=18.456001 per_iteration_ms=3.6912003 uploads=0 downloads=5 compute_passes=0
SILEX_TENSOR phase=construction family=cpu_memory backend=cpu dtype=uint64 size=0 elements=65536 bytes=524288 transfer_mode=equal_cardinality iterations=5 elapsed_ms=0.205 per_iteration_ms=0.041 uploads=0 downloads=0 compute_passes=0
SILEX_TENSOR phase=extraction family=cpu_memory backend=cpu dtype=uint64 size=0 elements=65536 bytes=524288 transfer_mode=equal_cardinality iterations=5 elapsed_ms=42.36 per_iteration_ms=8.472 uploads=0 downloads=0 compute_passes=0
SILEX_TENSOR phase=upload family=transfer backend=gpu dtype=uint64 size=0 elements=65536 bytes=524288 transfer_mode=equal_cardinality iterations=5 elapsed_ms=37.821 per_iteration_ms=7.5642 uploads=5 downloads=0 compute_passes=0
SILEX_TENSOR phase=download family=transfer backend=gpu dtype=uint64 size=0 elements=65536 bytes=524288 transfer_mode=equal_cardinality iterations=5 elapsed_ms=21.135 per_iteration_ms=4.227 uploads=0 downloads=5 compute_passes=0
SILEX_TENSOR phase=upload family=transfer backend=gpu dtype=float32 size=0 elements=65536 bytes=262144 transfer_mode=equal_bytes iterations=5 elapsed_ms=29.946 per_iteration_ms=5.9891996 uploads=5 downloads=0 compute_passes=0
SILEX_TENSOR phase=download family=transfer backend=gpu dtype=float32 size=0 elements=65536 bytes=262144 transfer_mode=equal_bytes iterations=5 elapsed_ms=16.102999 per_iteration_ms=3.2205997 uploads=0 downloads=5 compute_passes=0
SILEX_TENSOR phase=upload family=transfer backend=gpu dtype=int8 size=0 elements=262144 bytes=262144 transfer_mode=equal_bytes iterations=5 elapsed_ms=55.562 per_iteration_ms=11.1124 uploads=5 downloads=0 compute_passes=0
SILEX_TENSOR phase=download family=transfer backend=gpu dtype=int8 size=0 elements=262144 bytes=262144 transfer_mode=equal_bytes iterations=5 elapsed_ms=48.015 per_iteration_ms=9.603 uploads=0 downloads=5 compute_passes=0
SILEX_TENSOR phase=upload family=transfer backend=gpu dtype=uint8 size=0 elements=262144 bytes=262144 transfer_mode=equal_bytes iterations=5 elapsed_ms=65.508 per_iteration_ms=13.101601 uploads=5 downloads=0 compute_passes=0
SILEX_TENSOR phase=download family=transfer backend=gpu dtype=uint8 size=0 elements=262144 bytes=262144 transfer_mode=equal_bytes iterations=5 elapsed_ms=52.510002 per_iteration_ms=10.502001 uploads=0 downloads=5 compute_passes=0
SILEX_TENSOR phase=upload family=transfer backend=gpu dtype=int16 size=0 elements=131072 bytes=262144 transfer_mode=equal_bytes iterations=5 elapsed_ms=41.207 per_iteration_ms=8.2414 uploads=5 downloads=0 compute_passes=0
SILEX_TENSOR phase=download family=transfer backend=gpu dtype=int16 size=0 elements=131072 bytes=262144 transfer_mode=equal_bytes iterations=5 elapsed_ms=40.006 per_iteration_ms=8.0012 uploads=0 downloads=5 compute_passes=0
SILEX_TENSOR phase=upload family=transfer backend=gpu dtype=uint16 size=0 elements=131072 bytes=262144 transfer_mode=equal_bytes iterations=5 elapsed_ms=45.308002 per_iteration_ms=9.061601 uploads=5 downloads=0 compute_passes=0
SILEX_TENSOR phase=download family=transfer backend=gpu dtype=uint16 size=0 elements=131072 bytes=262144 transfer_mode=equal_bytes iterations=5 elapsed_ms=33.862 per_iteration_ms=6.7724 uploads=0 downloads=5 compute_passes=0
SILEX_TENSOR phase=upload family=transfer backend=gpu dtype=int32 size=0 elements=65536 bytes=262144 transfer_mode=equal_bytes iterations=5 elapsed_ms=33.941 per_iteration_ms=6.7882004 uploads=5 downloads=0 compute_passes=0
SILEX_TENSOR phase=download family=transfer backend=gpu dtype=int32 size=0 elements=65536 bytes=262144 transfer_mode=equal_bytes iterations=5 elapsed_ms=21.056 per_iteration_ms=4.2111998 uploads=0 downloads=5 compute_passes=0
SILEX_TENSOR phase=upload family=transfer backend=gpu dtype=uint32 size=0 elements=65536 bytes=262144 transfer_mode=equal_bytes iterations=5 elapsed_ms=36.821 per_iteration_ms=7.3641996 uploads=5 downloads=0 compute_passes=0
SILEX_TENSOR phase=download family=transfer backend=gpu dtype=uint32 size=0 elements=65536 bytes=262144 transfer_mode=equal_bytes iterations=5 elapsed_ms=16.894 per_iteration_ms=3.3788 uploads=0 downloads=5 compute_passes=0
SILEX_TENSOR phase=upload family=transfer backend=gpu dtype=int64 size=0 elements=32768 bytes=262144 transfer_mode=equal_bytes iterations=5 elapsed_ms=28.612999 per_iteration_ms=5.7226 uploads=5 downloads=0 compute_passes=0
SILEX_TENSOR phase=download family=transfer backend=gpu dtype=int64 size=0 elements=32768 bytes=262144 transfer_mode=equal_bytes iterations=5 elapsed_ms=10.294 per_iteration_ms=2.0588 uploads=0 downloads=5 compute_passes=0
SILEX_TENSOR phase=upload family=transfer backend=gpu dtype=uint64 size=0 elements=32768 bytes=262144 transfer_mode=equal_bytes iterations=5 elapsed_ms=28.447 per_iteration_ms=5.6894 uploads=5 downloads=0 compute_passes=0
SILEX_TENSOR phase=download family=transfer backend=gpu dtype=uint64 size=0 elements=32768 bytes=262144 transfer_mode=equal_bytes iterations=5 elapsed_ms=13.502 per_iteration_ms=2.7003999 uploads=0 downloads=5 compute_passes=0
