# captured=2026-09-11T00:57:17+0200
# host_model=Mac15,7
# cpu=Apple_M3_Pro
# memory_bytes=19327352832
# os=macOS_26.6.2_25G83
# architecture=arm64
# source_repositories_dirty=false
# waited_for_competing_workloads=false
# silex_mode=release_default
# silex_compiler=Silex_Toolchain_zig-out_bin_silex
# cpp_mode=Release
# silex_version=0.44.1
# benchmarks_commit=bbfb56f51642c60954a3dac898d9b21eed49de90
# silex_toolchain_commit=09b7a5ffaa438e808f920a534fefb1ccabce20ac
# ai_version=0.1.0
# ai_source=workspace-link
# ai_commit=d9ff4cadccec418e0ab6166f748b0f80e8d7e663
# gfx_version=0.40.0
# gfx_source=workspace-link
# gfx_commit=062cb475252961e58013c2116437670bb48a85d1
# std_version=0.22.0
# std_source=workspace-link
# std_commit=1f3847430b7a7a814ad0b4e3dd2e4f3711cfd4e9
# tensor_version=0.2.0
# tensor_source=workspace-link
# tensor_commit=f1d6d603d2c0ef389544630b109144d9c9f518cc
# gfx_gpu_version=0.4.0
# gfx_gpu_source=workspace-link
# gfx_gpu_commit=fb17a0c5ae08545f8e4aa07f42988c49607e0743
# gfx_assets_version=0.3.0
# gfx_assets_source=workspace-link
# gfx_assets_commit=907960397db0f0d300e6fc895fa8d5635a0aad01
# json_version=0.2.2
# json_source=workspace-link
# json_commit=e5eae6c2ca9a7244df3c09e531ca1c818010e32a
# gfx_canvas_version=0.4.0
# gfx_canvas_source=workspace-link
# gfx_canvas_commit=c64f73da05b82bcdaf9bb493fa7fd984213bd741
# gfx_font_version=0.1.0
# gfx_font_source=workspace-link
# gfx_font_commit=e520dd899ac5a2598bdb646ee270baa49c1f301c
# gfx_ecs_version=0.2.3
# gfx_ecs_source=workspace-link
# gfx_ecs_commit=9ddd3347bf630365ee9147ad024618f72af11f4c
# gfx_nodes_version=0.1.0
# gfx_nodes_source=workspace-link
# gfx_nodes_commit=0f2c4c70aca9c6081d29ffdfa6384bae3e67143b
# gfx_application_version=0.1.0
# gfx_application_source=workspace-link
# gfx_application_commit=a752087d537f59c96d4d724dc1fda1977bf28cd5
# gfx_scene2d_version=0.3.0
# gfx_scene2d_source=workspace-link
# gfx_scene2d_commit=516607f47bc1ac7ccc6c09577aa99cbc2cc8b9e3
# gfx_rendering_version=0.4.0
# gfx_rendering_source=workspace-link
# gfx_rendering_commit=542b366ca071a8a0bd9451ea6a500e60b4e290f8
# gfx_scene3d_version=0.3.0
# gfx_scene3d_source=workspace-link
# gfx_scene3d_commit=97d4f2617c7ea7290629306353293b9f0d85c0de
# gfx_physics_version=0.6.0
# gfx_physics_source=workspace-link
# gfx_physics_commit=ab63f10d70e7afae2d3bfa5cff51e405c1197536
# gfx_stats_version=0.3.2
# gfx_stats_source=workspace-link
# gfx_stats_commit=b13785e8630db2b73cd7a43cac2b8bbe4b7281e2
# gfx_ui_version=0.2.0
# gfx_ui_source=workspace-link
# gfx_ui_commit=80f758aa9f615d6ff86ce6b49891781801325eb2
# gfx_ui_terminal_version=0.2.0
# gfx_ui_terminal_source=workspace-link
# gfx_ui_terminal_commit=1086d5040237455c9777250233850eaa360f2a66
# gfx_viewer_version=0.4.0
# gfx_viewer_source=workspace-link
# gfx_viewer_commit=f9bec08fc6b7d896c8ffe72e337a8b37c9027bb7
# gfx_webview_version=0.5.0
# gfx_webview_source=workspace-link
# gfx_webview_commit=197dd6863f5ca9360600d28ddd3f8ea1dc7551f4
# sync_version=0.1.2
# sync_source=workspace-link
# sync_commit=e27120158e8a18b72bd36318369110b9ab431592
# cpp_compiler=Apple_clang_version_21.0.0_clang-2100.1.1.101
# cmake_version=3.31.2
# sdl_version=3.4.8
# entt_revision=85c6bba014049b5de8fad49d25424df2f1f6a8c1
# protocol=boids-stationarity-v1
# protocol_sha256=7306a9e4a825bebab599a7669cff0cfa31c3471eb3a60c227837fc6f635907ed
# warmups=6
# runs=12
# rotation=all_six_permutations
# artifact_seal_sha256=833c1f1045e22844176b7197cd0c0980caef763484a96a17a170eeddc1f619d9
# count=4000
# frames=480
# simulation_delta=1_over_60_seconds
# presentation=immediate
# event=warmup,1,1,silex
SILEX_GFX_BOIDS count=4000 frames=480 fixed_delta=0.016666668 state_step=4 initial_px=35257.152 initial_py=876.7111 initial_vx=2641.7236 initial_vy=-3634.7185 initial_p2=460425180.0 initial_v2=26166674.0 state_px=33454.676 state_py=7233.883 state_vx=2280.809 state_vy=-3732.7944 state_p2=460473950.0 state_v2=25559348.0 present=immediate fps=89.036354 window=960.0x640.0 pixels=1920.0x1280.0 scale=2.0 density=2.0
# event=warmup,1,2,cpp-architectural
CPP_ARCHITECTURAL_BOIDS count=4000 frames=480 fixed_delta=0.0166666675 state_step=4 initial_px=35257.1523 initial_py=876.711121 initial_vx=2641.72363 initial_vy=-3634.71851 initial_p2=460425184 initial_v2=26166674 state_px=33454.6758 state_py=7233.88281 state_vx=2280.80762 state_vy=-3732.79395 state_p2=460473952 state_v2=25559354 ecs=entt renderer=sdl_gpu present=immediate fps=89.03495 window=960x640 pixels=1920x1280 scale=2.00000 density=2.00000
# event=warmup,1,3,cpp-direct
CPP_DIRECT_BOIDS count=4000 frames=480 fixed_delta=0.0166666675 state_step=4 initial_px=35257.1523 initial_py=876.711121 initial_vx=2641.72363 initial_vy=-3634.71851 initial_p2=460425184 initial_v2=26166674 state_px=33454.6758 state_py=7233.88281 state_vx=2280.80811 state_vy=-3732.79395 state_p2=460473952 state_v2=25559358 present=immediate fps=86.73759 window=960x640 pixels=1920x1280 scale=2.00000 density=2.00000
# event=warmup,2,1,silex
SILEX_GFX_BOIDS count=4000 frames=480 fixed_delta=0.016666668 state_step=4 initial_px=35257.152 initial_py=876.7111 initial_vx=2641.7236 initial_vy=-3634.7185 initial_p2=460425180.0 initial_v2=26166674.0 state_px=33454.676 state_py=7233.883 state_vx=2280.809 state_vy=-3732.7944 state_p2=460473950.0 state_v2=25559348.0 present=immediate fps=87.80026 window=960.0x640.0 pixels=1920.0x1280.0 scale=2.0 density=2.0
# event=warmup,2,2,cpp-direct
CPP_DIRECT_BOIDS count=4000 frames=480 fixed_delta=0.0166666675 state_step=4 initial_px=35257.1523 initial_py=876.711121 initial_vx=2641.72363 initial_vy=-3634.71851 initial_p2=460425184 initial_v2=26166674 state_px=33454.6758 state_py=7233.88281 state_vx=2280.80811 state_vy=-3732.79395 state_p2=460473952 state_v2=25559358 present=immediate fps=86.57113 window=960x640 pixels=1920x1280 scale=2.00000 density=2.00000
# event=warmup,2,3,cpp-architectural
CPP_ARCHITECTURAL_BOIDS count=4000 frames=480 fixed_delta=0.0166666675 state_step=4 initial_px=35257.1523 initial_py=876.711121 initial_vx=2641.72363 initial_vy=-3634.71851 initial_p2=460425184 initial_v2=26166674 state_px=33454.6758 state_py=7233.88281 state_vx=2280.80762 state_vy=-3732.79395 state_p2=460473952 state_v2=25559354 ecs=entt renderer=sdl_gpu present=immediate fps=89.11288 window=960x640 pixels=1920x1280 scale=2.00000 density=2.00000
# event=warmup,3,1,cpp-architectural
CPP_ARCHITECTURAL_BOIDS count=4000 frames=480 fixed_delta=0.0166666675 state_step=4 initial_px=35257.1523 initial_py=876.711121 initial_vx=2641.72363 initial_vy=-3634.71851 initial_p2=460425184 initial_v2=26166674 state_px=33454.6758 state_py=7233.88281 state_vx=2280.80762 state_vy=-3732.79395 state_p2=460473952 state_v2=25559354 ecs=entt renderer=sdl_gpu present=immediate fps=89.08478 window=960x640 pixels=1920x1280 scale=2.00000 density=2.00000
# event=warmup,3,2,silex
SILEX_GFX_BOIDS count=4000 frames=480 fixed_delta=0.016666668 state_step=4 initial_px=35257.152 initial_py=876.7111 initial_vx=2641.7236 initial_vy=-3634.7185 initial_p2=460425180.0 initial_v2=26166674.0 state_px=33454.676 state_py=7233.883 state_vx=2280.809 state_vy=-3732.7944 state_p2=460473950.0 state_v2=25559348.0 present=immediate fps=87.780655 window=960.0x640.0 pixels=1920.0x1280.0 scale=2.0 density=2.0
# event=warmup,3,3,cpp-direct
CPP_DIRECT_BOIDS count=4000 frames=480 fixed_delta=0.0166666675 state_step=4 initial_px=35257.1523 initial_py=876.711121 initial_vx=2641.72363 initial_vy=-3634.71851 initial_p2=460425184 initial_v2=26166674 state_px=33454.6758 state_py=7233.88281 state_vx=2280.80811 state_vy=-3732.79395 state_p2=460473952 state_v2=25559358 present=immediate fps=86.91300 window=960x640 pixels=1920x1280 scale=2.00000 density=2.00000
# event=warmup,4,1,cpp-architectural
CPP_ARCHITECTURAL_BOIDS count=4000 frames=480 fixed_delta=0.0166666675 state_step=4 initial_px=35257.1523 initial_py=876.711121 initial_vx=2641.72363 initial_vy=-3634.71851 initial_p2=460425184 initial_v2=26166674 state_px=33454.6758 state_py=7233.88281 state_vx=2280.80762 state_vy=-3732.79395 state_p2=460473952 state_v2=25559354 ecs=entt renderer=sdl_gpu present=immediate fps=89.02046 window=960x640 pixels=1920x1280 scale=2.00000 density=2.00000
# event=warmup,4,2,cpp-direct
CPP_DIRECT_BOIDS count=4000 frames=480 fixed_delta=0.0166666675 state_step=4 initial_px=35257.1523 initial_py=876.711121 initial_vx=2641.72363 initial_vy=-3634.71851 initial_p2=460425184 initial_v2=26166674 state_px=33454.6758 state_py=7233.88281 state_vx=2280.80811 state_vy=-3732.79395 state_p2=460473952 state_v2=25559358 present=immediate fps=86.88509 window=960x640 pixels=1920x1280 scale=2.00000 density=2.00000
# event=warmup,4,3,silex
SILEX_GFX_BOIDS count=4000 frames=480 fixed_delta=0.016666668 state_step=4 initial_px=35257.152 initial_py=876.7111 initial_vx=2641.7236 initial_vy=-3634.7185 initial_p2=460425180.0 initial_v2=26166674.0 state_px=33454.676 state_py=7233.883 state_vx=2280.809 state_vy=-3732.7944 state_p2=460473950.0 state_v2=25559348.0 present=immediate fps=87.80237 window=960.0x640.0 pixels=1920.0x1280.0 scale=2.0 density=2.0
# event=warmup,5,1,cpp-direct
CPP_DIRECT_BOIDS count=4000 frames=480 fixed_delta=0.0166666675 state_step=4 initial_px=35257.1523 initial_py=876.711121 initial_vx=2641.72363 initial_vy=-3634.71851 initial_p2=460425184 initial_v2=26166674 state_px=33454.6758 state_py=7233.88281 state_vx=2280.80811 state_vy=-3732.79395 state_p2=460473952 state_v2=25559358 present=immediate fps=86.91211 window=960x640 pixels=1920x1280 scale=2.00000 density=2.00000
# event=warmup,5,2,silex
SILEX_GFX_BOIDS count=4000 frames=480 fixed_delta=0.016666668 state_step=4 initial_px=35257.152 initial_py=876.7111 initial_vx=2641.7236 initial_vy=-3634.7185 initial_p2=460425180.0 initial_v2=26166674.0 state_px=33454.676 state_py=7233.883 state_vx=2280.809 state_vy=-3732.7944 state_p2=460473950.0 state_v2=25559348.0 present=immediate fps=87.89876 window=960.0x640.0 pixels=1920.0x1280.0 scale=2.0 density=2.0
# event=warmup,5,3,cpp-architectural
CPP_ARCHITECTURAL_BOIDS count=4000 frames=480 fixed_delta=0.0166666675 state_step=4 initial_px=35257.1523 initial_py=876.711121 initial_vx=2641.72363 initial_vy=-3634.71851 initial_p2=460425184 initial_v2=26166674 state_px=33454.6758 state_py=7233.88281 state_vx=2280.80762 state_vy=-3732.79395 state_p2=460473952 state_v2=25559354 ecs=entt renderer=sdl_gpu present=immediate fps=88.73681 window=960x640 pixels=1920x1280 scale=2.00000 density=2.00000
# event=warmup,6,1,cpp-direct
CPP_DIRECT_BOIDS count=4000 frames=480 fixed_delta=0.0166666675 state_step=4 initial_px=35257.1523 initial_py=876.711121 initial_vx=2641.72363 initial_vy=-3634.71851 initial_p2=460425184 initial_v2=26166674 state_px=33454.6758 state_py=7233.88281 state_vx=2280.80811 state_vy=-3732.79395 state_p2=460473952 state_v2=25559358 present=immediate fps=86.86992 window=960x640 pixels=1920x1280 scale=2.00000 density=2.00000
# event=warmup,6,2,cpp-architectural
CPP_ARCHITECTURAL_BOIDS count=4000 frames=480 fixed_delta=0.0166666675 state_step=4 initial_px=35257.1523 initial_py=876.711121 initial_vx=2641.72363 initial_vy=-3634.71851 initial_p2=460425184 initial_v2=26166674 state_px=33454.6758 state_py=7233.88281 state_vx=2280.80762 state_vy=-3732.79395 state_p2=460473952 state_v2=25559354 ecs=entt renderer=sdl_gpu present=immediate fps=88.96706 window=960x640 pixels=1920x1280 scale=2.00000 density=2.00000
# event=warmup,6,3,silex
SILEX_GFX_BOIDS count=4000 frames=480 fixed_delta=0.016666668 state_step=4 initial_px=35257.152 initial_py=876.7111 initial_vx=2641.7236 initial_vy=-3634.7185 initial_p2=460425180.0 initial_v2=26166674.0 state_px=33454.676 state_py=7233.883 state_vx=2280.809 state_vy=-3732.7944 state_p2=460473950.0 state_v2=25559348.0 present=immediate fps=87.915955 window=960.0x640.0 pixels=1920.0x1280.0 scale=2.0 density=2.0
# event=sample,7,1,silex
SILEX_GFX_BOIDS count=4000 frames=480 fixed_delta=0.016666668 state_step=4 initial_px=35257.152 initial_py=876.7111 initial_vx=2641.7236 initial_vy=-3634.7185 initial_p2=460425180.0 initial_v2=26166674.0 state_px=33454.676 state_py=7233.883 state_vx=2280.809 state_vy=-3732.7944 state_p2=460473950.0 state_v2=25559348.0 present=immediate fps=87.8928 window=960.0x640.0 pixels=1920.0x1280.0 scale=2.0 density=2.0
# event=sample,7,2,cpp-architectural
CPP_ARCHITECTURAL_BOIDS count=4000 frames=480 fixed_delta=0.0166666675 state_step=4 initial_px=35257.1523 initial_py=876.711121 initial_vx=2641.72363 initial_vy=-3634.71851 initial_p2=460425184 initial_v2=26166674 state_px=33454.6758 state_py=7233.88281 state_vx=2280.80762 state_vy=-3732.79395 state_p2=460473952 state_v2=25559354 ecs=entt renderer=sdl_gpu present=immediate fps=89.05882 window=960x640 pixels=1920x1280 scale=2.00000 density=2.00000
# event=sample,7,3,cpp-direct
CPP_DIRECT_BOIDS count=4000 frames=480 fixed_delta=0.0166666675 state_step=4 initial_px=35257.1523 initial_py=876.711121 initial_vx=2641.72363 initial_vy=-3634.71851 initial_p2=460425184 initial_v2=26166674 state_px=33454.6758 state_py=7233.88281 state_vx=2280.80811 state_vy=-3732.79395 state_p2=460473952 state_v2=25559358 present=immediate fps=86.75356 window=960x640 pixels=1920x1280 scale=2.00000 density=2.00000
# event=sample,8,1,silex
SILEX_GFX_BOIDS count=4000 frames=480 fixed_delta=0.016666668 state_step=4 initial_px=35257.152 initial_py=876.7111 initial_vx=2641.7236 initial_vy=-3634.7185 initial_p2=460425180.0 initial_v2=26166674.0 state_px=33454.676 state_py=7233.883 state_vx=2280.809 state_vy=-3732.7944 state_p2=460473950.0 state_v2=25559348.0 present=immediate fps=88.223236 window=960.0x640.0 pixels=1920.0x1280.0 scale=2.0 density=2.0
# event=sample,8,2,cpp-direct
CPP_DIRECT_BOIDS count=4000 frames=480 fixed_delta=0.0166666675 state_step=4 initial_px=35257.1523 initial_py=876.711121 initial_vx=2641.72363 initial_vy=-3634.71851 initial_p2=460425184 initial_v2=26166674 state_px=33454.6758 state_py=7233.88281 state_vx=2280.80811 state_vy=-3732.79395 state_p2=460473952 state_v2=25559358 present=immediate fps=86.76328 window=960x640 pixels=1920x1280 scale=2.00000 density=2.00000
# event=sample,8,3,cpp-architectural
CPP_ARCHITECTURAL_BOIDS count=4000 frames=480 fixed_delta=0.0166666675 state_step=4 initial_px=35257.1523 initial_py=876.711121 initial_vx=2641.72363 initial_vy=-3634.71851 initial_p2=460425184 initial_v2=26166674 state_px=33454.6758 state_py=7233.88281 state_vx=2280.80762 state_vy=-3732.79395 state_p2=460473952 state_v2=25559354 ecs=entt renderer=sdl_gpu present=immediate fps=88.87046 window=960x640 pixels=1920x1280 scale=2.00000 density=2.00000
# event=sample,9,1,cpp-architectural
CPP_ARCHITECTURAL_BOIDS count=4000 frames=480 fixed_delta=0.0166666675 state_step=4 initial_px=35257.1523 initial_py=876.711121 initial_vx=2641.72363 initial_vy=-3634.71851 initial_p2=460425184 initial_v2=26166674 state_px=33454.6758 state_py=7233.88281 state_vx=2280.80762 state_vy=-3732.79395 state_p2=460473952 state_v2=25559354 ecs=entt renderer=sdl_gpu present=immediate fps=89.16020 window=960x640 pixels=1920x1280 scale=2.00000 density=2.00000
# event=sample,9,2,silex
SILEX_GFX_BOIDS count=4000 frames=480 fixed_delta=0.016666668 state_step=4 initial_px=35257.152 initial_py=876.7111 initial_vx=2641.7236 initial_vy=-3634.7185 initial_p2=460425180.0 initial_v2=26166674.0 state_px=33454.676 state_py=7233.883 state_vx=2280.809 state_vy=-3732.7944 state_p2=460473950.0 state_v2=25559348.0 present=immediate fps=87.63196 window=960.0x640.0 pixels=1920.0x1280.0 scale=2.0 density=2.0
# event=sample,9,3,cpp-direct
CPP_DIRECT_BOIDS count=4000 frames=480 fixed_delta=0.0166666675 state_step=4 initial_px=35257.1523 initial_py=876.711121 initial_vx=2641.72363 initial_vy=-3634.71851 initial_p2=460425184 initial_v2=26166674 state_px=33454.6758 state_py=7233.88281 state_vx=2280.80811 state_vy=-3732.79395 state_p2=460473952 state_v2=25559358 present=immediate fps=86.80900 window=960x640 pixels=1920x1280 scale=2.00000 density=2.00000
# event=sample,10,1,cpp-architectural
CPP_ARCHITECTURAL_BOIDS count=4000 frames=480 fixed_delta=0.0166666675 state_step=4 initial_px=35257.1523 initial_py=876.711121 initial_vx=2641.72363 initial_vy=-3634.71851 initial_p2=460425184 initial_v2=26166674 state_px=33454.6758 state_py=7233.88281 state_vx=2280.80762 state_vy=-3732.79395 state_p2=460473952 state_v2=25559354 ecs=entt renderer=sdl_gpu present=immediate fps=88.65065 window=960x640 pixels=1920x1280 scale=2.00000 density=2.00000
# event=sample,10,2,cpp-direct
CPP_DIRECT_BOIDS count=4000 frames=480 fixed_delta=0.0166666675 state_step=4 initial_px=35257.1523 initial_py=876.711121 initial_vx=2641.72363 initial_vy=-3634.71851 initial_p2=460425184 initial_v2=26166674 state_px=33454.6758 state_py=7233.88281 state_vx=2280.80811 state_vy=-3732.79395 state_p2=460473952 state_v2=25559358 present=immediate fps=86.71532 window=960x640 pixels=1920x1280 scale=2.00000 density=2.00000
# event=sample,10,3,silex
SILEX_GFX_BOIDS count=4000 frames=480 fixed_delta=0.016666668 state_step=4 initial_px=35257.152 initial_py=876.7111 initial_vx=2641.7236 initial_vy=-3634.7185 initial_p2=460425180.0 initial_v2=26166674.0 state_px=33454.676 state_py=7233.883 state_vx=2280.809 state_vy=-3732.7944 state_p2=460473950.0 state_v2=25559348.0 present=immediate fps=87.58149 window=960.0x640.0 pixels=1920.0x1280.0 scale=2.0 density=2.0
# event=sample,11,1,cpp-direct
CPP_DIRECT_BOIDS count=4000 frames=480 fixed_delta=0.0166666675 state_step=4 initial_px=35257.1523 initial_py=876.711121 initial_vx=2641.72363 initial_vy=-3634.71851 initial_p2=460425184 initial_v2=26166674 state_px=33454.6758 state_py=7233.88281 state_vx=2280.80811 state_vy=-3732.79395 state_p2=460473952 state_v2=25559358 present=immediate fps=86.80308 window=960x640 pixels=1920x1280 scale=2.00000 density=2.00000
# event=sample,11,2,silex
SILEX_GFX_BOIDS count=4000 frames=480 fixed_delta=0.016666668 state_step=4 initial_px=35257.152 initial_py=876.7111 initial_vx=2641.7236 initial_vy=-3634.7185 initial_p2=460425180.0 initial_v2=26166674.0 state_px=33454.676 state_py=7233.883 state_vx=2280.809 state_vy=-3732.7944 state_p2=460473950.0 state_v2=25559348.0 present=immediate fps=87.641106 window=960.0x640.0 pixels=1920.0x1280.0 scale=2.0 density=2.0
# event=sample,11,3,cpp-architectural
CPP_ARCHITECTURAL_BOIDS count=4000 frames=480 fixed_delta=0.0166666675 state_step=4 initial_px=35257.1523 initial_py=876.711121 initial_vx=2641.72363 initial_vy=-3634.71851 initial_p2=460425184 initial_v2=26166674 state_px=33454.6758 state_py=7233.88281 state_vx=2280.80762 state_vy=-3732.79395 state_p2=460473952 state_v2=25559354 ecs=entt renderer=sdl_gpu present=immediate fps=89.02108 window=960x640 pixels=1920x1280 scale=2.00000 density=2.00000
# event=sample,12,1,cpp-direct
CPP_DIRECT_BOIDS count=4000 frames=480 fixed_delta=0.0166666675 state_step=4 initial_px=35257.1523 initial_py=876.711121 initial_vx=2641.72363 initial_vy=-3634.71851 initial_p2=460425184 initial_v2=26166674 state_px=33454.6758 state_py=7233.88281 state_vx=2280.80811 state_vy=-3732.79395 state_p2=460473952 state_v2=25559358 present=immediate fps=86.76800 window=960x640 pixels=1920x1280 scale=2.00000 density=2.00000
# event=sample,12,2,cpp-architectural
CPP_ARCHITECTURAL_BOIDS count=4000 frames=480 fixed_delta=0.0166666675 state_step=4 initial_px=35257.1523 initial_py=876.711121 initial_vx=2641.72363 initial_vy=-3634.71851 initial_p2=460425184 initial_v2=26166674 state_px=33454.6758 state_py=7233.88281 state_vx=2280.80762 state_vy=-3732.79395 state_p2=460473952 state_v2=25559354 ecs=entt renderer=sdl_gpu present=immediate fps=89.08195 window=960x640 pixels=1920x1280 scale=2.00000 density=2.00000
# event=sample,12,3,silex
SILEX_GFX_BOIDS count=4000 frames=480 fixed_delta=0.016666668 state_step=4 initial_px=35257.152 initial_py=876.7111 initial_vx=2641.7236 initial_vy=-3634.7185 initial_p2=460425180.0 initial_v2=26166674.0 state_px=33454.676 state_py=7233.883 state_vx=2280.809 state_vy=-3732.7944 state_p2=460473950.0 state_v2=25559348.0 present=immediate fps=87.7573 window=960.0x640.0 pixels=1920.0x1280.0 scale=2.0 density=2.0
# event=sample,13,1,silex
SILEX_GFX_BOIDS count=4000 frames=480 fixed_delta=0.016666668 state_step=4 initial_px=35257.152 initial_py=876.7111 initial_vx=2641.7236 initial_vy=-3634.7185 initial_p2=460425180.0 initial_v2=26166674.0 state_px=33454.676 state_py=7233.883 state_vx=2280.809 state_vy=-3732.7944 state_p2=460473950.0 state_v2=25559348.0 present=immediate fps=87.5768 window=960.0x640.0 pixels=1920.0x1280.0 scale=2.0 density=2.0
# event=sample,13,2,cpp-architectural
CPP_ARCHITECTURAL_BOIDS count=4000 frames=480 fixed_delta=0.0166666675 state_step=4 initial_px=35257.1523 initial_py=876.711121 initial_vx=2641.72363 initial_vy=-3634.71851 initial_p2=460425184 initial_v2=26166674 state_px=33454.6758 state_py=7233.88281 state_vx=2280.80762 state_vy=-3732.79395 state_p2=460473952 state_v2=25559354 ecs=entt renderer=sdl_gpu present=immediate fps=88.78985 window=960x640 pixels=1920x1280 scale=2.00000 density=2.00000
# event=sample,13,3,cpp-direct
CPP_DIRECT_BOIDS count=4000 frames=480 fixed_delta=0.0166666675 state_step=4 initial_px=35257.1523 initial_py=876.711121 initial_vx=2641.72363 initial_vy=-3634.71851 initial_p2=460425184 initial_v2=26166674 state_px=33454.6758 state_py=7233.88281 state_vx=2280.80811 state_vy=-3732.79395 state_p2=460473952 state_v2=25559358 present=immediate fps=86.69772 window=960x640 pixels=1920x1280 scale=2.00000 density=2.00000
# event=sample,14,1,silex
SILEX_GFX_BOIDS count=4000 frames=480 fixed_delta=0.016666668 state_step=4 initial_px=35257.152 initial_py=876.7111 initial_vx=2641.7236 initial_vy=-3634.7185 initial_p2=460425180.0 initial_v2=26166674.0 state_px=33454.676 state_py=7233.883 state_vx=2280.809 state_vy=-3732.7944 state_p2=460473950.0 state_v2=25559348.0 present=immediate fps=87.52179 window=960.0x640.0 pixels=1920.0x1280.0 scale=2.0 density=2.0
# event=sample,14,2,cpp-direct
CPP_DIRECT_BOIDS count=4000 frames=480 fixed_delta=0.0166666675 state_step=4 initial_px=35257.1523 initial_py=876.711121 initial_vx=2641.72363 initial_vy=-3634.71851 initial_p2=460425184 initial_v2=26166674 state_px=33454.6758 state_py=7233.88281 state_vx=2280.80811 state_vy=-3732.79395 state_p2=460473952 state_v2=25559358 present=immediate fps=86.78134 window=960x640 pixels=1920x1280 scale=2.00000 density=2.00000
# event=sample,14,3,cpp-architectural
CPP_ARCHITECTURAL_BOIDS count=4000 frames=480 fixed_delta=0.0166666675 state_step=4 initial_px=35257.1523 initial_py=876.711121 initial_vx=2641.72363 initial_vy=-3634.71851 initial_p2=460425184 initial_v2=26166674 state_px=33454.6758 state_py=7233.88281 state_vx=2280.80762 state_vy=-3732.79395 state_p2=460473952 state_v2=25559354 ecs=entt renderer=sdl_gpu present=immediate fps=89.08717 window=960x640 pixels=1920x1280 scale=2.00000 density=2.00000
# event=sample,15,1,cpp-architectural
CPP_ARCHITECTURAL_BOIDS count=4000 frames=480 fixed_delta=0.0166666675 state_step=4 initial_px=35257.1523 initial_py=876.711121 initial_vx=2641.72363 initial_vy=-3634.71851 initial_p2=460425184 initial_v2=26166674 state_px=33454.6758 state_py=7233.88281 state_vx=2280.80762 state_vy=-3732.79395 state_p2=460473952 state_v2=25559354 ecs=entt renderer=sdl_gpu present=immediate fps=89.06710 window=960x640 pixels=1920x1280 scale=2.00000 density=2.00000
# event=sample,15,2,silex
SILEX_GFX_BOIDS count=4000 frames=480 fixed_delta=0.016666668 state_step=4 initial_px=35257.152 initial_py=876.7111 initial_vx=2641.7236 initial_vy=-3634.7185 initial_p2=460425180.0 initial_v2=26166674.0 state_px=33454.676 state_py=7233.883 state_vx=2280.809 state_vy=-3732.7944 state_p2=460473950.0 state_v2=25559348.0 present=immediate fps=88.96871 window=960.0x640.0 pixels=1920.0x1280.0 scale=2.0 density=2.0
# event=sample,15,3,cpp-direct
CPP_DIRECT_BOIDS count=4000 frames=480 fixed_delta=0.0166666675 state_step=4 initial_px=35257.1523 initial_py=876.711121 initial_vx=2641.72363 initial_vy=-3634.71851 initial_p2=460425184 initial_v2=26166674 state_px=33454.6758 state_py=7233.88281 state_vx=2280.80811 state_vy=-3732.79395 state_p2=460473952 state_v2=25559358 present=immediate fps=86.85335 window=960x640 pixels=1920x1280 scale=2.00000 density=2.00000
# event=sample,16,1,cpp-architectural
CPP_ARCHITECTURAL_BOIDS count=4000 frames=480 fixed_delta=0.0166666675 state_step=4 initial_px=35257.1523 initial_py=876.711121 initial_vx=2641.72363 initial_vy=-3634.71851 initial_p2=460425184 initial_v2=26166674 state_px=33454.6758 state_py=7233.88281 state_vx=2280.80762 state_vy=-3732.79395 state_p2=460473952 state_v2=25559354 ecs=entt renderer=sdl_gpu present=immediate fps=88.88777 window=960x640 pixels=1920x1280 scale=2.00000 density=2.00000
# event=sample,16,2,cpp-direct
CPP_DIRECT_BOIDS count=4000 frames=480 fixed_delta=0.0166666675 state_step=4 initial_px=35257.1523 initial_py=876.711121 initial_vx=2641.72363 initial_vy=-3634.71851 initial_p2=460425184 initial_v2=26166674 state_px=33454.6758 state_py=7233.88281 state_vx=2280.80811 state_vy=-3732.79395 state_p2=460473952 state_v2=25559358 present=immediate fps=86.89268 window=960x640 pixels=1920x1280 scale=2.00000 density=2.00000
# event=sample,16,3,silex
SILEX_GFX_BOIDS count=4000 frames=480 fixed_delta=0.016666668 state_step=4 initial_px=35257.152 initial_py=876.7111 initial_vx=2641.7236 initial_vy=-3634.7185 initial_p2=460425180.0 initial_v2=26166674.0 state_px=33454.676 state_py=7233.883 state_vx=2280.809 state_vy=-3732.7944 state_p2=460473950.0 state_v2=25559348.0 present=immediate fps=88.63913 window=960.0x640.0 pixels=1920.0x1280.0 scale=2.0 density=2.0
# event=sample,17,1,cpp-direct
CPP_DIRECT_BOIDS count=4000 frames=480 fixed_delta=0.0166666675 state_step=4 initial_px=35257.1523 initial_py=876.711121 initial_vx=2641.72363 initial_vy=-3634.71851 initial_p2=460425184 initial_v2=26166674 state_px=33454.6758 state_py=7233.88281 state_vx=2280.80811 state_vy=-3732.79395 state_p2=460473952 state_v2=25559358 present=immediate fps=86.90640 window=960x640 pixels=1920x1280 scale=2.00000 density=2.00000
# event=sample,17,2,silex
SILEX_GFX_BOIDS count=4000 frames=480 fixed_delta=0.016666668 state_step=4 initial_px=35257.152 initial_py=876.7111 initial_vx=2641.7236 initial_vy=-3634.7185 initial_p2=460425180.0 initial_v2=26166674.0 state_px=33454.676 state_py=7233.883 state_vx=2280.809 state_vy=-3732.7944 state_p2=460473950.0 state_v2=25559348.0 present=immediate fps=88.39881 window=960.0x640.0 pixels=1920.0x1280.0 scale=2.0 density=2.0
# event=sample,17,3,cpp-architectural
CPP_ARCHITECTURAL_BOIDS count=4000 frames=480 fixed_delta=0.0166666675 state_step=4 initial_px=35257.1523 initial_py=876.711121 initial_vx=2641.72363 initial_vy=-3634.71851 initial_p2=460425184 initial_v2=26166674 state_px=33454.6758 state_py=7233.88281 state_vx=2280.80762 state_vy=-3732.79395 state_p2=460473952 state_v2=25559354 ecs=entt renderer=sdl_gpu present=immediate fps=88.85176 window=960x640 pixels=1920x1280 scale=2.00000 density=2.00000
# event=sample,18,1,cpp-direct
CPP_DIRECT_BOIDS count=4000 frames=480 fixed_delta=0.0166666675 state_step=4 initial_px=35257.1523 initial_py=876.711121 initial_vx=2641.72363 initial_vy=-3634.71851 initial_p2=460425184 initial_v2=26166674 state_px=33454.6758 state_py=7233.88281 state_vx=2280.80811 state_vy=-3732.79395 state_p2=460473952 state_v2=25559358 present=immediate fps=86.95529 window=960x640 pixels=1920x1280 scale=2.00000 density=2.00000
# event=sample,18,2,cpp-architectural
CPP_ARCHITECTURAL_BOIDS count=4000 frames=480 fixed_delta=0.0166666675 state_step=4 initial_px=35257.1523 initial_py=876.711121 initial_vx=2641.72363 initial_vy=-3634.71851 initial_p2=460425184 initial_v2=26166674 state_px=33454.6758 state_py=7233.88281 state_vx=2280.80762 state_vy=-3732.79395 state_p2=460473952 state_v2=25559354 ecs=entt renderer=sdl_gpu present=immediate fps=89.11877 window=960x640 pixels=1920x1280 scale=2.00000 density=2.00000
# event=sample,18,3,silex
SILEX_GFX_BOIDS count=4000 frames=480 fixed_delta=0.016666668 state_step=4 initial_px=35257.152 initial_py=876.7111 initial_vx=2641.7236 initial_vy=-3634.7185 initial_p2=460425180.0 initial_v2=26166674.0 state_px=33454.676 state_py=7233.883 state_vx=2280.809 state_vy=-3732.7944 state_p2=460473950.0 state_v2=25559348.0 present=immediate fps=88.86818 window=960.0x640.0 pixels=1920.0x1280.0 scale=2.0 density=2.0
