# captured=2026-09-06T13:14:30+0200
# host_model=Mac15,7
# cpu=Apple_M3_Pro
# memory_bytes=19327352832
# os=macOS_26.6.2_25G83
# architecture=arm64
# source_repositories_dirty=false
# waited_for_competing_workloads=true
# silex_mode=release_default
# cpp_mode=Release
# silex_version=0.43.0
# benchmarks_commit=f7639c0c00146ab3ec55a305a51c49bbcc4bc45b
# silex_toolchain_commit=bb18abfe1ff940d975cacf0a209e10dd889d3dd0
# gfx_version=0.39.1
# gfx_source=workspace-link
# std_version=0.21.0
# std_source=workspace-link
# gfx_assets_version=0.2.2
# gfx_assets_source=workspace-link
# json_version=0.2.1
# json_source=workspace-link
# gfx_canvas_version=0.3.1
# gfx_canvas_source=workspace-link
# gfx_font_version=0.1.0
# gfx_font_source=workspace-link
# gfx_ecs_version=0.2.2
# gfx_ecs_source=workspace-link
# gfx_gpu_version=0.2.1
# gfx_gpu_source=workspace-link
# gfx_physics_version=0.5.1
# gfx_physics_source=workspace-link
# gfx_application_version=0.1.0
# gfx_application_source=workspace-link
# gfx_scene2d_version=0.2.3
# gfx_scene2d_source=workspace-link
# gfx_rendering_version=0.3.1
# gfx_rendering_source=workspace-link
# gfx_scene3d_version=0.2.2
# gfx_scene3d_source=workspace-link
# gfx_stats_version=0.3.1
# gfx_stats_source=workspace-link
# gfx_ui_version=0.1.1
# gfx_ui_source=workspace-link
# gfx_ui_terminal_version=0.1.1
# gfx_ui_terminal_source=workspace-link
# gfx_viewer_version=0.3.1
# gfx_viewer_source=workspace-link
# gfx_webview_version=0.4.1
# gfx_webview_source=workspace-link
# sync_version=0.1.1
# sync_source=workspace-link
# cpp_compiler=Apple_clang_version_21.0.0_clang-2100.1.1.101
# cmake_version=3.31.2
# sdl_version=3.4.8
# entt_revision=85c6bba014049b5de8fad49d25424df2f1f6a8c1
# protocol=1_discarded_warmups_per_executable_then_7_isolated_rotated_five_second_runs
# rotation=silex_cpp-architectural_cpp-direct
# count=4000
# presentation=immediate
# round=1
SILEX_GFX_BOIDS count=4000 present=immediate fps=83.777084 window=960.0x640.0 pixels=1920.0x1280.0 scale=2.0 density=2.0
CPP_ARCHITECTURAL_BOIDS count=4000 ecs=entt renderer=sdl_gpu present=immediate fps=87.49726 window=960x640 pixels=1920x1280 scale=2.00000 density=2.00000
CPP_DIRECT_BOIDS count=4000 present=immediate fps=86.11972 window=960x640 pixels=1920x1280 scale=2.00000 density=2.00000
# round=2
SILEX_GFX_BOIDS count=4000 present=immediate fps=82.76104 window=960.0x640.0 pixels=1920.0x1280.0 scale=2.0 density=2.0
CPP_ARCHITECTURAL_BOIDS count=4000 ecs=entt renderer=sdl_gpu present=immediate fps=88.78550 window=960x640 pixels=1920x1280 scale=2.00000 density=2.00000
CPP_DIRECT_BOIDS count=4000 present=immediate fps=87.95398 window=960x640 pixels=1920x1280 scale=2.00000 density=2.00000
# round=3
SILEX_GFX_BOIDS count=4000 present=immediate fps=83.0089 window=960.0x640.0 pixels=1920.0x1280.0 scale=2.0 density=2.0
CPP_ARCHITECTURAL_BOIDS count=4000 ecs=entt renderer=sdl_gpu present=immediate fps=89.27826 window=960x640 pixels=1920x1280 scale=2.00000 density=2.00000
CPP_DIRECT_BOIDS count=4000 present=immediate fps=87.89749 window=960x640 pixels=1920x1280 scale=2.00000 density=2.00000
# round=4
SILEX_GFX_BOIDS count=4000 present=immediate fps=82.77943 window=960.0x640.0 pixels=1920.0x1280.0 scale=2.0 density=2.0
CPP_ARCHITECTURAL_BOIDS count=4000 ecs=entt renderer=sdl_gpu present=immediate fps=89.05532 window=960x640 pixels=1920x1280 scale=2.00000 density=2.00000
CPP_DIRECT_BOIDS count=4000 present=immediate fps=87.80799 window=960x640 pixels=1920x1280 scale=2.00000 density=2.00000
# round=5
SILEX_GFX_BOIDS count=4000 present=immediate fps=82.994545 window=960.0x640.0 pixels=1920.0x1280.0 scale=2.0 density=2.0
CPP_ARCHITECTURAL_BOIDS count=4000 ecs=entt renderer=sdl_gpu present=immediate fps=88.69604 window=960x640 pixels=1920x1280 scale=2.00000 density=2.00000
CPP_DIRECT_BOIDS count=4000 present=immediate fps=86.13914 window=960x640 pixels=1920x1280 scale=2.00000 density=2.00000
# round=6
SILEX_GFX_BOIDS count=4000 present=immediate fps=82.31469 window=960.0x640.0 pixels=1920.0x1280.0 scale=2.0 density=2.0
CPP_ARCHITECTURAL_BOIDS count=4000 ecs=entt renderer=sdl_gpu present=immediate fps=88.65936 window=960x640 pixels=1920x1280 scale=2.00000 density=2.00000
CPP_DIRECT_BOIDS count=4000 present=immediate fps=86.08075 window=960x640 pixels=1920x1280 scale=2.00000 density=2.00000
# round=7
SILEX_GFX_BOIDS count=4000 present=immediate fps=82.48376 window=960.0x640.0 pixels=1920.0x1280.0 scale=2.0 density=2.0
CPP_ARCHITECTURAL_BOIDS count=4000 ecs=entt renderer=sdl_gpu present=immediate fps=87.52941 window=960x640 pixels=1920x1280 scale=2.00000 density=2.00000
CPP_DIRECT_BOIDS count=4000 present=immediate fps=86.69241 window=960x640 pixels=1920x1280 scale=2.00000 density=2.00000
# summary_silex median_fps=82.779430 mad_percent=0.2772 range=82.314690..83.777084 relative_to_architectural_percent=-6.67
# summary_cpp_architectural median_fps=88.696040 mad_percent=0.4051 range=87.497260..89.278260 relative_to_architectural_percent=0.00
# summary_cpp_direct median_fps=86.692410 mad_percent=0.7056 range=86.080750..87.953980 relative_to_architectural_percent=-2.26
