# captured=2026-08-30T12:42:09+0200
# host_model=Mac15,7
# cpu=Apple_M3_Pro
# memory_bytes=19327352832
# os=macOS_26.6.2_25G83
# architecture=arm64
# source_repositories_dirty=true
# waited_for_competing_workloads=true
# silex_mode=release_default
# cpp_mode=Release
# silex_version=0.43.0
# benchmarks_commit=dd2438ee21c84a393d9a9399a58a0ac954184e6d
# silex_toolchain_commit=0bca9855041e3accedd711c9b7b0c3a9c8134ece
# gfx_version=0.39.1
# gfx_source=user-link
# gfx_commit=df98b320b31c92fdb473119daa76eb1b87b46414
# std_version=0.21.0
# std_source=user-link
# std_commit=5a018305fb470dfe00e94466150b3c04f207e252
# gfx_assets_version=0.2.2
# gfx_assets_source=user-link
# gfx_assets_commit=75170e3c260d7901537534afd55b6d9036e22280
# json_version=0.2.1
# json_source=user-link
# json_commit=046f6411f8146eeae1c51dac5f590918997b8541
# gfx_canvas_version=0.3.1
# gfx_canvas_source=user-link
# gfx_canvas_commit=4975f3f8db0628c9bb5740b6f2b77b676599072a
# gfx_ecs_version=0.2.2
# gfx_ecs_source=user-link
# gfx_ecs_commit=0fb019cf2f5bf0fc56078ba0a01618fca868fd87
# gfx_gpu_version=0.2.1
# gfx_gpu_source=user-link
# gfx_gpu_commit=82ff7bda26b914a46155d48f5c122adcc50f3138
# gfx_physics_version=0.5.1
# gfx_physics_source=user-link
# gfx_physics_commit=fdd3cabb8befe4eb1fcf893bc2f7080e443f33af
# gfx_scene2d_version=0.2.3
# gfx_scene2d_source=user-link
# gfx_scene2d_commit=f4e6a76f1b12735f93b99c92b1f4c28b6f73d189
# gfx_application_version=0.1.0
# gfx_application_source=user-link
# gfx_application_commit=e3f5dbea03a52f77eadee713af70b553179197c8
# gfx_rendering_version=0.3.1
# gfx_rendering_source=user-link
# gfx_rendering_commit=f77863b4a6135b0ef634d0a6d7a459fda3c0c342
# gfx_scene3d_version=0.2.2
# gfx_scene3d_source=user-link
# gfx_scene3d_commit=492bdf06a4a4f7352b973a9ad9116adf2f1eb70b
# gfx_stats_version=0.3.1
# gfx_stats_source=user-link
# gfx_stats_commit=2ce7377b97aa838301378c0f19c2628908927815
# gfx_ui_version=0.1.1
# gfx_ui_source=user-link
# gfx_ui_commit=7dfdb404f518dcdbc499a3ead9ee4ad235dcd1bc
# gfx_ui_terminal_version=0.1.1
# gfx_ui_terminal_source=user-link
# gfx_ui_terminal_commit=c39ed8931a5938eab16b7ab838d6b7fe05a23bd4
# gfx_webview_version=0.4.1
# gfx_webview_source=user-link
# gfx_webview_commit=d01862e239bba698cf2ba142a37d4466cd46730c
# sync_version=0.1.1
# sync_source=user-link
# sync_commit=123b73ec70464b90ec9b4848d9bbf19dffb88db6
# cpp_compiler=Apple_clang_version_21.0.0_clang-2100.1.1.101
# cmake_version=3.31.2
# sdl_version=3.4.8
# entt_revision=85c6bba014049b5de8fad49d25424df2f1f6a8c1
# protocol=1_discarded_warmups_per_executable_then_7_isolated_rotated_five_second_runs
# rotation=silex_cpp-architectural_cpp-direct
# count=4000
# presentation=immediate
# round=1
SILEX_GFX_BOIDS count=4000 present=immediate fps=89.4987 window=960.0x640.0 pixels=1920.0x1280.0 scale=2.0 density=2.0
CPP_ARCHITECTURAL_BOIDS count=4000 ecs=entt renderer=sdl_gpu present=immediate fps=91.45077 window=960x640 pixels=1920x1280 scale=2.00000 density=2.00000
CPP_DIRECT_BOIDS count=4000 present=immediate fps=90.08469 window=960x640 pixels=1920x1280 scale=2.00000 density=2.00000
# round=2
SILEX_GFX_BOIDS count=4000 present=immediate fps=88.46461 window=960.0x640.0 pixels=1920.0x1280.0 scale=2.0 density=2.0
CPP_ARCHITECTURAL_BOIDS count=4000 ecs=entt renderer=sdl_gpu present=immediate fps=89.71416 window=960x640 pixels=1920x1280 scale=2.00000 density=2.00000
CPP_DIRECT_BOIDS count=4000 present=immediate fps=88.74612 window=960x640 pixels=1920x1280 scale=2.00000 density=2.00000
# round=3
SILEX_GFX_BOIDS count=4000 present=immediate fps=88.24868 window=960.0x640.0 pixels=1920.0x1280.0 scale=2.0 density=2.0
CPP_ARCHITECTURAL_BOIDS count=4000 ecs=entt renderer=sdl_gpu present=immediate fps=90.33461 window=960x640 pixels=1920x1280 scale=2.00000 density=2.00000
CPP_DIRECT_BOIDS count=4000 present=immediate fps=89.14307 window=960x640 pixels=1920x1280 scale=2.00000 density=2.00000
# round=4
SILEX_GFX_BOIDS count=4000 present=immediate fps=86.431046 window=960.0x640.0 pixels=1920.0x1280.0 scale=2.0 density=2.0
CPP_ARCHITECTURAL_BOIDS count=4000 ecs=entt renderer=sdl_gpu present=immediate fps=86.78388 window=960x640 pixels=1920x1280 scale=2.00000 density=2.00000
CPP_DIRECT_BOIDS count=4000 present=immediate fps=85.96423 window=960x640 pixels=1920x1280 scale=2.00000 density=2.00000
# round=5
SILEX_GFX_BOIDS count=4000 present=immediate fps=86.80784 window=960.0x640.0 pixels=1920.0x1280.0 scale=2.0 density=2.0
CPP_ARCHITECTURAL_BOIDS count=4000 ecs=entt renderer=sdl_gpu present=immediate fps=89.24348 window=960x640 pixels=1920x1280 scale=2.00000 density=2.00000
CPP_DIRECT_BOIDS count=4000 present=immediate fps=86.07819 window=960x640 pixels=1920x1280 scale=2.00000 density=2.00000
# round=6
SILEX_GFX_BOIDS count=4000 present=immediate fps=87.289474 window=960.0x640.0 pixels=1920.0x1280.0 scale=2.0 density=2.0
CPP_ARCHITECTURAL_BOIDS count=4000 ecs=entt renderer=sdl_gpu present=immediate fps=88.00061 window=960x640 pixels=1920x1280 scale=2.00000 density=2.00000
CPP_DIRECT_BOIDS count=4000 present=immediate fps=87.68997 window=960x640 pixels=1920x1280 scale=2.00000 density=2.00000
# round=7
SILEX_GFX_BOIDS count=4000 present=immediate fps=87.04129 window=960.0x640.0 pixels=1920.0x1280.0 scale=2.0 density=2.0
CPP_ARCHITECTURAL_BOIDS count=4000 ecs=entt renderer=sdl_gpu present=immediate fps=88.62976 window=960x640 pixels=1920x1280 scale=2.00000 density=2.00000
CPP_DIRECT_BOIDS count=4000 present=immediate fps=87.50704 window=960x640 pixels=1920x1280 scale=2.00000 density=2.00000
# summary_silex median_fps=87.289474 mad_percent=0.9834 range=86.431046..89.498700 relative_to_architectural_percent=-2.19
# summary_cpp_architectural median_fps=89.243480 mad_percent=1.2226 range=86.783880..91.450770 relative_to_architectural_percent=0.00
# summary_cpp_direct median_fps=87.689970 mad_percent=1.6571 range=85.964230..90.084690 relative_to_architectural_percent=-1.74
